Archive member included to satisfy reference by file (symbol)

c:/progra~2/gnuarm~1/102021~1.10/bin/../lib/gcc/arm-none-eabi/10.3.1/thumb/v6-m/nofp\libgcc.a(_dvmd_tls.o)
                              CMakeFiles/pico_education.dir/C_/Users/Suna/Documents/Pico/pico-sdk/src/rp2_common/pico_divider/divider.S.obj (__aeabi_idiv0)
c:/progra~2/gnuarm~1/102021~1.10/bin/../lib/gcc/arm-none-eabi/10.3.1/../../../../arm-none-eabi/lib/thumb/v6-m/nofp\libg.a(lib_a-calloc.o)
                              CMakeFiles/pico_education.dir/C_/Users/Suna/Documents/Pico/pico-sdk/src/rp2_common/pico_malloc/pico_malloc.c.obj (calloc)
c:/progra~2/gnuarm~1/102021~1.10/bin/../lib/gcc/arm-none-eabi/10.3.1/../../../../arm-none-eabi/lib/thumb/v6-m/nofp\libg.a(lib_a-callocr.o)
                              c:/progra~2/gnuarm~1/102021~1.10/bin/../lib/gcc/arm-none-eabi/10.3.1/../../../../arm-none-eabi/lib/thumb/v6-m/nofp\libg.a(lib_a-calloc.o) (_calloc_r)
c:/progra~2/gnuarm~1/102021~1.10/bin/../lib/gcc/arm-none-eabi/10.3.1/../../../../arm-none-eabi/lib/thumb/v6-m/nofp\libg.a(lib_a-ctype_.o)
                              CMakeFiles/pico_education.dir/C_/Users/Suna/Documents/Pico/pico-sdk/lib/tinyusb/src/tusb.c.obj (_ctype_)
c:/progra~2/gnuarm~1/102021~1.10/bin/../lib/gcc/arm-none-eabi/10.3.1/../../../../arm-none-eabi/lib/thumb/v6-m/nofp\libg.a(lib_a-errno.o)
                              c:/progra~2/gnuarm~1/102021~1.10/bin/../lib/gcc/arm-none-eabi/10.3.1/../../../../arm-none-eabi/lib/thumb/v6-m/nofp\libg.a(lib_a-callocr.o) (__errno)
c:/progra~2/gnuarm~1/102021~1.10/bin/../lib/gcc/arm-none-eabi/10.3.1/../../../../arm-none-eabi/lib/thumb/v6-m/nofp\libg.a(lib_a-impure.o)
                              c:/progra~2/gnuarm~1/102021~1.10/bin/../lib/gcc/arm-none-eabi/10.3.1/../../../../arm-none-eabi/lib/thumb/v6-m/nofp\libg.a(lib_a-calloc.o) (_impure_ptr)
c:/progra~2/gnuarm~1/102021~1.10/bin/../lib/gcc/arm-none-eabi/10.3.1/../../../../arm-none-eabi/lib/thumb/v6-m/nofp\libg.a(lib_a-init.o)
                              c:/progra~2/gnuarm~1/102021~1.10/bin/../lib/gcc/arm-none-eabi/10.3.1/../../../../arm-none-eabi/lib/thumb/v6-m/nofp/crt0.o (__libc_init_array)
c:/progra~2/gnuarm~1/102021~1.10/bin/../lib/gcc/arm-none-eabi/10.3.1/../../../../arm-none-eabi/lib/thumb/v6-m/nofp\libg.a(lib_a-malloc.o)
                              CMakeFiles/pico_education.dir/C_/Users/Suna/Documents/Pico/pico-sdk/src/rp2_common/pico_malloc/pico_malloc.c.obj (malloc)
c:/progra~2/gnuarm~1/102021~1.10/bin/../lib/gcc/arm-none-eabi/10.3.1/../../../../arm-none-eabi/lib/thumb/v6-m/nofp\libg.a(lib_a-mallocr.o)
                              c:/progra~2/gnuarm~1/102021~1.10/bin/../lib/gcc/arm-none-eabi/10.3.1/../../../../arm-none-eabi/lib/thumb/v6-m/nofp\libg.a(lib_a-callocr.o) (_malloc_r)
c:/progra~2/gnuarm~1/102021~1.10/bin/../lib/gcc/arm-none-eabi/10.3.1/../../../../arm-none-eabi/lib/thumb/v6-m/nofp\libg.a(lib_a-mlock.o)
                              c:/progra~2/gnuarm~1/102021~1.10/bin/../lib/gcc/arm-none-eabi/10.3.1/../../../../arm-none-eabi/lib/thumb/v6-m/nofp\libg.a(lib_a-mallocr.o) (__malloc_lock)
c:/progra~2/gnuarm~1/102021~1.10/bin/../lib/gcc/arm-none-eabi/10.3.1/../../../../arm-none-eabi/lib/thumb/v6-m/nofp\libg.a(lib_a-sbrkr.o)
                              c:/progra~2/gnuarm~1/102021~1.10/bin/../lib/gcc/arm-none-eabi/10.3.1/../../../../arm-none-eabi/lib/thumb/v6-m/nofp\libg.a(lib_a-mallocr.o) (_sbrk_r)
c:/progra~2/gnuarm~1/102021~1.10/bin/../lib/gcc/arm-none-eabi/10.3.1/../../../../arm-none-eabi/lib/thumb/v6-m/nofp\libg.a(lib_a-strlen-stub.o)
                              CMakeFiles/pico_education.dir/C_/Users/Suna/Documents/Pico/pico-sdk/src/rp2_common/pico_stdio/stdio.c.obj (strlen)
c:/progra~2/gnuarm~1/102021~1.10/bin/../lib/gcc/arm-none-eabi/10.3.1/../../../../arm-none-eabi/lib/thumb/v6-m/nofp\libg.a(lib_a-freer.o)
                              c:/progra~2/gnuarm~1/102021~1.10/bin/../lib/gcc/arm-none-eabi/10.3.1/../../../../arm-none-eabi/lib/thumb/v6-m/nofp\libg.a(lib_a-malloc.o) (_free_r)
c:/progra~2/gnuarm~1/102021~1.10/bin/../lib/gcc/arm-none-eabi/10.3.1/../../../../arm-none-eabi/lib/thumb/v6-m/nofp\libg.a(lib_a-lock.o)
                              c:/progra~2/gnuarm~1/102021~1.10/bin/../lib/gcc/arm-none-eabi/10.3.1/../../../../arm-none-eabi/lib/thumb/v6-m/nofp\libg.a(lib_a-mlock.o) (__retarget_lock_acquire_recursive)
c:/progra~2/gnuarm~1/102021~1.10/bin/../lib/gcc/arm-none-eabi/10.3.1/../../../../arm-none-eabi/lib/thumb/v6-m/nofp\libg.a(lib_a-reent.o)
                              c:/progra~2/gnuarm~1/102021~1.10/bin/../lib/gcc/arm-none-eabi/10.3.1/../../../../arm-none-eabi/lib/thumb/v6-m/nofp\libg.a(lib_a-sbrkr.o) (errno)

Discarded input sections

 .text          0x00000000        0x0 c:/progra~2/gnuarm~1/102021~1.10/bin/../lib/gcc/arm-none-eabi/10.3.1/thumb/v6-m/nofp/crti.o
 .data          0x00000000        0x0 c:/progra~2/gnuarm~1/102021~1.10/bin/../lib/gcc/arm-none-eabi/10.3.1/thumb/v6-m/nofp/crti.o
[...]
Memory Configuration

Name             Origin             Length             Attributes
FLASH            0x10000000         0x00200000         xr
RAM              0x20000000         0x00040000         xrw
SCRATCH_X        0x20040000         0x00001000         xrw
SCRATCH_Y        0x20041000         0x00001000         xrw
*default*        0x00000000         0xffffffff

Linker script and memory map

LOAD c:/progra~2/gnuarm~1/102021~1.10/bin/../lib/gcc/arm-none-eabi/10.3.1/thumb/v6-m/nofp/crti.o
LOAD c:/progra~2/gnuarm~1/102021~1.10/bin/../lib/gcc/arm-none-eabi/10.3.1/thumb/v6-m/nofp/crtbegin.o
LOAD c:/progra~2/gnuarm~1/102021~1.10/bin/../lib/gcc/arm-none-eabi/10.3.1/../../../../arm-none-eabi/lib/thumb/v6-m/nofp/crt0.o

.flash_begin    0x10000000        0x0
                0x10000000                __flash_binary_start = .

.boot2          0x10000000      0x100
                0x10000000                __boot2_start__ = .
 *(.boot2)
 .boot2         0x10000000      0x100 C:\Users\Suna\AppData\Local\Temp\ccMYnzjO.o
                0x10000100                __boot2_end__ = .
                0x00000001                ASSERT (((__boot2_end__ - __boot2_start__) == 0x100), ERROR: Pico second stage bootloader must be 256 bytes in size)

.text           0x10000100     0x7dd8
                0x10000100                __logical_binary_start = .
 *(.vectors)
 .vectors       0x10000100       0xd4 CMakeFiles/pico_education.dir/C_/Users/Suna/Documents/Pico/pico-sdk/src/rp2_common/pico_standard_link/crt0.S.obj
                0x10000100                __VECTOR_TABLE
                0x10000100                __vectors
                0x100001c0                isr_invalid
                0x100001c0                __default_isrs_start
                0x100001c2                isr_nmi
                0x100001c4                isr_hardfault
                0x100001c6                isr_svcall
                0x100001c8                isr_pendsv
                0x100001ca                isr_systick
                0x100001cc                isr_irq23
                0x100001cc                isr_irq18
                0x100001cc                isr_irq11
                0x100001cc                isr_irq28
                0x100001cc                isr_irq19
                0x100001cc                isr_irq0
                0x100001cc                isr_irq6
                0x100001cc                isr_irq5
                0x100001cc                isr_irq12
                0x100001cc                isr_irq22
                0x100001cc                isr_irq31
                0x100001cc                isr_irq17
                0x100001cc                isr_irq27
                0x100001cc                isr_irq30
                0x100001cc                isr_irq2
                0x100001cc                isr_irq10
                0x100001cc                isr_irq8
                0x100001cc                isr_irq24
                0x100001cc                isr_irq1
                0x100001cc                isr_irq7
                0x100001cc                isr_irq21
                0x100001cc                isr_irq20
                0x100001cc                isr_irq15
                0x100001cc                isr_irq25
                0x100001cc                isr_irq13
                0x100001cc                __unhandled_user_irq
                0x100001cc                isr_irq4
                0x100001cc                isr_irq16
                0x100001cc                isr_irq29
                0x100001cc                isr_irq26
                0x100001cc                __default_isrs_end
                0x100001cc                isr_irq3
                0x100001cc                isr_irq14
                0x100001cc                isr_irq9
                0x100001d2                unhandled_user_irq_num_in_r0
 *(.binary_info_header)
 .binary_info_header
                0x100001d4       0x14 CMakeFiles/pico_education.dir/C_/Users/Suna/Documents/Pico/pico-sdk/src/rp2_common/pico_standard_link/crt0.S.obj
                0x100001e8                __binary_info_header_end = .
 *(.reset)
 .reset         0x100001e8       0xa8 CMakeFiles/pico_education.dir/C_/Users/Suna/Documents/Pico/pico-sdk/src/rp2_common/pico_standard_link/crt0.S.obj
                0x100001e8                _entry_point
                0x10000266                __get_current_exception
 .reset         0x10000290       0x30 CMakeFiles/pico_education.dir/C_/Users/Suna/Documents/Pico/pico-sdk/src/rp2_common/pico_standard_link/binary_info.c.obj
 *(.init)
 .init          0x100002c0        0x4 c:/progra~2/gnuarm~1/102021~1.10/bin/../lib/gcc/arm-none-eabi/10.3.1/thumb/v6-m/nofp/crti.o
                0x100002c0                _init
 *(EXCLUDE_FILE(*libm.a: *libc.a:*lib_a-mem*.o *libgcc.a:) .text*)
 .text          0x100002c4       0x48 c:/progra~2/gnuarm~1/102021~1.10/bin/../lib/gcc/arm-none-eabi/10.3.1/thumb/v6-m/nofp/crtbegin.o
 .text.disp_calendar
                0x1000030c       0xc0 CMakeFiles/pico_education.dir/main.c.obj
                0x1000030c                disp_calendar
 .text.disp_temperature
                0x100003cc       0x3c CMakeFiles/pico_education.dir/main.c.obj
                0x100003cc                disp_temperature
 .text.main     0x10000408       0x7c CMakeFiles/pico_education.dir/main.c.obj
                0x10000408                main
 .text.lcd_i2c_init
                0x10000484       0x38 CMakeFiles/pico_education.dir/lcd_1602a.c.obj
 .text.lcd_i2c_write_byte
                0x100004bc       0x20 CMakeFiles/pico_education.dir/lcd_1602a.c.obj
 .text.lcd_toggle_enable
                0x100004dc       0x38 CMakeFiles/pico_education.dir/lcd_1602a.c.obj
 .text.lcd_send_byte
                0x10000514       0x38 CMakeFiles/pico_education.dir/lcd_1602a.c.obj
 .text.lcd_char
                0x1000054c        0xa CMakeFiles/pico_education.dir/lcd_1602a.c.obj
 .text.lcd_clear
                0x10000556        0xc CMakeFiles/pico_education.dir/lcd_1602a.c.obj
                0x10000556                lcd_clear
 .text.lcd_init
                0x10000562       0x44 CMakeFiles/pico_education.dir/lcd_1602a.c.obj
                0x10000562                lcd_init
 .text.lcd_cursorhome
                0x100005a6        0xc CMakeFiles/pico_education.dir/lcd_1602a.c.obj
                0x100005a6                lcd_cursorhome
 .text.lcd_setcursor
                0x100005b2       0x1a CMakeFiles/pico_education.dir/lcd_1602a.c.obj
                0x100005b2                lcd_setcursor
 .text.lcd_print
                0x100005cc       0x14 CMakeFiles/pico_education.dir/lcd_1602a.c.obj
                0x100005cc                lcd_print
 .text.cal_update_time
                0x100005e0       0x4c CMakeFiles/pico_education.dir/calendar.c.obj
 .text.cal_judge_leap_year
                0x1000062c       0x32 CMakeFiles/pico_education.dir/calendar.c.obj
                0x1000062c                cal_judge_leap_year
 .text.cal_weekofdays
                0x1000065e       0x64 CMakeFiles/pico_education.dir/calendar.c.obj
                0x1000065e                cal_weekofdays
 *fill*         0x100006c2        0x2 
 .text.cal_update_date
                0x100006c4       0x78 CMakeFiles/pico_education.dir/calendar.c.obj
 .text.repeating_timer1sec_callback
                0x1000073c       0x14 CMakeFiles/pico_education.dir/calendar.c.obj
                0x1000073c                repeating_timer1sec_callback
 .text.cal_init
                0x10000750       0x54 CMakeFiles/pico_education.dir/calendar.c.obj
                0x10000750                cal_init
 .text.cal_getinfo
                0x100007a4        0x8 CMakeFiles/pico_education.dir/calendar.c.obj
                0x100007a4                cal_getinfo
 .text.cal_getweekofdays_str
                0x100007ac        0xc CMakeFiles/pico_education.dir/calendar.c.obj
                0x100007ac                cal_getweekofdays_str
 .text.tem_measure_temp
                0x100007b8       0xcc CMakeFiles/pico_education.dir/thermometer.c.obj
                0x100007b8                tem_measure_temp
 .text.repeating_timer1min_callback
                0x10000884        0xa CMakeFiles/pico_education.dir/thermometer.c.obj
                0x10000884                repeating_timer1min_callback
 *fill*         0x1000088e        0x2 
 .text.tem_init
                0x10000890       0x6c CMakeFiles/pico_education.dir/thermometer.c.obj
                0x10000890                tem_init
 .text.tem_gettemp_cel
                0x100008fc        0xc CMakeFiles/pico_education.dir/thermometer.c.obj
                0x100008fc                tem_gettemp_cel
 .text.gpio_set_function
                0x10000908       0x30 CMakeFiles/pico_education.dir/C_/Users/Suna/Documents/Pico/pico-sdk/src/rp2_common/hardware_gpio/gpio.c.obj
                0x10000908                gpio_set_function
 .text.gpio_set_pulls
                0x10000938       0x34 CMakeFiles/pico_education.dir/C_/Users/Suna/Documents/Pico/pico-sdk/src/rp2_common/hardware_gpio/gpio.c.obj
                0x10000938                gpio_set_pulls
 .text.gpio_set_input_enabled
                0x1000096c       0x30 CMakeFiles/pico_education.dir/C_/Users/Suna/Documents/Pico/pico-sdk/src/rp2_common/hardware_gpio/gpio.c.obj
                0x1000096c                gpio_set_input_enabled
 .text.gpio_init
                0x1000099c       0x16 CMakeFiles/pico_education.dir/C_/Users/Suna/Documents/Pico/pico-sdk/src/rp2_common/hardware_gpio/gpio.c.obj
                0x1000099c                gpio_init
 *fill*         0x100009b2        0x2 
 .text.hw_claim_lock
                0x100009b4       0x18 CMakeFiles/pico_education.dir/C_/Users/Suna/Documents/Pico/pico-sdk/src/rp2_common/hardware_claim/claim.c.obj
                0x100009b4                hw_claim_lock
 .text.hw_claim_unlock
                0x100009cc       0x14 CMakeFiles/pico_education.dir/C_/Users/Suna/Documents/Pico/pico-sdk/src/rp2_common/hardware_claim/claim.c.obj
                0x100009cc                hw_claim_unlock
 .text.hw_claim_or_assert
                0x100009e0       0x32 CMakeFiles/pico_education.dir/C_/Users/Suna/Documents/Pico/pico-sdk/src/rp2_common/hardware_claim/claim.c.obj
                0x100009e0                hw_claim_or_assert
 .text.hw_claim_unused_from_range
                0x10000a12       0x50 CMakeFiles/pico_education.dir/C_/Users/Suna/Documents/Pico/pico-sdk/src/rp2_common/hardware_claim/claim.c.obj
                0x10000a12                hw_claim_unused_from_range
 *fill*         0x10000a62        0x2 
 .text.running_on_fpga
                0x10000a64       0x14 CMakeFiles/pico_education.dir/C_/Users/Suna/Documents/Pico/pico-sdk/src/rp2_common/pico_platform/platform.c.obj
                0x10000a64                running_on_fpga
 .text.spin_locks_reset
                0x10000a78       0x20 CMakeFiles/pico_education.dir/C_/Users/Suna/Documents/Pico/pico-sdk/src/rp2_common/hardware_sync/sync.c.obj
                0x10000a78                spin_locks_reset
 .text.next_striped_spin_lock_num
                0x10000a98       0x1c CMakeFiles/pico_education.dir/C_/Users/Suna/Documents/Pico/pico-sdk/src/rp2_common/hardware_sync/sync.c.obj
                0x10000a98                next_striped_spin_lock_num
 .text.spin_lock_claim_unused
                0x10000ab4       0x20 CMakeFiles/pico_education.dir/C_/Users/Suna/Documents/Pico/pico-sdk/src/rp2_common/hardware_sync/sync.c.obj
                0x10000ab4                spin_lock_claim_unused
 .text.repeating_timer_callback
                0x10000ad4       0x40 CMakeFiles/pico_education.dir/C_/Users/Suna/Documents/Pico/pico-sdk/src/common/pico_time/time.c.obj
 .text.alarm_pool_post_alloc_init
                0x10000b14       0x40 CMakeFiles/pico_education.dir/C_/Users/Suna/Documents/Pico/pico-sdk/src/common/pico_time/time.c.obj
 .text.sleep_until_callback
                0x10000b54       0x30 CMakeFiles/pico_education.dir/C_/Users/Suna/Documents/Pico/pico-sdk/src/common/pico_time/time.c.obj
 .text.timer_pool_entry_comparator
                0x10000b84       0x7c CMakeFiles/pico_education.dir/C_/Users/Suna/Documents/Pico/pico-sdk/src/common/pico_time/time.c.obj
                0x10000b84                timer_pool_entry_comparator
 .text.ph_add_child_node
                0x10000c00       0xa4 CMakeFiles/pico_education.dir/C_/Users/Suna/Documents/Pico/pico-sdk/src/common/pico_time/time.c.obj
 .text.ph_merge_nodes
                0x10000ca4       0x3e CMakeFiles/pico_education.dir/C_/Users/Suna/Documents/Pico/pico-sdk/src/common/pico_time/time.c.obj
 *fill*         0x10000ce2        0x2 
 .text.add_alarm_under_lock
                0x10000ce4      0x174 CMakeFiles/pico_education.dir/C_/Users/Suna/Documents/Pico/pico-sdk/src/common/pico_time/time.c.obj
 .text.alarm_pool_alarm_callback
                0x10000e58      0x328 CMakeFiles/pico_education.dir/C_/Users/Suna/Documents/Pico/pico-sdk/src/common/pico_time/time.c.obj
 .text.alarm_pool_init_default
                0x10001180       0x38 CMakeFiles/pico_education.dir/C_/Users/Suna/Documents/Pico/pico-sdk/src/common/pico_time/time.c.obj
                0x10001180                alarm_pool_init_default
 .text.alarm_pool_get_default
                0x100011b8       0x2c CMakeFiles/pico_education.dir/C_/Users/Suna/Documents/Pico/pico-sdk/src/common/pico_time/time.c.obj
                0x100011b8                alarm_pool_get_default
 .text.alarm_pool_add_alarm_at
                0x100011e4      0x170 CMakeFiles/pico_education.dir/C_/Users/Suna/Documents/Pico/pico-sdk/src/common/pico_time/time.c.obj
                0x100011e4                alarm_pool_add_alarm_at
 .text.alarm_pool_cancel_alarm
                0x10001354       0xf0 CMakeFiles/pico_education.dir/C_/Users/Suna/Documents/Pico/pico-sdk/src/common/pico_time/time.c.obj
                0x10001354                alarm_pool_cancel_alarm
 .text.alarm_pool_add_repeating_timer_us
                0x10001444       0x9c CMakeFiles/pico_education.dir/C_/Users/Suna/Documents/Pico/pico-sdk/src/common/pico_time/time.c.obj
                0x10001444                alarm_pool_add_repeating_timer_us
 .text.sleep_until
                0x100014e0       0xfc CMakeFiles/pico_education.dir/C_/Users/Suna/Documents/Pico/pico-sdk/src/common/pico_time/time.c.obj
                0x100014e0                sleep_until
 .text.sleep_us
                0x100015dc       0x58 CMakeFiles/pico_education.dir/C_/Users/Suna/Documents/Pico/pico-sdk/src/common/pico_time/time.c.obj
                0x100015dc                sleep_us
 .text.sleep_ms
                0x10001634       0x14 CMakeFiles/pico_education.dir/C_/Users/Suna/Documents/Pico/pico-sdk/src/common/pico_time/time.c.obj
                0x10001634                sleep_ms
 .text.best_effort_wfe_or_timeout
                0x10001648       0x80 CMakeFiles/pico_education.dir/C_/Users/Suna/Documents/Pico/pico-sdk/src/common/pico_time/time.c.obj
                0x10001648                best_effort_wfe_or_timeout
 .text.hardware_alarm_irq_handler
                0x100016c8       0x8c CMakeFiles/pico_education.dir/C_/Users/Suna/Documents/Pico/pico-sdk/src/rp2_common/hardware_timer/timer.c.obj
 .text.hardware_alarm_claim
                0x10001754       0x18 CMakeFiles/pico_education.dir/C_/Users/Suna/Documents/Pico/pico-sdk/src/rp2_common/hardware_timer/timer.c.obj
                0x10001754                hardware_alarm_claim
 .text.time_us_64
                0x1000176c       0x18 CMakeFiles/pico_education.dir/C_/Users/Suna/Documents/Pico/pico-sdk/src/rp2_common/hardware_timer/timer.c.obj
                0x1000176c                time_us_64
 .text.busy_wait_until
                0x10001784       0x28 CMakeFiles/pico_education.dir/C_/Users/Suna/Documents/Pico/pico-sdk/src/rp2_common/hardware_timer/timer.c.obj
                0x10001784                busy_wait_until
 .text.hardware_alarm_set_callback
                0x100017ac       0x90 CMakeFiles/pico_education.dir/C_/Users/Suna/Documents/Pico/pico-sdk/src/rp2_common/hardware_timer/timer.c.obj
                0x100017ac                hardware_alarm_set_callback
 .text.hardware_alarm_set_target
                0x1000183c       0xe8 CMakeFiles/pico_education.dir/C_/Users/Suna/Documents/Pico/pico-sdk/src/rp2_common/hardware_timer/timer.c.obj
                0x1000183c                hardware_alarm_set_target
 .text.hardware_alarm_cancel
                0x10001924       0x40 CMakeFiles/pico_education.dir/C_/Users/Suna/Documents/Pico/pico-sdk/src/rp2_common/hardware_timer/timer.c.obj
                0x10001924                hardware_alarm_cancel
 .text.lock_init
                0x10001964       0x10 CMakeFiles/pico_education.dir/C_/Users/Suna/Documents/Pico/pico-sdk/src/common/pico_sync/lock_core.c.obj
                0x10001964                lock_init
 .text.mutex_init
                0x10001974       0x1a CMakeFiles/pico_education.dir/C_/Users/Suna/Documents/Pico/pico-sdk/src/common/pico_sync/mutex.c.obj
                0x10001974                mutex_init
 .text.recursive_mutex_init
                0x1000198e       0x1e CMakeFiles/pico_education.dir/C_/Users/Suna/Documents/Pico/pico-sdk/src/common/pico_sync/mutex.c.obj
                0x1000198e                recursive_mutex_init
 .text.critical_section_init_with_lock_num
                0x100019ac       0x14 CMakeFiles/pico_education.dir/C_/Users/Suna/Documents/Pico/pico-sdk/src/common/pico_sync/critical_section.c.obj
                0x100019ac                critical_section_init_with_lock_num
 .text.critical_section_init
                0x100019c0       0x14 CMakeFiles/pico_education.dir/C_/Users/Suna/Documents/Pico/pico-sdk/src/common/pico_sync/critical_section.c.obj
                0x100019c0                critical_section_init
 .text.ph_add_child_node
                0x100019d4       0xa4 CMakeFiles/pico_education.dir/C_/Users/Suna/Documents/Pico/pico-sdk/src/common/pico_util/pheap.c.obj
 .text.ph_merge_nodes
                0x10001a78       0x3e CMakeFiles/pico_education.dir/C_/Users/Suna/Documents/Pico/pico-sdk/src/common/pico_util/pheap.c.obj
 *fill*         0x10001ab6        0x2 
 .text.ph_clear
                0x10001ab8       0x70 CMakeFiles/pico_education.dir/C_/Users/Suna/Documents/Pico/pico-sdk/src/common/pico_util/pheap.c.obj
                0x10001ab8                ph_clear
 .text.ph_post_alloc_init
                0x10001b28        0xe CMakeFiles/pico_education.dir/C_/Users/Suna/Documents/Pico/pico-sdk/src/common/pico_util/pheap.c.obj
                0x10001b28                ph_post_alloc_init
 *fill*         0x10001b36        0x2 
 .text.ph_merge_two_pass
                0x10001b38       0xa8 CMakeFiles/pico_education.dir/C_/Users/Suna/Documents/Pico/pico-sdk/src/common/pico_util/pheap.c.obj
                0x10001b38                ph_merge_two_pass
 .text.ph_remove_any_head
                0x10001be0      0x108 CMakeFiles/pico_education.dir/C_/Users/Suna/Documents/Pico/pico-sdk/src/common/pico_util/pheap.c.obj
 .text.ph_remove_head
                0x10001ce8       0x14 CMakeFiles/pico_education.dir/C_/Users/Suna/Documents/Pico/pico-sdk/src/common/pico_util/pheap.c.obj
                0x10001ce8                ph_remove_head
 .text.ph_remove_and_free_node
                0x10001cfc       0xf8 CMakeFiles/pico_education.dir/C_/Users/Suna/Documents/Pico/pico-sdk/src/common/pico_util/pheap.c.obj
                0x10001cfc                ph_remove_and_free_node
 .text._exit    0x10001df4        0x4 CMakeFiles/pico_education.dir/C_/Users/Suna/Documents/Pico/pico-sdk/src/rp2_common/pico_runtime/runtime.c.obj
                0x10001df4                _exit
 .text.exit     0x10001df8        0x6 CMakeFiles/pico_education.dir/C_/Users/Suna/Documents/Pico/pico-sdk/src/rp2_common/pico_runtime/runtime.c.obj
                0x10001df8                exit
 *fill*         0x10001dfe        0x2 
 .text.__assert_func
                0x10001e00       0x3c CMakeFiles/pico_education.dir/C_/Users/Suna/Documents/Pico/pico-sdk/src/rp2_common/pico_runtime/runtime.c.obj
                0x10001e00                __assert_func
 .text.runtime_init
                0x10001e3c       0xf8 CMakeFiles/pico_education.dir/C_/Users/Suna/Documents/Pico/pico-sdk/src/rp2_common/pico_runtime/runtime.c.obj
                0x10001e3c                runtime_init
 .text.panic    0x10001f34       0x30 CMakeFiles/pico_education.dir/C_/Users/Suna/Documents/Pico/pico-sdk/src/rp2_common/pico_runtime/runtime.c.obj
                0x10001f34                panic
 .text.clock_configure
                0x10001f64      0x104 CMakeFiles/pico_education.dir/C_/Users/Suna/Documents/Pico/pico-sdk/src/rp2_common/hardware_clocks/clocks.c.obj
                0x10001f64                clock_configure
 .text.clocks_init
                0x10002068      0x100 CMakeFiles/pico_education.dir/C_/Users/Suna/Documents/Pico/pico-sdk/src/rp2_common/hardware_clocks/clocks.c.obj
                0x10002068                clocks_init
 .text.clock_get_hz
                0x10002168        0xc CMakeFiles/pico_education.dir/C_/Users/Suna/Documents/Pico/pico-sdk/src/rp2_common/hardware_clocks/clocks.c.obj
                0x10002168                clock_get_hz
 .text.set_raw_irq_handler_and_unlock
                0x10002174       0x28 CMakeFiles/pico_education.dir/C_/Users/Suna/Documents/Pico/pico-sdk/src/rp2_common/hardware_irq/irq.c.obj
 .text.make_branch
                0x1000219c       0x34 CMakeFiles/pico_education.dir/C_/Users/Suna/Documents/Pico/pico-sdk/src/rp2_common/hardware_irq/irq.c.obj
 .text.insert_branch_and_link
                0x100021d0       0x40 CMakeFiles/pico_education.dir/C_/Users/Suna/Documents/Pico/pico-sdk/src/rp2_common/hardware_irq/irq.c.obj
 .text.irq_is_enabled
                0x10002210       0x18 CMakeFiles/pico_education.dir/C_/Users/Suna/Documents/Pico/pico-sdk/src/rp2_common/hardware_irq/irq.c.obj
                0x10002210                irq_is_enabled
 .text.irq_set_mask_enabled
                0x10002228       0x20 CMakeFiles/pico_education.dir/C_/Users/Suna/Documents/Pico/pico-sdk/src/rp2_common/hardware_irq/irq.c.obj
                0x10002228                irq_set_mask_enabled
 .text.irq_set_enabled
                0x10002248        0xe CMakeFiles/pico_education.dir/C_/Users/Suna/Documents/Pico/pico-sdk/src/rp2_common/hardware_irq/irq.c.obj
                0x10002248                irq_set_enabled
 *fill*         0x10002256        0x2 
 .text.irq_set_pending
                0x10002258       0x10 CMakeFiles/pico_education.dir/C_/Users/Suna/Documents/Pico/pico-sdk/src/rp2_common/hardware_irq/irq.c.obj
                0x10002258                irq_set_pending
 .text.irq_get_vtable_handler
                0x10002268       0x10 CMakeFiles/pico_education.dir/C_/Users/Suna/Documents/Pico/pico-sdk/src/rp2_common/hardware_irq/irq.c.obj
                0x10002268                irq_get_vtable_handler
 .text.irq_set_exclusive_handler
                0x10002278       0x54 CMakeFiles/pico_education.dir/C_/Users/Suna/Documents/Pico/pico-sdk/src/rp2_common/hardware_irq/irq.c.obj
                0x10002278                irq_set_exclusive_handler
 .text.irq_remove_handler
                0x100022cc      0x1ac CMakeFiles/pico_education.dir/C_/Users/Suna/Documents/Pico/pico-sdk/src/rp2_common/hardware_irq/irq.c.obj
                0x100022cc                irq_remove_handler
 .text.irq_add_tail_to_free_list
                0x10002478       0xf0 CMakeFiles/pico_education.dir/C_/Users/Suna/Documents/Pico/pico-sdk/src/rp2_common/hardware_irq/irq.c.obj
                0x10002478                irq_add_tail_to_free_list
 .text.irq_init_priorities
                0x10002568       0x1c CMakeFiles/pico_education.dir/C_/Users/Suna/Documents/Pico/pico-sdk/src/rp2_common/hardware_irq/irq.c.obj
                0x10002568                irq_init_priorities
 .text.pll_init
                0x10002584      0x118 CMakeFiles/pico_education.dir/C_/Users/Suna/Documents/Pico/pico-sdk/src/rp2_common/hardware_pll/pll.c.obj
                0x10002584                pll_init
 .text.watchdog_start_tick
                0x1000269c       0x10 CMakeFiles/pico_education.dir/C_/Users/Suna/Documents/Pico/pico-sdk/src/rp2_common/hardware_watchdog/watchdog.c.obj
                0x1000269c                watchdog_start_tick
 .text.watchdog_update
                0x100026ac       0x14 CMakeFiles/pico_education.dir/C_/Users/Suna/Documents/Pico/pico-sdk/src/rp2_common/hardware_watchdog/watchdog.c.obj
                0x100026ac                watchdog_update
 .text._watchdog_enable
                0x100026c0       0x78 CMakeFiles/pico_education.dir/C_/Users/Suna/Documents/Pico/pico-sdk/src/rp2_common/hardware_watchdog/watchdog.c.obj
                0x100026c0                _watchdog_enable
 .text.watchdog_reboot
                0x10002738       0x48 CMakeFiles/pico_education.dir/C_/Users/Suna/Documents/Pico/pico-sdk/src/rp2_common/hardware_watchdog/watchdog.c.obj
                0x10002738                watchdog_reboot
 .text.xosc_init
                0x10002780       0x28 CMakeFiles/pico_education.dir/C_/Users/Suna/Documents/Pico/pico-sdk/src/rp2_common/hardware_xosc/xosc.c.obj
                0x10002780                xosc_init
 .text._out_buffer
                0x100027a8        0x8 CMakeFiles/pico_education.dir/C_/Users/Suna/Documents/Pico/pico-sdk/src/rp2_common/pico_printf/printf.c.obj
 .text._out_null
                0x100027b0        0x2 CMakeFiles/pico_education.dir/C_/Users/Suna/Documents/Pico/pico-sdk/src/rp2_common/pico_printf/printf.c.obj
 .text._out_fct
                0x100027b2        0xe CMakeFiles/pico_education.dir/C_/Users/Suna/Documents/Pico/pico-sdk/src/rp2_common/pico_printf/printf.c.obj
 .text._atoi    0x100027c0       0x24 CMakeFiles/pico_education.dir/C_/Users/Suna/Documents/Pico/pico-sdk/src/rp2_common/pico_printf/printf.c.obj
 .text._out_rev
                0x100027e4       0xae CMakeFiles/pico_education.dir/C_/Users/Suna/Documents/Pico/pico-sdk/src/rp2_common/pico_printf/printf.c.obj
 .text._ntoa_format
                0x10002892      0x112 CMakeFiles/pico_education.dir/C_/Users/Suna/Documents/Pico/pico-sdk/src/rp2_common/pico_printf/printf.c.obj
 .text._ntoa_long
                0x100029a4       0xbc CMakeFiles/pico_education.dir/C_/Users/Suna/Documents/Pico/pico-sdk/src/rp2_common/pico_printf/printf.c.obj
 .text._ntoa_long_long
                0x10002a60       0xe2 CMakeFiles/pico_education.dir/C_/Users/Suna/Documents/Pico/pico-sdk/src/rp2_common/pico_printf/printf.c.obj
 *fill*         0x10002b42        0x2 
 .text._etoa    0x10002b44      0x414 CMakeFiles/pico_education.dir/C_/Users/Suna/Documents/Pico/pico-sdk/src/rp2_common/pico_printf/printf.c.obj
 .text._ftoa    0x10002f58      0x354 CMakeFiles/pico_education.dir/C_/Users/Suna/Documents/Pico/pico-sdk/src/rp2_common/pico_printf/printf.c.obj
 .text._vsnprintf
                0x100032ac      0x624 CMakeFiles/pico_education.dir/C_/Users/Suna/Documents/Pico/pico-sdk/src/rp2_common/pico_printf/printf.c.obj
 .text.__wrap_sprintf
                0x100038d0       0x28 CMakeFiles/pico_education.dir/C_/Users/Suna/Documents/Pico/pico-sdk/src/rp2_common/pico_printf/printf.c.obj
                0x100038d0                __wrap_sprintf
 .text.vfctprintf
                0x100038f8       0x20 CMakeFiles/pico_education.dir/C_/Users/Suna/Documents/Pico/pico-sdk/src/rp2_common/pico_printf/printf.c.obj
                0x100038f8                vfctprintf
 .text          0x10003918       0x10 CMakeFiles/pico_education.dir/C_/Users/Suna/Documents/Pico/pico-sdk/src/rp2_common/pico_bit_ops/bit_ops_aeabi.S.obj
 .text.rom_func_lookup
                0x10003928       0x10 CMakeFiles/pico_education.dir/C_/Users/Suna/Documents/Pico/pico-sdk/src/rp2_common/pico_bootrom/bootrom.c.obj
                0x10003928                rom_func_lookup
 .text.rom_data_lookup
                0x10003938       0x10 CMakeFiles/pico_education.dir/C_/Users/Suna/Documents/Pico/pico-sdk/src/rp2_common/pico_bootrom/bootrom.c.obj
                0x10003938                rom_data_lookup
 .text.rom_funcs_lookup
                0x10003948       0x36 CMakeFiles/pico_education.dir/C_/Users/Suna/Documents/Pico/pico-sdk/src/rp2_common/pico_bootrom/bootrom.c.obj
                0x10003948                rom_funcs_lookup
 *fill*         0x1000397e        0x2 
 .text.__wrap___aeabi_idiv
                0x10003980       0x50 CMakeFiles/pico_education.dir/C_/Users/Suna/Documents/Pico/pico-sdk/src/rp2_common/pico_divider/divider.S.obj
                0x10003980                __wrap___aeabi_idivmod
                0x10003980                divmod_s32s32
                0x10003980                div_s32s32
                0x10003980                __wrap___aeabi_idiv
                0x10003988                divmod_s32s32_unsafe
                0x100039b4                divmod_s32s32_savestate
 .text.__wrap___aeabi_uidiv
                0x100039d0       0x4c CMakeFiles/pico_education.dir/C_/Users/Suna/Documents/Pico/pico-sdk/src/rp2_common/pico_divider/divider.S.obj
                0x100039d0                __wrap___aeabi_uidiv
                0x100039d0                __wrap___aeabi_uidivmod
                0x100039d0                div_u32u32
                0x100039d0                divmod_u32u32
                0x100039d8                divmod_u32u32_unsafe
                0x10003a00                divmod_u32u32_savestate
 .text.__wrap___aeabi_ldiv
                0x10003a1c      0x434 CMakeFiles/pico_education.dir/C_/Users/Suna/Documents/Pico/pico-sdk/src/rp2_common/pico_divider/divider.S.obj
                0x10003a1c                div_s64s64
                0x10003a1c                divmod_s64s64
                0x10003a1c                __wrap___aeabi_ldivmod
                0x10003a54                divmod_u64u64
                0x10003a54                div_u64u64
                0x10003a54                __wrap___aeabi_uldivmod
                0x10003a64                divmod_u64u64_savestate
                0x10003a8c                divmod_s64s64_unsafe
                0x10003b14                divmod_u64u64_unsafe
 .text.__wrap___aeabi_darithmetic
                0x10003e50       0x80 CMakeFiles/pico_education.dir/C_/Users/Suna/Documents/Pico/pico-sdk/src/rp2_common/pico_double/double_aeabi.S.obj
                0x10003e50                __wrap___aeabi_drsub
                0x10003e56                __wrap___aeabi_dsub
                0x10003e68                __wrap___aeabi_dadd
                0x10003e7a                __wrap___aeabi_ddiv
                0x10003eb6                __wrap___aeabi_dmul
 .text.__wrap___aeabi_cdcmple
                0x10003ed0       0x6c CMakeFiles/pico_education.dir/C_/Users/Suna/Documents/Pico/pico-sdk/src/rp2_common/pico_double/double_aeabi.S.obj
                0x10003ed0                __wrap___aeabi_cdrcmple
                0x10003ee0                __wrap___aeabi_cdcmpeq
                0x10003ee0                __wrap___aeabi_cdcmple
 .text.__wrap___aeabi_dcmplt
                0x10003f3c        0xc CMakeFiles/pico_education.dir/C_/Users/Suna/Documents/Pico/pico-sdk/src/rp2_common/pico_double/double_aeabi.S.obj
                0x10003f3c                __wrap___aeabi_dcmplt
 .text.__wrap___aeabi_dcmple
                0x10003f48       0x10 CMakeFiles/pico_education.dir/C_/Users/Suna/Documents/Pico/pico-sdk/src/rp2_common/pico_double/double_aeabi.S.obj
                0x10003f48                __wrap___aeabi_dcmple
 .text.__wrap___aeabi_dcmpge
                0x10003f58       0x10 CMakeFiles/pico_education.dir/C_/Users/Suna/Documents/Pico/pico-sdk/src/rp2_common/pico_double/double_aeabi.S.obj
                0x10003f58                __wrap___aeabi_dcmpge
 .text.__wrap___aeabi_dcmpgt
                0x10003f68        0xa CMakeFiles/pico_education.dir/C_/Users/Suna/Documents/Pico/pico-sdk/src/rp2_common/pico_double/double_aeabi.S.obj
                0x10003f68                __wrap___aeabi_dcmpgt
 .text.__wrap___aeabi_dcmpun
                0x10003f72       0x1c CMakeFiles/pico_education.dir/C_/Users/Suna/Documents/Pico/pico-sdk/src/rp2_common/pico_double/double_aeabi.S.obj
                0x10003f72                __wrap___aeabi_dcmpun
 *fill*         0x10003f8e        0x2 
 .text.__wrap___aeabi_i2d
                0x10003f90       0x38 CMakeFiles/pico_education.dir/C_/Users/Suna/Documents/Pico/pico-sdk/src/rp2_common/pico_double/double_aeabi.S.obj
                0x10003f90                __wrap___aeabi_ui2d
                0x10003f98                __wrap___aeabi_i2d
 .text.__wrap___aeabi_d2iz
                0x10003fc8       0x48 CMakeFiles/pico_education.dir/C_/Users/Suna/Documents/Pico/pico-sdk/src/rp2_common/pico_double/double_aeabi.S.obj
                0x10003fc8                double2int_z
                0x10003fc8                __wrap___aeabi_d2iz
 .text.__wrap___aeabi_d2uiz
                0x10004010       0x18 CMakeFiles/pico_education.dir/C_/Users/Suna/Documents/Pico/pico-sdk/src/rp2_common/pico_double/double_aeabi.S.obj
                0x10004010                __wrap___aeabi_d2uiz
                0x10004010                double2uint
 .text.__wrap___aeabi_d2f
                0x10004028       0x18 CMakeFiles/pico_education.dir/C_/Users/Suna/Documents/Pico/pico-sdk/src/rp2_common/pico_double/double_aeabi.S.obj
                0x10004028                __wrap___aeabi_d2f
 .text.__wrap_log
                0x10004040       0x18 CMakeFiles/pico_education.dir/C_/Users/Suna/Documents/Pico/pico-sdk/src/rp2_common/pico_double/double_aeabi.S.obj
                0x10004040                __wrap_log
 .text.__aeabi_double_init
                0x10004058       0xc8 CMakeFiles/pico_education.dir/C_/Users/Suna/Documents/Pico/pico-sdk/src/rp2_common/pico_double/double_init_rom.c.obj
                0x10004058                __aeabi_double_init
 .text.double_table_shim_on_use_helper
                0x10004120       0x34 CMakeFiles/pico_education.dir/C_/Users/Suna/Documents/Pico/pico-sdk/src/rp2_common/pico_double/double_v1_rom_shim.S.obj
                0x10004120                double_table_shim_on_use_helper
 .text.__wrap___aeabi_dsub
                0x10004154       0x10 CMakeFiles/pico_education.dir/C_/Users/Suna/Documents/Pico/pico-sdk/src/rp2_common/pico_double/double_v1_rom_shim.S.obj
                0x10004154                drsub_shim
                0x1000415a                dsub_shim
 .text.dadd_shim
                0x10004164      0x15c CMakeFiles/pico_education.dir/C_/Users/Suna/Documents/Pico/pico-sdk/src/rp2_common/pico_double/double_v1_rom_shim.S.obj
                0x10004164                dadd_shim
 .text.dmul_shim
                0x100042c0      0x15c CMakeFiles/pico_education.dir/C_/Users/Suna/Documents/Pico/pico-sdk/src/rp2_common/pico_double/double_v1_rom_shim.S.obj
                0x100042c0                dmul_shim
 .text.ddiv_shim
                0x1000441c      0x1b0 CMakeFiles/pico_education.dir/C_/Users/Suna/Documents/Pico/pico-sdk/src/rp2_common/pico_double/double_v1_rom_shim.S.obj
                0x1000441c                ddiv_shim
 .text.double2uint_shim
                0x100045cc        0xe CMakeFiles/pico_education.dir/C_/Users/Suna/Documents/Pico/pico-sdk/src/rp2_common/pico_double/double_v1_rom_shim.S.obj
                0x100045cc                double2uint_shim
                0x100045ce                double2ufix_shim
 *fill*         0x100045da        0x2 
 .text.double2uint64_shim
                0x100045dc       0x70 CMakeFiles/pico_education.dir/C_/Users/Suna/Documents/Pico/pico-sdk/src/rp2_common/pico_double/double_v1_rom_shim.S.obj
                0x100045dc                double2uint64_shim
                0x100045de                double2ufix64_shim
                0x100045fe                d2fix_a
 .text.double2float_shim
                0x1000464c       0x5c CMakeFiles/pico_education.dir/C_/Users/Suna/Documents/Pico/pico-sdk/src/rp2_common/pico_double/double_v1_rom_shim.S.obj
                0x1000464c                double2float_shim
 .text.x2double_shims
                0x100046a8       0x90 CMakeFiles/pico_education.dir/C_/Users/Suna/Documents/Pico/pico-sdk/src/rp2_common/pico_double/double_v1_rom_shim.S.obj
                0x100046a8                uint2double_shim
                0x100046aa                ufix2double_shim
                0x100046b0                int2double_shim
                0x100046b2                fix2double_shim
                0x100046b8                uint642double_shim
                0x100046ba                ufix642double_shim
                0x100046c0                int642double_shim
                0x100046c2                fix642double_shim
 .text.dunpacks
                0x10004738       0x3c CMakeFiles/pico_education.dir/C_/Users/Suna/Documents/Pico/pico-sdk/src/rp2_common/pico_double/double_v1_rom_shim.S.obj
                0x10004738                dunpacks
 .text.dreduce  0x10004774       0x82 CMakeFiles/pico_education.dir/C_/Users/Suna/Documents/Pico/pico-sdk/src/rp2_common/pico_double/double_v1_rom_shim.S.obj
                0x10004774                dreduce
 *fill*         0x100047f6        0x2 
 .text.dexp_guts
                0x100047f8      0x268 CMakeFiles/pico_education.dir/C_/Users/Suna/Documents/Pico/pico-sdk/src/rp2_common/pico_double/double_v1_rom_shim.S.obj
                0x100047f8                dexp_shim
                0x10004894                dln_shim
 .text.__aeabi_lmul
                0x10004a60       0x32 CMakeFiles/pico_education.dir/C_/Users/Suna/Documents/Pico/pico-sdk/src/rp2_common/pico_int64_ops/pico_int64_ops_aeabi.S.obj
                0x10004a60                __wrap___aeabi_lmul
 *fill*         0x10004a92        0x2 
 .text.__wrap___aeabi_farithmetic
                0x10004a94       0x58 CMakeFiles/pico_education.dir/C_/Users/Suna/Documents/Pico/pico-sdk/src/rp2_common/pico_float/float_aeabi.S.obj
                0x10004a94                __wrap___aeabi_frsub
                0x10004a9a                __wrap___aeabi_fsub
                0x10004aa4                __wrap___aeabi_fadd
                0x10004aae                __wrap___aeabi_fdiv
                0x10004ada                __wrap___aeabi_fmul
 .text.__wrap___aeabi_ui2f
                0x10004aec        0xa CMakeFiles/pico_education.dir/C_/Users/Suna/Documents/Pico/pico-sdk/src/rp2_common/pico_float/float_aeabi.S.obj
                0x10004aec                __wrap___aeabi_ui2f
 *fill*         0x10004af6        0x2 
 .text.__wrap___aeabi_i2f
                0x10004af8       0x44 CMakeFiles/pico_education.dir/C_/Users/Suna/Documents/Pico/pico-sdk/src/rp2_common/pico_float/float_aeabi.S.obj
                0x10004af8                __wrap___aeabi_i2f
 .text.__wrap___aeabi_f2d
                0x10004b3c       0x14 CMakeFiles/pico_education.dir/C_/Users/Suna/Documents/Pico/pico-sdk/src/rp2_common/pico_float/float_aeabi.S.obj
                0x10004b3c                __wrap___aeabi_f2d
 .text.__aeabi_float_init
                0x10004b50       0xfc CMakeFiles/pico_education.dir/C_/Users/Suna/Documents/Pico/pico-sdk/src/rp2_common/pico_float/float_init_rom.c.obj
                0x10004b50                __aeabi_float_init
 .text.float_table_shim_on_use_helper
                0x10004c4c       0x34 CMakeFiles/pico_education.dir/C_/Users/Suna/Documents/Pico/pico-sdk/src/rp2_common/pico_float/float_v1_rom_shim.S.obj
                0x10004c4c                float_table_shim_on_use_helper
 .text.float2double_shim
                0x10004c80       0x30 CMakeFiles/pico_education.dir/C_/Users/Suna/Documents/Pico/pico-sdk/src/rp2_common/pico_float/float_v1_rom_shim.S.obj
                0x10004c80                float2double_shim
 .text          0x10004cb0       0x10 CMakeFiles/pico_education.dir/C_/Users/Suna/Documents/Pico/pico-sdk/src/rp2_common/pico_mem_ops/mem_ops_aeabi.S.obj
                0x10004cb0                __aeabi_mem_init
 .text.memset   0x10004cc0        0xc CMakeFiles/pico_education.dir/C_/Users/Suna/Documents/Pico/pico-sdk/src/rp2_common/pico_mem_ops/mem_ops_aeabi.S.obj
                0x10004cc0                __wrap_memset
 .text.memcpy   0x10004ccc        0xc CMakeFiles/pico_education.dir/C_/Users/Suna/Documents/Pico/pico-sdk/src/rp2_common/pico_mem_ops/mem_ops_aeabi.S.obj
                0x10004ccc                __wrap_memcpy
                0x10004ccc                __wrap___aeabi_memcpy
 .text.stdio_out_chars_no_crlf
                0x10004cd8        0xe CMakeFiles/pico_education.dir/C_/Users/Suna/Documents/Pico/pico-sdk/src/rp2_common/pico_stdio/stdio.c.obj
 *fill*         0x10004ce6        0x2 
 .text.stdio_out_chars_crlf
                0x10004ce8       0x80 CMakeFiles/pico_education.dir/C_/Users/Suna/Documents/Pico/pico-sdk/src/rp2_common/pico_stdio/stdio.c.obj
 .text.stdio_stack_buffer_flush
                0x10004d68       0x44 CMakeFiles/pico_education.dir/C_/Users/Suna/Documents/Pico/pico-sdk/src/rp2_common/pico_stdio/stdio.c.obj
 .text.stdio_buffered_printer
                0x10004dac       0x20 CMakeFiles/pico_education.dir/C_/Users/Suna/Documents/Pico/pico-sdk/src/rp2_common/pico_stdio/stdio.c.obj
 .text.stdout_serialize_begin
                0x10004dcc       0x30 CMakeFiles/pico_education.dir/C_/Users/Suna/Documents/Pico/pico-sdk/src/rp2_common/pico_stdio/stdio.c.obj
                0x10004dcc                stdout_serialize_begin
 .text.stdout_serialize_end
                0x10004dfc       0x10 CMakeFiles/pico_education.dir/C_/Users/Suna/Documents/Pico/pico-sdk/src/rp2_common/pico_stdio/stdio.c.obj
                0x10004dfc                stdout_serialize_end
 .text.stdio_put_string
                0x10004e0c       0x98 CMakeFiles/pico_education.dir/C_/Users/Suna/Documents/Pico/pico-sdk/src/rp2_common/pico_stdio/stdio.c.obj
 .text.stdio_set_driver_enabled
                0x10004ea4       0x38 CMakeFiles/pico_education.dir/C_/Users/Suna/Documents/Pico/pico-sdk/src/rp2_common/pico_stdio/stdio.c.obj
                0x10004ea4                stdio_set_driver_enabled
 .text.stdio_flush
                0x10004edc       0x20 CMakeFiles/pico_education.dir/C_/Users/Suna/Documents/Pico/pico-sdk/src/rp2_common/pico_stdio/stdio.c.obj
                0x10004edc                stdio_flush
 .text.__wrap_puts
                0x10004efc       0x1e CMakeFiles/pico_education.dir/C_/Users/Suna/Documents/Pico/pico-sdk/src/rp2_common/pico_stdio/stdio.c.obj
                0x10004efc                __wrap_puts
 *fill*         0x10004f1a        0x2 
 .text.__wrap_vprintf
                0x10004f1c       0x44 CMakeFiles/pico_education.dir/C_/Users/Suna/Documents/Pico/pico-sdk/src/rp2_common/pico_stdio/stdio.c.obj
                0x10004f1c                __wrap_vprintf
 .text.__wrap_printf
                0x10004f60       0x18 CMakeFiles/pico_education.dir/C_/Users/Suna/Documents/Pico/pico-sdk/src/rp2_common/pico_stdio/stdio.c.obj
                0x10004f60                __wrap_printf
 .text.stdio_init_all
                0x10004f78        0x8 CMakeFiles/pico_education.dir/C_/Users/Suna/Documents/Pico/pico-sdk/src/rp2_common/pico_stdio/stdio.c.obj
                0x10004f78                stdio_init_all
 .text.resetd_init
                0x10004f80        0x2 CMakeFiles/pico_education.dir/C_/Users/Suna/Documents/Pico/pico-sdk/src/rp2_common/pico_stdio_usb/reset_interface.c.obj
 *fill*         0x10004f82        0x2 
 .text.resetd_reset
                0x10004f84        0xc CMakeFiles/pico_education.dir/C_/Users/Suna/Documents/Pico/pico-sdk/src/rp2_common/pico_stdio_usb/reset_interface.c.obj
 .text.resetd_open
                0x10004f90       0x34 CMakeFiles/pico_education.dir/C_/Users/Suna/Documents/Pico/pico-sdk/src/rp2_common/pico_stdio_usb/reset_interface.c.obj
 .text.resetd_xfer_cb
                0x10004fc4        0x4 CMakeFiles/pico_education.dir/C_/Users/Suna/Documents/Pico/pico-sdk/src/rp2_common/pico_stdio_usb/reset_interface.c.obj
 .text.reset_usb_boot
                0x10004fc8       0x18 CMakeFiles/pico_education.dir/C_/Users/Suna/Documents/Pico/pico-sdk/src/rp2_common/pico_stdio_usb/reset_interface.c.obj
 .text.resetd_control_xfer_cb
                0x10004fe0       0x5c CMakeFiles/pico_education.dir/C_/Users/Suna/Documents/Pico/pico-sdk/src/rp2_common/pico_stdio_usb/reset_interface.c.obj
 .text.usbd_app_driver_get_cb
                0x1000503c        0xc CMakeFiles/pico_education.dir/C_/Users/Suna/Documents/Pico/pico-sdk/src/rp2_common/pico_stdio_usb/reset_interface.c.obj
                0x1000503c                usbd_app_driver_get_cb
 .text.tud_cdc_line_coding_cb
                0x10005048       0x28 CMakeFiles/pico_education.dir/C_/Users/Suna/Documents/Pico/pico-sdk/src/rp2_common/pico_stdio_usb/reset_interface.c.obj
                0x10005048                tud_cdc_line_coding_cb
 .text.stdio_usb_in_chars
                0x10005070       0x70 CMakeFiles/pico_education.dir/C_/Users/Suna/Documents/Pico/pico-sdk/src/rp2_common/pico_stdio_usb/stdio_usb.c.obj
                0x10005070                stdio_usb_in_chars
 .text.low_priority_worker_irq
                0x100050e0       0x20 CMakeFiles/pico_education.dir/C_/Users/Suna/Documents/Pico/pico-sdk/src/rp2_common/pico_stdio_usb/stdio_usb.c.obj
 .text.stdio_usb_out_chars
                0x10005100       0xd4 CMakeFiles/pico_education.dir/C_/Users/Suna/Documents/Pico/pico-sdk/src/rp2_common/pico_stdio_usb/stdio_usb.c.obj
 .text.timer_task
                0x100051d4       0x10 CMakeFiles/pico_education.dir/C_/Users/Suna/Documents/Pico/pico-sdk/src/rp2_common/pico_stdio_usb/stdio_usb.c.obj
 .text.stdio_usb_init
                0x100051e4       0xb8 CMakeFiles/pico_education.dir/C_/Users/Suna/Documents/Pico/pico-sdk/src/rp2_common/pico_stdio_usb/stdio_usb.c.obj
                0x100051e4                stdio_usb_init
 .text.tud_descriptor_device_cb
                0x1000529c        0x8 CMakeFiles/pico_education.dir/C_/Users/Suna/Documents/Pico/pico-sdk/src/rp2_common/pico_stdio_usb/stdio_usb_descriptors.c.obj
                0x1000529c                tud_descriptor_device_cb
 .text.tud_descriptor_configuration_cb
                0x100052a4        0x8 CMakeFiles/pico_education.dir/C_/Users/Suna/Documents/Pico/pico-sdk/src/rp2_common/pico_stdio_usb/stdio_usb_descriptors.c.obj
                0x100052a4                tud_descriptor_configuration_cb
 .text.tud_descriptor_string_cb
                0x100052ac       0x6c CMakeFiles/pico_education.dir/C_/Users/Suna/Documents/Pico/pico-sdk/src/rp2_common/pico_stdio_usb/stdio_usb_descriptors.c.obj
                0x100052ac                tud_descriptor_string_cb
 .text.hw_endpoint_get_by_addr
                0x10005318       0x18 CMakeFiles/pico_education.dir/C_/Users/Suna/Documents/Pico/pico-sdk/lib/tinyusb/src/portable/raspberrypi/rp2040/dcd_rp2040.c.obj
 .text.reset_ep0_pid
                0x10005330       0x28 CMakeFiles/pico_education.dir/C_/Users/Suna/Documents/Pico/pico-sdk/lib/tinyusb/src/portable/raspberrypi/rp2040/dcd_rp2040.c.obj
 .text._hw_endpoint_alloc
                0x10005358       0x70 CMakeFiles/pico_education.dir/C_/Users/Suna/Documents/Pico/pico-sdk/lib/tinyusb/src/portable/raspberrypi/rp2040/dcd_rp2040.c.obj
 .text.hw_endpoint_init
                0x100053c8       0x88 CMakeFiles/pico_education.dir/C_/Users/Suna/Documents/Pico/pico-sdk/lib/tinyusb/src/portable/raspberrypi/rp2040/dcd_rp2040.c.obj
 .text.reset_non_control_endpoints
                0x10005450       0x40 CMakeFiles/pico_education.dir/C_/Users/Suna/Documents/Pico/pico-sdk/lib/tinyusb/src/portable/raspberrypi/rp2040/dcd_rp2040.c.obj
 .text.hw_handle_buff_status
                0x10005490       0x8c CMakeFiles/pico_education.dir/C_/Users/Suna/Documents/Pico/pico-sdk/lib/tinyusb/src/portable/raspberrypi/rp2040/dcd_rp2040.c.obj
 .text.dcd_rp2040_irq
                0x1000551c       0xc0 CMakeFiles/pico_education.dir/C_/Users/Suna/Documents/Pico/pico-sdk/lib/tinyusb/src/portable/raspberrypi/rp2040/dcd_rp2040.c.obj
 .text.hw_endpoint_xfer
                0x100055dc       0x14 CMakeFiles/pico_education.dir/C_/Users/Suna/Documents/Pico/pico-sdk/lib/tinyusb/src/portable/raspberrypi/rp2040/dcd_rp2040.c.obj
 .text.dcd_int_enable
                0x100055f0       0x2c CMakeFiles/pico_education.dir/C_/Users/Suna/Documents/Pico/pico-sdk/lib/tinyusb/src/portable/raspberrypi/rp2040/dcd_rp2040.c.obj
                0x100055f0                dcd_int_enable
 .text.dcd_set_address
                0x1000561c       0x2c CMakeFiles/pico_education.dir/C_/Users/Suna/Documents/Pico/pico-sdk/lib/tinyusb/src/portable/raspberrypi/rp2040/dcd_rp2040.c.obj
                0x1000561c                dcd_set_address
 .text.dcd_connect
                0x10005648       0x10 CMakeFiles/pico_education.dir/C_/Users/Suna/Documents/Pico/pico-sdk/lib/tinyusb/src/portable/raspberrypi/rp2040/dcd_rp2040.c.obj
                0x10005648                dcd_connect
 .text.dcd_init
                0x10005658       0x7c CMakeFiles/pico_education.dir/C_/Users/Suna/Documents/Pico/pico-sdk/lib/tinyusb/src/portable/raspberrypi/rp2040/dcd_rp2040.c.obj
                0x10005658                dcd_init
 .text.dcd_edpt0_status_complete
                0x100056d4       0x1c CMakeFiles/pico_education.dir/C_/Users/Suna/Documents/Pico/pico-sdk/lib/tinyusb/src/portable/raspberrypi/rp2040/dcd_rp2040.c.obj
                0x100056d4                dcd_edpt0_status_complete
 .text.dcd_edpt_open
                0x100056f0       0x40 CMakeFiles/pico_education.dir/C_/Users/Suna/Documents/Pico/pico-sdk/lib/tinyusb/src/portable/raspberrypi/rp2040/dcd_rp2040.c.obj
                0x100056f0                dcd_edpt_open
 .text.dcd_edpt_close_all
                0x10005730        0x8 CMakeFiles/pico_education.dir/C_/Users/Suna/Documents/Pico/pico-sdk/lib/tinyusb/src/portable/raspberrypi/rp2040/dcd_rp2040.c.obj
                0x10005730                dcd_edpt_close_all
 .text.dcd_edpt_xfer
                0x10005738       0x30 CMakeFiles/pico_education.dir/C_/Users/Suna/Documents/Pico/pico-sdk/lib/tinyusb/src/portable/raspberrypi/rp2040/dcd_rp2040.c.obj
                0x10005738                dcd_edpt_xfer
 .text.dcd_edpt_stall
                0x10005768       0x2c CMakeFiles/pico_education.dir/C_/Users/Suna/Documents/Pico/pico-sdk/lib/tinyusb/src/portable/raspberrypi/rp2040/dcd_rp2040.c.obj
                0x10005768                dcd_edpt_stall
 .text.dcd_edpt_clear_stall
                0x10005794       0x20 CMakeFiles/pico_education.dir/C_/Users/Suna/Documents/Pico/pico-sdk/lib/tinyusb/src/portable/raspberrypi/rp2040/dcd_rp2040.c.obj
                0x10005794                dcd_edpt_clear_stall
 .text.prepare_ep_buffer
                0x100057b4       0x70 CMakeFiles/pico_education.dir/C_/Users/Suna/Documents/Pico/pico-sdk/lib/tinyusb/src/portable/raspberrypi/rp2040/rp2040_usb.c.obj
 .text.sync_ep_buffer
                0x10005824       0x7c CMakeFiles/pico_education.dir/C_/Users/Suna/Documents/Pico/pico-sdk/lib/tinyusb/src/portable/raspberrypi/rp2040/rp2040_usb.c.obj
 .text._hw_endpoint_xfer_sync
                0x100058a0       0x28 CMakeFiles/pico_education.dir/C_/Users/Suna/Documents/Pico/pico-sdk/lib/tinyusb/src/portable/raspberrypi/rp2040/rp2040_usb.c.obj
 .text.rp2040_usb_init
                0x100058c8       0x4c CMakeFiles/pico_education.dir/C_/Users/Suna/Documents/Pico/pico-sdk/lib/tinyusb/src/portable/raspberrypi/rp2040/rp2040_usb.c.obj
                0x100058c8                rp2040_usb_init
 .text.hw_endpoint_reset_transfer
                0x10005914        0xc CMakeFiles/pico_education.dir/C_/Users/Suna/Documents/Pico/pico-sdk/lib/tinyusb/src/portable/raspberrypi/rp2040/rp2040_usb.c.obj
                0x10005914                hw_endpoint_reset_transfer
 .text._hw_endpoint_buffer_control_update32
                0x10005920       0x58 CMakeFiles/pico_education.dir/C_/Users/Suna/Documents/Pico/pico-sdk/lib/tinyusb/src/portable/raspberrypi/rp2040/rp2040_usb.c.obj
                0x10005920                _hw_endpoint_buffer_control_update32
 .text._hw_endpoint_start_next_buffer
                0x10005978       0x74 CMakeFiles/pico_education.dir/C_/Users/Suna/Documents/Pico/pico-sdk/lib/tinyusb/src/portable/raspberrypi/rp2040/rp2040_usb.c.obj
 .text.hw_endpoint_xfer_start
                0x100059ec       0x48 CMakeFiles/pico_education.dir/C_/Users/Suna/Documents/Pico/pico-sdk/lib/tinyusb/src/portable/raspberrypi/rp2040/rp2040_usb.c.obj
                0x100059ec                hw_endpoint_xfer_start
 .text.hw_endpoint_xfer_continue
                0x10005a34       0x38 CMakeFiles/pico_education.dir/C_/Users/Suna/Documents/Pico/pico-sdk/lib/tinyusb/src/portable/raspberrypi/rp2040/rp2040_usb.c.obj
                0x10005a34                hw_endpoint_xfer_continue
 .text.configuration_reset
                0x10005a6c       0x84 CMakeFiles/pico_education.dir/C_/Users/Suna/Documents/Pico/pico-sdk/lib/tinyusb/src/device/usbd.c.obj
 .text.usbd_reset
                0x10005af0        0xc CMakeFiles/pico_education.dir/C_/Users/Suna/Documents/Pico/pico-sdk/lib/tinyusb/src/device/usbd.c.obj
 .text.invoke_class_control
                0x10005afc       0x1a CMakeFiles/pico_education.dir/C_/Users/Suna/Documents/Pico/pico-sdk/lib/tinyusb/src/device/usbd.c.obj
 *fill*         0x10005b16        0x2 
 .text.process_set_config
                0x10005b18      0x1b0 CMakeFiles/pico_education.dir/C_/Users/Suna/Documents/Pico/pico-sdk/lib/tinyusb/src/device/usbd.c.obj
 .text.process_get_descriptor
                0x10005cc8       0xec CMakeFiles/pico_education.dir/C_/Users/Suna/Documents/Pico/pico-sdk/lib/tinyusb/src/device/usbd.c.obj
 .text.tud_mounted
                0x10005db4       0x10 CMakeFiles/pico_education.dir/C_/Users/Suna/Documents/Pico/pico-sdk/lib/tinyusb/src/device/usbd.c.obj
                0x10005db4                tud_mounted
 .text.tud_suspended
                0x10005dc4       0x10 CMakeFiles/pico_education.dir/C_/Users/Suna/Documents/Pico/pico-sdk/lib/tinyusb/src/device/usbd.c.obj
                0x10005dc4                tud_suspended
 .text.tud_inited
                0x10005dd4        0xc CMakeFiles/pico_education.dir/C_/Users/Suna/Documents/Pico/pico-sdk/lib/tinyusb/src/device/usbd.c.obj
                0x10005dd4                tud_inited
 .text.tud_init
                0x10005de0       0xcc CMakeFiles/pico_education.dir/C_/Users/Suna/Documents/Pico/pico-sdk/lib/tinyusb/src/device/usbd.c.obj
                0x10005de0                tud_init
 .text.dcd_event_handler
                0x10005eac      0x1e0 CMakeFiles/pico_education.dir/C_/Users/Suna/Documents/Pico/pico-sdk/lib/tinyusb/src/device/usbd.c.obj
                0x10005eac                dcd_event_handler
 .text.dcd_event_bus_signal
                0x1000608c       0x26 CMakeFiles/pico_education.dir/C_/Users/Suna/Documents/Pico/pico-sdk/lib/tinyusb/src/device/usbd.c.obj
                0x1000608c                dcd_event_bus_signal
 .text.dcd_event_bus_reset
                0x100060b2       0x2a CMakeFiles/pico_education.dir/C_/Users/Suna/Documents/Pico/pico-sdk/lib/tinyusb/src/device/usbd.c.obj
                0x100060b2                dcd_event_bus_reset
 .text.dcd_event_setup_received
                0x100060dc       0x34 CMakeFiles/pico_education.dir/C_/Users/Suna/Documents/Pico/pico-sdk/lib/tinyusb/src/device/usbd.c.obj
                0x100060dc                dcd_event_setup_received
 .text.dcd_event_xfer_complete
                0x10006110       0x44 CMakeFiles/pico_education.dir/C_/Users/Suna/Documents/Pico/pico-sdk/lib/tinyusb/src/device/usbd.c.obj
                0x10006110                dcd_event_xfer_complete
 .text.usbd_edpt_open
                0x10006154       0x58 CMakeFiles/pico_education.dir/C_/Users/Suna/Documents/Pico/pico-sdk/lib/tinyusb/src/device/usbd.c.obj
                0x10006154                usbd_edpt_open
 .text.usbd_open_edpt_pair
                0x100061ac       0x8c CMakeFiles/pico_education.dir/C_/Users/Suna/Documents/Pico/pico-sdk/lib/tinyusb/src/device/usbd.c.obj
                0x100061ac                usbd_open_edpt_pair
 .text.usbd_edpt_claim
                0x10006238       0x8c CMakeFiles/pico_education.dir/C_/Users/Suna/Documents/Pico/pico-sdk/lib/tinyusb/src/device/usbd.c.obj
                0x10006238                usbd_edpt_claim
 .text.usbd_edpt_release
                0x100062c4       0x68 CMakeFiles/pico_education.dir/C_/Users/Suna/Documents/Pico/pico-sdk/lib/tinyusb/src/device/usbd.c.obj
                0x100062c4                usbd_edpt_release
 .text.usbd_edpt_xfer
                0x1000632c       0x80 CMakeFiles/pico_education.dir/C_/Users/Suna/Documents/Pico/pico-sdk/lib/tinyusb/src/device/usbd.c.obj
                0x1000632c                usbd_edpt_xfer
 .text.usbd_edpt_stall
                0x100063ac       0x40 CMakeFiles/pico_education.dir/C_/Users/Suna/Documents/Pico/pico-sdk/lib/tinyusb/src/device/usbd.c.obj
                0x100063ac                usbd_edpt_stall
 .text.usbd_edpt_clear_stall
                0x100063ec       0x40 CMakeFiles/pico_education.dir/C_/Users/Suna/Documents/Pico/pico-sdk/lib/tinyusb/src/device/usbd.c.obj
                0x100063ec                usbd_edpt_clear_stall
 .text.usbd_edpt_stalled
                0x1000642c       0x1c CMakeFiles/pico_education.dir/C_/Users/Suna/Documents/Pico/pico-sdk/lib/tinyusb/src/device/usbd.c.obj
                0x1000642c                usbd_edpt_stalled
 .text.process_control_request
                0x10006448      0x3b8 CMakeFiles/pico_education.dir/C_/Users/Suna/Documents/Pico/pico-sdk/lib/tinyusb/src/device/usbd.c.obj
 .text.tud_task
                0x10006800      0x218 CMakeFiles/pico_education.dir/C_/Users/Suna/Documents/Pico/pico-sdk/lib/tinyusb/src/device/usbd.c.obj
                0x10006800                tud_task
 .text._data_stage_xact
                0x10006a18       0x58 CMakeFiles/pico_education.dir/C_/Users/Suna/Documents/Pico/pico-sdk/lib/tinyusb/src/device/usbd_control.c.obj
 .text.tud_control_status
                0x10006a70       0x38 CMakeFiles/pico_education.dir/C_/Users/Suna/Documents/Pico/pico-sdk/lib/tinyusb/src/device/usbd_control.c.obj
                0x10006a70                tud_control_status
 .text.tud_control_xfer
                0x10006aa8       0xa8 CMakeFiles/pico_education.dir/C_/Users/Suna/Documents/Pico/pico-sdk/lib/tinyusb/src/device/usbd_control.c.obj
                0x10006aa8                tud_control_xfer
 .text.usbd_control_reset
                0x10006b50       0x14 CMakeFiles/pico_education.dir/C_/Users/Suna/Documents/Pico/pico-sdk/lib/tinyusb/src/device/usbd_control.c.obj
                0x10006b50                usbd_control_reset
 .text.usbd_control_set_complete_callback
                0x10006b64        0xc CMakeFiles/pico_education.dir/C_/Users/Suna/Documents/Pico/pico-sdk/lib/tinyusb/src/device/usbd_control.c.obj
                0x10006b64                usbd_control_set_complete_callback
 .text.usbd_control_set_request
                0x10006b70       0x1c CMakeFiles/pico_education.dir/C_/Users/Suna/Documents/Pico/pico-sdk/lib/tinyusb/src/device/usbd_control.c.obj
                0x10006b70                usbd_control_set_request
 .text.usbd_control_xfer_cb
                0x10006b8c       0xfc CMakeFiles/pico_education.dir/C_/Users/Suna/Documents/Pico/pico-sdk/lib/tinyusb/src/device/usbd_control.c.obj
                0x10006b8c                usbd_control_xfer_cb
 .text._prep_out_transaction
                0x10006c88       0x46 CMakeFiles/pico_education.dir/C_/Users/Suna/Documents/Pico/pico-sdk/lib/tinyusb/src/class/cdc/cdc_device.c.obj
 *fill*         0x10006cce        0x2 
 .text.tud_cdc_n_connected
                0x10006cd0       0x44 CMakeFiles/pico_education.dir/C_/Users/Suna/Documents/Pico/pico-sdk/lib/tinyusb/src/class/cdc/cdc_device.c.obj
                0x10006cd0                tud_cdc_n_connected
 .text.tud_cdc_n_available
                0x10006d14       0x18 CMakeFiles/pico_education.dir/C_/Users/Suna/Documents/Pico/pico-sdk/lib/tinyusb/src/class/cdc/cdc_device.c.obj
                0x10006d14                tud_cdc_n_available
 .text.tud_cdc_n_read
                0x10006d2c       0x28 CMakeFiles/pico_education.dir/C_/Users/Suna/Documents/Pico/pico-sdk/lib/tinyusb/src/class/cdc/cdc_device.c.obj
                0x10006d2c                tud_cdc_n_read
 .text.tud_cdc_n_write_flush
                0x10006d54       0xcc CMakeFiles/pico_education.dir/C_/Users/Suna/Documents/Pico/pico-sdk/lib/tinyusb/src/class/cdc/cdc_device.c.obj
                0x10006d54                tud_cdc_n_write_flush
 .text.tud_cdc_n_write
                0x10006e20       0x38 CMakeFiles/pico_education.dir/C_/Users/Suna/Documents/Pico/pico-sdk/lib/tinyusb/src/class/cdc/cdc_device.c.obj
                0x10006e20                tud_cdc_n_write
 .text.tud_cdc_n_write_available
                0x10006e58       0x1c CMakeFiles/pico_education.dir/C_/Users/Suna/Documents/Pico/pico-sdk/lib/tinyusb/src/class/cdc/cdc_device.c.obj
                0x10006e58                tud_cdc_n_write_available
 .text.cdcd_init
                0x10006e74       0xbc CMakeFiles/pico_education.dir/C_/Users/Suna/Documents/Pico/pico-sdk/lib/tinyusb/src/class/cdc/cdc_device.c.obj
                0x10006e74                cdcd_init
 .text.cdcd_reset
                0x10006f30       0x44 CMakeFiles/pico_education.dir/C_/Users/Suna/Documents/Pico/pico-sdk/lib/tinyusb/src/class/cdc/cdc_device.c.obj
                0x10006f30                cdcd_reset
 .text.cdcd_open
                0x10006f74       0xf8 CMakeFiles/pico_education.dir/C_/Users/Suna/Documents/Pico/pico-sdk/lib/tinyusb/src/class/cdc/cdc_device.c.obj
                0x10006f74                cdcd_open
 .text.cdcd_control_xfer_cb
                0x1000706c      0x134 CMakeFiles/pico_education.dir/C_/Users/Suna/Documents/Pico/pico-sdk/lib/tinyusb/src/class/cdc/cdc_device.c.obj
                0x1000706c                cdcd_control_xfer_cb
 .text.cdcd_xfer_cb
                0x100071a0      0x144 CMakeFiles/pico_education.dir/C_/Users/Suna/Documents/Pico/pico-sdk/lib/tinyusb/src/class/cdc/cdc_device.c.obj
                0x100071a0                cdcd_xfer_cb
 .text.tusb_init
                0x100072e4       0x24 CMakeFiles/pico_education.dir/C_/Users/Suna/Documents/Pico/pico-sdk/lib/tinyusb/src/tusb.c.obj
                0x100072e4                tusb_init
 .text.tusb_inited
                0x10007308        0xe CMakeFiles/pico_education.dir/C_/Users/Suna/Documents/Pico/pico-sdk/lib/tinyusb/src/tusb.c.obj
                0x10007308                tusb_inited
 *fill*         0x10007316        0x2 
 .text.tu_edpt_validate
                0x10007318       0xa8 CMakeFiles/pico_education.dir/C_/Users/Suna/Documents/Pico/pico-sdk/lib/tinyusb/src/tusb.c.obj
                0x10007318                tu_edpt_validate
 .text.tu_edpt_bind_driver
                0x100073c0       0x2a CMakeFiles/pico_education.dir/C_/Users/Suna/Documents/Pico/pico-sdk/lib/tinyusb/src/tusb.c.obj
                0x100073c0                tu_edpt_bind_driver
 .text.advance_pointer
                0x100073ea       0x18 CMakeFiles/pico_education.dir/C_/Users/Suna/Documents/Pico/pico-sdk/lib/tinyusb/src/common/tusb_fifo.c.obj
 .text.backward_pointer
                0x10007402       0x1e CMakeFiles/pico_education.dir/C_/Users/Suna/Documents/Pico/pico-sdk/lib/tinyusb/src/common/tusb_fifo.c.obj
 .text.get_relative_pointer
                0x10007420       0x10 CMakeFiles/pico_education.dir/C_/Users/Suna/Documents/Pico/pico-sdk/lib/tinyusb/src/common/tusb_fifo.c.obj
 .text._tu_fifo_peek
                0x10007430       0x50 CMakeFiles/pico_education.dir/C_/Users/Suna/Documents/Pico/pico-sdk/lib/tinyusb/src/common/tusb_fifo.c.obj
 .text._ff_pull_const_addr
                0x10007480       0x4c CMakeFiles/pico_education.dir/C_/Users/Suna/Documents/Pico/pico-sdk/lib/tinyusb/src/common/tusb_fifo.c.obj
 .text._ff_pull_n
                0x100074cc      0x10c CMakeFiles/pico_education.dir/C_/Users/Suna/Documents/Pico/pico-sdk/lib/tinyusb/src/common/tusb_fifo.c.obj
 .text._tu_fifo_peek_n
                0x100075d8       0x5e CMakeFiles/pico_education.dir/C_/Users/Suna/Documents/Pico/pico-sdk/lib/tinyusb/src/common/tusb_fifo.c.obj
 .text._tu_fifo_read_n
                0x10007636       0x4e CMakeFiles/pico_education.dir/C_/Users/Suna/Documents/Pico/pico-sdk/lib/tinyusb/src/common/tusb_fifo.c.obj
 .text._ff_push_const_addr
                0x10007684       0x40 CMakeFiles/pico_education.dir/C_/Users/Suna/Documents/Pico/pico-sdk/lib/tinyusb/src/common/tusb_fifo.c.obj
 .text._ff_push_n
                0x100076c4      0x108 CMakeFiles/pico_education.dir/C_/Users/Suna/Documents/Pico/pico-sdk/lib/tinyusb/src/common/tusb_fifo.c.obj
 .text._tu_fifo_write_n
                0x100077cc       0x9e CMakeFiles/pico_education.dir/C_/Users/Suna/Documents/Pico/pico-sdk/lib/tinyusb/src/common/tusb_fifo.c.obj
 .text.tu_fifo_config
                0x1000786a       0x72 CMakeFiles/pico_education.dir/C_/Users/Suna/Documents/Pico/pico-sdk/lib/tinyusb/src/common/tusb_fifo.c.obj
                0x1000786a                tu_fifo_config
 .text.tu_fifo_count
                0x100078dc       0x26 CMakeFiles/pico_education.dir/C_/Users/Suna/Documents/Pico/pico-sdk/lib/tinyusb/src/common/tusb_fifo.c.obj
                0x100078dc                tu_fifo_count
 .text.tu_fifo_empty
                0x10007902       0x10 CMakeFiles/pico_education.dir/C_/Users/Suna/Documents/Pico/pico-sdk/lib/tinyusb/src/common/tusb_fifo.c.obj
                0x10007902                tu_fifo_empty
 .text.tu_fifo_remaining
                0x10007912       0x20 CMakeFiles/pico_education.dir/C_/Users/Suna/Documents/Pico/pico-sdk/lib/tinyusb/src/common/tusb_fifo.c.obj
                0x10007912                tu_fifo_remaining
 .text.tu_fifo_read
                0x10007932       0x42 CMakeFiles/pico_education.dir/C_/Users/Suna/Documents/Pico/pico-sdk/lib/tinyusb/src/common/tusb_fifo.c.obj
                0x10007932                tu_fifo_read
 .text.tu_fifo_read_n
                0x10007974        0xa CMakeFiles/pico_education.dir/C_/Users/Suna/Documents/Pico/pico-sdk/lib/tinyusb/src/common/tusb_fifo.c.obj
                0x10007974                tu_fifo_read_n
 .text.tu_fifo_write
                0x1000797e       0x6c CMakeFiles/pico_education.dir/C_/Users/Suna/Documents/Pico/pico-sdk/lib/tinyusb/src/common/tusb_fifo.c.obj
                0x1000797e                tu_fifo_write
 .text.tu_fifo_write_n
                0x100079ea        0xa CMakeFiles/pico_education.dir/C_/Users/Suna/Documents/Pico/pico-sdk/lib/tinyusb/src/common/tusb_fifo.c.obj
                0x100079ea                tu_fifo_write_n
 .text.tu_fifo_clear
                0x100079f4       0x4c CMakeFiles/pico_education.dir/C_/Users/Suna/Documents/Pico/pico-sdk/lib/tinyusb/src/common/tusb_fifo.c.obj
                0x100079f4                tu_fifo_clear
 .text.tu_fifo_set_overwritable
                0x10007a40       0x3c CMakeFiles/pico_education.dir/C_/Users/Suna/Documents/Pico/pico-sdk/lib/tinyusb/src/common/tusb_fifo.c.obj
                0x10007a40                tu_fifo_set_overwritable
 .text._retrieve_unique_id_on_boot
                0x10007a7c       0x10 CMakeFiles/pico_education.dir/C_/Users/Suna/Documents/Pico/pico-sdk/src/rp2_common/pico_unique_id/unique_id.c.obj
 .text.pico_get_unique_board_id_string
                0x10007a8c       0x60 CMakeFiles/pico_education.dir/C_/Users/Suna/Documents/Pico/pico-sdk/src/rp2_common/pico_unique_id/unique_id.c.obj
                0x10007a8c                pico_get_unique_board_id_string
 .text.flash_get_unique_id
                0x10007aec       0x46 CMakeFiles/pico_education.dir/C_/Users/Suna/Documents/Pico/pico-sdk/src/rp2_common/hardware_flash/flash.c.obj
                0x10007aec                flash_get_unique_id
 .text.i2c_write_blocking_internal
                0x10007b32      0x140 CMakeFiles/pico_education.dir/C_/Users/Suna/Documents/Pico/pico-sdk/src/rp2_common/hardware_i2c/i2c.c.obj
 *fill*         0x10007c72        0x2 
 .text.i2c_set_baudrate
                0x10007c74       0xf0 CMakeFiles/pico_education.dir/C_/Users/Suna/Documents/Pico/pico-sdk/src/rp2_common/hardware_i2c/i2c.c.obj
                0x10007c74                i2c_set_baudrate
 .text.i2c_init
                0x10007d64       0x58 CMakeFiles/pico_education.dir/C_/Users/Suna/Documents/Pico/pico-sdk/src/rp2_common/hardware_i2c/i2c.c.obj
                0x10007d64                i2c_init
 .text.i2c_write_blocking
                0x10007dbc       0x18 CMakeFiles/pico_education.dir/C_/Users/Suna/Documents/Pico/pico-sdk/src/rp2_common/hardware_i2c/i2c.c.obj
                0x10007dbc                i2c_write_blocking
 .text.adc_init
                0x10007dd4       0x34 CMakeFiles/pico_education.dir/C_/Users/Suna/Documents/Pico/pico-sdk/src/rp2_common/hardware_adc/adc.c.obj
                0x10007dd4                adc_init
 .text.strlen   0x10007e08       0x5c c:/progra~2/gnuarm~1/102021~1.10/bin/../lib/gcc/arm-none-eabi/10.3.1/../../../../arm-none-eabi/lib/thumb/v6-m/nofp\libg.a(lib_a-strlen-stub.o)
                0x10007e08                strlen
 *(.fini)
 .fini          0x10007e64        0x4 c:/progra~2/gnuarm~1/102021~1.10/bin/../lib/gcc/arm-none-eabi/10.3.1/thumb/v6-m/nofp/crti.o
                0x10007e64                _fini
 .fini.__stub   0x10007e68       0x70 linker stubs
 *crtbegin.o(.ctors)
 *crtbegin?.o(.ctors)
 *(EXCLUDE_FILE(*crtend.o *crtend?.o) .ctors)
 *(SORT_BY_NAME(.ctors.*))
 *(.ctors)
 *crtbegin.o(.dtors)
 *crtbegin?.o(.dtors)
 *(EXCLUDE_FILE(*crtend.o *crtend?.o) .dtors)
 *(SORT_BY_NAME(.dtors.*))
 *(.dtors)
 *(.eh_frame*)
 .eh_frame      0x10007ed8        0x0 c:/progra~2/gnuarm~1/102021~1.10/bin/../lib/gcc/arm-none-eabi/10.3.1/thumb/v6-m/nofp/crtbegin.o
                0x10007ed8                . = ALIGN (0x4)

.glue_7         0x10007ed8        0x0
 .glue_7        0x10007ed8        0x0 linker stubs

.glue_7t        0x10007ed8        0x0
 .glue_7t       0x10007ed8        0x0 linker stubs

.vfp11_veneer   0x10007ed8        0x0
 .vfp11_veneer  0x10007ed8        0x0 linker stubs

.v4_bx          0x10007ed8        0x0
 .v4_bx         0x10007ed8        0x0 linker stubs

.iplt           0x10007ed8        0x0
 .iplt          0x10007ed8        0x0 c:/progra~2/gnuarm~1/102021~1.10/bin/../lib/gcc/arm-none-eabi/10.3.1/thumb/v6-m/nofp/crtbegin.o

.rodata         0x10007ed8     0x176c
 *(EXCLUDE_FILE(*libm.a: *libc.a:*lib_a-mem*.o *libgcc.a:) .rodata*)
 .rodata.disp_calendar.str1.4
                0x10007ed8       0x16 CMakeFiles/pico_education.dir/main.c.obj
 *fill*         0x10007eee        0x2 
 .rodata.disp_temperature.str1.4
                0x10007ef0        0x5 CMakeFiles/pico_education.dir/main.c.obj
                                  0xa (size before relaxing)
 *fill*         0x10007ef5        0x3 
 .rodata.__bi_74.0
                0x10007ef8        0x8 CMakeFiles/pico_education.dir/lcd_1602a.c.obj
 .rodata.str1.4
                0x10007f00       0x36 CMakeFiles/pico_education.dir/calendar.c.obj
 *fill*         0x10007f36        0x2 
 .rodata.days_of_week_str
                0x10007f38       0x1c CMakeFiles/pico_education.dir/calendar.c.obj
 .rodata.days_per_month
                0x10007f54        0xc CMakeFiles/pico_education.dir/calendar.c.obj
 .rodata.days_per_month_leap_year
                0x10007f60        0xc CMakeFiles/pico_education.dir/calendar.c.obj
 .rodata.spin_lock_claim_unused.str1.4
                0x10007f6c       0x1b CMakeFiles/pico_education.dir/C_/Users/Suna/Documents/Pico/pico-sdk/src/rp2_common/hardware_sync/sync.c.obj
 *fill*         0x10007f87        0x1 
 .rodata.repeating_timer_callback.str1.4
                0x10007f88       0x56 CMakeFiles/pico_education.dir/C_/Users/Suna/Documents/Pico/pico-sdk/src/common/pico_time/time.c.obj
 *fill*         0x10007fde        0x2 
 .rodata.alarm_pool_dump_key.str1.4
                0x10007fe0       0x33 CMakeFiles/pico_education.dir/C_/Users/Suna/Documents/Pico/pico-sdk/src/common/pico_time/time.c.obj
 *fill*         0x10008013        0x1 
 .rodata.ph_add_child_node.str1.4
                0x10008014       0xa2 CMakeFiles/pico_education.dir/C_/Users/Suna/Documents/Pico/pico-sdk/src/common/pico_time/time.c.obj
 *fill*         0x100080b6        0x2 
 .rodata.add_alarm_under_lock.str1.4
                0x100080b8       0x28 CMakeFiles/pico_education.dir/C_/Users/Suna/Documents/Pico/pico-sdk/src/common/pico_time/time.c.obj
                                 0x2b (size before relaxing)
 .rodata.alarm_pool_alarm_callback.str1.4
                0x100080e0       0xee CMakeFiles/pico_education.dir/C_/Users/Suna/Documents/Pico/pico-sdk/src/common/pico_time/time.c.obj
 *fill*         0x100081ce        0x2 
 .rodata.alarm_pool_get_default.str1.4
                0x100081d0       0x21 CMakeFiles/pico_education.dir/C_/Users/Suna/Documents/Pico/pico-sdk/src/common/pico_time/time.c.obj
 *fill*         0x100081f1        0x3 
 .rodata.alarm_pool_cancel_alarm.str1.4
                0x100081f4       0x27 CMakeFiles/pico_education.dir/C_/Users/Suna/Documents/Pico/pico-sdk/src/common/pico_time/time.c.obj
 *fill*         0x1000821b        0x1 
 .rodata.sleep_until.str1.4
                0x1000821c       0x4d CMakeFiles/pico_education.dir/C_/Users/Suna/Documents/Pico/pico-sdk/src/common/pico_time/time.c.obj
 *fill*         0x10008269        0x3 
 .rodata.__func__.0
                0x1000826c       0x19 CMakeFiles/pico_education.dir/C_/Users/Suna/Documents/Pico/pico-sdk/src/common/pico_time/time.c.obj
 *fill*         0x10008285        0x3 
 .rodata.__func__.1
                0x10008288       0x18 CMakeFiles/pico_education.dir/C_/Users/Suna/Documents/Pico/pico-sdk/src/common/pico_time/time.c.obj
 .rodata.__func__.10
                0x100082a0       0x15 CMakeFiles/pico_education.dir/C_/Users/Suna/Documents/Pico/pico-sdk/src/common/pico_time/time.c.obj
 *fill*         0x100082b5        0x3 
 .rodata.__func__.11
                0x100082b8       0x1a CMakeFiles/pico_education.dir/C_/Users/Suna/Documents/Pico/pico-sdk/src/common/pico_time/time.c.obj
 *fill*         0x100082d2        0x2 
 .rodata.__func__.12
                0x100082d4        0xa CMakeFiles/pico_education.dir/C_/Users/Suna/Documents/Pico/pico-sdk/src/common/pico_time/time.c.obj
 *fill*         0x100082de        0x2 
 .rodata.__func__.3
                0x100082e0       0x17 CMakeFiles/pico_education.dir/C_/Users/Suna/Documents/Pico/pico-sdk/src/common/pico_time/time.c.obj
 *fill*         0x100082f7        0x1 
 .rodata.__func__.4
                0x100082f8       0x12 CMakeFiles/pico_education.dir/C_/Users/Suna/Documents/Pico/pico-sdk/src/common/pico_time/time.c.obj
 *fill*         0x1000830a        0x2 
 .rodata.__func__.5
                0x1000830c        0xd CMakeFiles/pico_education.dir/C_/Users/Suna/Documents/Pico/pico-sdk/src/common/pico_time/time.c.obj
 *fill*         0x10008319        0x3 
 .rodata.__func__.6
                0x1000831c       0x12 CMakeFiles/pico_education.dir/C_/Users/Suna/Documents/Pico/pico-sdk/src/common/pico_time/time.c.obj
 *fill*         0x1000832e        0x2 
 .rodata.__func__.7
                0x10008330        0xf CMakeFiles/pico_education.dir/C_/Users/Suna/Documents/Pico/pico-sdk/src/common/pico_time/time.c.obj
 *fill*         0x1000833f        0x1 
 .rodata.__func__.8
                0x10008340        0xc CMakeFiles/pico_education.dir/C_/Users/Suna/Documents/Pico/pico-sdk/src/common/pico_time/time.c.obj
 .rodata.__func__.9
                0x1000834c       0x15 CMakeFiles/pico_education.dir/C_/Users/Suna/Documents/Pico/pico-sdk/src/common/pico_time/time.c.obj
 *fill*         0x10008361        0x3 
 .rodata.hardware_alarm_claim.str1.4
                0x10008364       0x22 CMakeFiles/pico_education.dir/C_/Users/Suna/Documents/Pico/pico-sdk/src/rp2_common/hardware_timer/timer.c.obj
 *fill*         0x10008386        0x2 
 .rodata.hardware_alarm_set_target.str1.4
                0x10008388       0x70 CMakeFiles/pico_education.dir/C_/Users/Suna/Documents/Pico/pico-sdk/src/rp2_common/hardware_timer/timer.c.obj
 .rodata.__func__.0
                0x100083f8       0x1a CMakeFiles/pico_education.dir/C_/Users/Suna/Documents/Pico/pico-sdk/src/rp2_common/hardware_timer/timer.c.obj
 *fill*         0x10008412        0x2 
 .rodata.str1.4
                0x10008414       0x95 CMakeFiles/pico_education.dir/C_/Users/Suna/Documents/Pico/pico-sdk/src/common/pico_sync/mutex.c.obj
                                0x101 (size before relaxing)
 *fill*         0x100084a9        0x3 
 .rodata.__func__.1
                0x100084ac        0xb CMakeFiles/pico_education.dir/C_/Users/Suna/Documents/Pico/pico-sdk/src/common/pico_sync/mutex.c.obj
 *fill*         0x100084b7        0x1 
 .rodata.__func__.3
                0x100084b8       0x18 CMakeFiles/pico_education.dir/C_/Users/Suna/Documents/Pico/pico-sdk/src/common/pico_sync/mutex.c.obj
 .rodata.__func__.4
                0x100084d0       0x15 CMakeFiles/pico_education.dir/C_/Users/Suna/Documents/Pico/pico-sdk/src/common/pico_sync/mutex.c.obj
 .rodata.ph_add_child_node.str1.4
                0x100084e5       0xa2 CMakeFiles/pico_education.dir/C_/Users/Suna/Documents/Pico/pico-sdk/src/common/pico_util/pheap.c.obj
 *fill*         0x100084e5        0x3 
 .rodata.ph_remove_any_head.str1.4
                0x100084e8       0x98 CMakeFiles/pico_education.dir/C_/Users/Suna/Documents/Pico/pico-sdk/src/common/pico_util/pheap.c.obj
 .rodata.ph_remove_and_free_node.str1.4
                0x10008580       0x26 CMakeFiles/pico_education.dir/C_/Users/Suna/Documents/Pico/pico-sdk/src/common/pico_util/pheap.c.obj
 *fill*         0x100085a6        0x2 
 .rodata.__func__.0
                0x100085a8       0x18 CMakeFiles/pico_education.dir/C_/Users/Suna/Documents/Pico/pico-sdk/src/common/pico_util/pheap.c.obj
 .rodata.__func__.1
                0x100085c0       0x13 CMakeFiles/pico_education.dir/C_/Users/Suna/Documents/Pico/pico-sdk/src/common/pico_util/pheap.c.obj
 *fill*         0x100085d3        0x1 
 .rodata.__func__.2
                0x100085d4       0x12 CMakeFiles/pico_education.dir/C_/Users/Suna/Documents/Pico/pico-sdk/src/common/pico_util/pheap.c.obj
 *fill*         0x100085e6        0x2 
 .rodata.__func__.3
                0x100085e8        0xc CMakeFiles/pico_education.dir/C_/Users/Suna/Documents/Pico/pico-sdk/src/common/pico_util/pheap.c.obj
 .rodata.__assert_func.str1.4
                0x100085f4       0x3f CMakeFiles/pico_education.dir/C_/Users/Suna/Documents/Pico/pico-sdk/src/rp2_common/pico_runtime/runtime.c.obj
                                 0x43 (size before relaxing)
 *fill*         0x10008633        0x1 
 .rodata.runtime_init.str1.4
                0x10008634       0x6c CMakeFiles/pico_education.dir/C_/Users/Suna/Documents/Pico/pico-sdk/src/rp2_common/pico_runtime/runtime.c.obj
 .rodata.panic.str1.4
                0x100086a0       0x12 CMakeFiles/pico_education.dir/C_/Users/Suna/Documents/Pico/pico-sdk/src/rp2_common/pico_runtime/runtime.c.obj
 *fill*         0x100086b2        0x2 
 .rodata.__func__.1
                0x100086b4        0xd CMakeFiles/pico_education.dir/C_/Users/Suna/Documents/Pico/pico-sdk/src/rp2_common/pico_runtime/runtime.c.obj
 *fill*         0x100086c1        0x3 
 .rodata.clock_configure.str1.4
                0x100086c4       0x62 CMakeFiles/pico_education.dir/C_/Users/Suna/Documents/Pico/pico-sdk/src/rp2_common/hardware_clocks/clocks.c.obj
 *fill*         0x10008726        0x2 
 .rodata.__func__.1
                0x10008728       0x10 CMakeFiles/pico_education.dir/C_/Users/Suna/Documents/Pico/pico-sdk/src/rp2_common/hardware_clocks/clocks.c.obj
 .rodata.make_branch.str1.4
                0x10008738       0x58 CMakeFiles/pico_education.dir/C_/Users/Suna/Documents/Pico/pico-sdk/src/rp2_common/hardware_irq/irq.c.obj
 .rodata.irq_set_exclusive_handler.str1.4
                0x10008790       0x36 CMakeFiles/pico_education.dir/C_/Users/Suna/Documents/Pico/pico-sdk/src/rp2_common/hardware_irq/irq.c.obj
 *fill*         0x100087c6        0x2 
 .rodata.irq_add_shared_handler.str1.4
                0x100087c8       0xd9 CMakeFiles/pico_education.dir/C_/Users/Suna/Documents/Pico/pico-sdk/src/rp2_common/hardware_irq/irq.c.obj
 *fill*         0x100088a1        0x3 
 .rodata.irq_remove_handler.str1.4
                0x100088a4       0x2a CMakeFiles/pico_education.dir/C_/Users/Suna/Documents/Pico/pico-sdk/src/rp2_common/hardware_irq/irq.c.obj
 *fill*         0x100088ce        0x2 
 .rodata.irq_add_tail_to_free_list.str1.4
                0x100088d0       0x32 CMakeFiles/pico_education.dir/C_/Users/Suna/Documents/Pico/pico-sdk/src/rp2_common/hardware_irq/irq.c.obj
                                 0x3a (size before relaxing)
 *fill*         0x10008902        0x2 
 .rodata.__func__.0
                0x10008904       0x1a CMakeFiles/pico_education.dir/C_/Users/Suna/Documents/Pico/pico-sdk/src/rp2_common/hardware_irq/irq.c.obj
 *fill*         0x1000891e        0x2 
 .rodata.__func__.1
                0x10008920       0x17 CMakeFiles/pico_education.dir/C_/Users/Suna/Documents/Pico/pico-sdk/src/rp2_common/hardware_irq/irq.c.obj
 *fill*         0x10008937        0x1 
 .rodata.__func__.2
                0x10008938       0x13 CMakeFiles/pico_education.dir/C_/Users/Suna/Documents/Pico/pico-sdk/src/rp2_common/hardware_irq/irq.c.obj
 *fill*         0x1000894b        0x1 
 .rodata.__func__.3
                0x1000894c        0xc CMakeFiles/pico_education.dir/C_/Users/Suna/Documents/Pico/pico-sdk/src/rp2_common/hardware_irq/irq.c.obj
 .rodata.__func__.4
                0x10008958        0xf CMakeFiles/pico_education.dir/C_/Users/Suna/Documents/Pico/pico-sdk/src/rp2_common/hardware_irq/irq.c.obj
 *fill*         0x10008967        0x1 
 .rodata.__func__.6
                0x10008968       0x1a CMakeFiles/pico_education.dir/C_/Users/Suna/Documents/Pico/pico-sdk/src/rp2_common/hardware_irq/irq.c.obj
 *fill*         0x10008982        0x2 
 .rodata.pll_init.str1.4
                0x10008984       0xe3 CMakeFiles/pico_education.dir/C_/Users/Suna/Documents/Pico/pico-sdk/src/rp2_common/hardware_pll/pll.c.obj
 *fill*         0x10008a67        0x1 
 .rodata.__func__.0
                0x10008a68        0x9 CMakeFiles/pico_education.dir/C_/Users/Suna/Documents/Pico/pico-sdk/src/rp2_common/hardware_pll/pll.c.obj
 *fill*         0x10008a71        0x3 
 .rodata._ftoa.str1.4
                0x10008a74       0x15 CMakeFiles/pico_education.dir/C_/Users/Suna/Documents/Pico/pico-sdk/src/rp2_common/pico_printf/printf.c.obj
 *fill*         0x10008a89        0x3 
 .rodata._vsnprintf
                0x10008a8c      0x1e0 CMakeFiles/pico_education.dir/C_/Users/Suna/Documents/Pico/pico-sdk/src/rp2_common/pico_printf/printf.c.obj
 *fill*         0x10008c6c        0x4 
 .rodata.pow10.0
                0x10008c70       0x50 CMakeFiles/pico_education.dir/C_/Users/Suna/Documents/Pico/pico-sdk/src/rp2_common/pico_printf/printf.c.obj
 .rodata.__aeabi_double_init.str1.4
                0x10008cc0       0xb3 CMakeFiles/pico_education.dir/C_/Users/Suna/Documents/Pico/pico-sdk/src/rp2_common/pico_double/double_init_rom.c.obj
 *fill*         0x10008d73        0x1 
 .rodata.__func__.0
                0x10008d74       0x14 CMakeFiles/pico_education.dir/C_/Users/Suna/Documents/Pico/pico-sdk/src/rp2_common/pico_double/double_init_rom.c.obj
 .rodata.__aeabi_float_init.str1.4
                0x10008d88       0x85 CMakeFiles/pico_education.dir/C_/Users/Suna/Documents/Pico/pico-sdk/src/rp2_common/pico_float/float_init_rom.c.obj
                                 0x89 (size before relaxing)
 *fill*         0x10008e0d        0x3 
 .rodata.__func__.0
                0x10008e10       0x13 CMakeFiles/pico_education.dir/C_/Users/Suna/Documents/Pico/pico-sdk/src/rp2_common/pico_float/float_init_rom.c.obj
 *fill*         0x10008e23        0x1 
 .rodata.str1.4
                0x10008e24       0x44 CMakeFiles/pico_education.dir/C_/Users/Suna/Documents/Pico/pico-sdk/src/rp2_common/pico_standard_link/binary_info.c.obj
 .rodata.__bi_44
                0x10008e68        0xc CMakeFiles/pico_education.dir/C_/Users/Suna/Documents/Pico/pico-sdk/src/rp2_common/pico_standard_link/binary_info.c.obj
 .rodata.__bi_75
                0x10008e74        0xc CMakeFiles/pico_education.dir/C_/Users/Suna/Documents/Pico/pico-sdk/src/rp2_common/pico_standard_link/binary_info.c.obj
 .rodata.__bi_81
                0x10008e80        0xc CMakeFiles/pico_education.dir/C_/Users/Suna/Documents/Pico/pico-sdk/src/rp2_common/pico_standard_link/binary_info.c.obj
 .rodata.crlf_str.3
                0x10008e8c        0x2 CMakeFiles/pico_education.dir/C_/Users/Suna/Documents/Pico/pico-sdk/src/rp2_common/pico_stdio/stdio.c.obj
 *fill*         0x10008e8e        0x2 
 .rodata._resetd_driver
                0x10008e90       0x18 CMakeFiles/pico_education.dir/C_/Users/Suna/Documents/Pico/pico-sdk/src/rp2_common/pico_stdio_usb/reset_interface.c.obj
 .rodata.stdio_usb_init.str1.4
                0x10008ea8       0x6c CMakeFiles/pico_education.dir/C_/Users/Suna/Documents/Pico/pico-sdk/src/rp2_common/pico_stdio_usb/stdio_usb.c.obj
 .rodata.str1.4
                0x10008ea8       0x13 CMakeFiles/pico_education.dir/C_/Users/Suna/Documents/Pico/pico-sdk/src/rp2_common/pico_stdio_usb/stdio_usb.c.obj
 *fill*         0x10008ebb        0x1 
 .rodata.__bi_93.1
                0x10008ebc        0xc CMakeFiles/pico_education.dir/C_/Users/Suna/Documents/Pico/pico-sdk/src/rp2_common/pico_stdio_usb/stdio_usb.c.obj
 .rodata.__func__.0
                0x10008ec8       0x15 CMakeFiles/pico_education.dir/C_/Users/Suna/Documents/Pico/pico-sdk/src/rp2_common/pico_stdio_usb/stdio_usb.c.obj
 *fill*         0x10008edd        0x3 
 .rodata.str1.4
                0x10008ee0       0x2a CMakeFiles/pico_education.dir/C_/Users/Suna/Documents/Pico/pico-sdk/src/rp2_common/pico_stdio_usb/stdio_usb_descriptors.c.obj
 *fill*         0x10008f0a        0x2 
 .rodata.usbd_desc_cfg
                0x10008f0c       0x54 CMakeFiles/pico_education.dir/C_/Users/Suna/Documents/Pico/pico-sdk/src/rp2_common/pico_stdio_usb/stdio_usb_descriptors.c.obj
 .rodata.usbd_desc_device
                0x10008f60       0x12 CMakeFiles/pico_education.dir/C_/Users/Suna/Documents/Pico/pico-sdk/src/rp2_common/pico_stdio_usb/stdio_usb_descriptors.c.obj
 *fill*         0x10008f72        0x2 
 .rodata.usbd_desc_str
                0x10008f74       0x18 CMakeFiles/pico_education.dir/C_/Users/Suna/Documents/Pico/pico-sdk/src/rp2_common/pico_stdio_usb/stdio_usb_descriptors.c.obj
 .rodata._hw_endpoint_alloc.str1.4
                0x10008f8c       0xc1 CMakeFiles/pico_education.dir/C_/Users/Suna/Documents/Pico/pico-sdk/lib/tinyusb/src/portable/raspberrypi/rp2040/dcd_rp2040.c.obj
 *fill*         0x1000904d        0x3 
 .rodata.dcd_rp2040_irq.str1.4
                0x10009050       0x14 CMakeFiles/pico_education.dir/C_/Users/Suna/Documents/Pico/pico-sdk/lib/tinyusb/src/portable/raspberrypi/rp2040/dcd_rp2040.c.obj
 .rodata.dcd_int_enable.str1.4
                0x10009064        0xc CMakeFiles/pico_education.dir/C_/Users/Suna/Documents/Pico/pico-sdk/lib/tinyusb/src/portable/raspberrypi/rp2040/dcd_rp2040.c.obj
 .rodata.__func__.0
                0x10009070        0xe CMakeFiles/pico_education.dir/C_/Users/Suna/Documents/Pico/pico-sdk/lib/tinyusb/src/portable/raspberrypi/rp2040/dcd_rp2040.c.obj
 *fill*         0x1000907e        0x2 
 .rodata.__func__.1
                0x10009080        0xe CMakeFiles/pico_education.dir/C_/Users/Suna/Documents/Pico/pico-sdk/lib/tinyusb/src/portable/raspberrypi/rp2040/dcd_rp2040.c.obj
 *fill*         0x1000908e        0x2 
 .rodata.__func__.3
                0x10009090       0x10 CMakeFiles/pico_education.dir/C_/Users/Suna/Documents/Pico/pico-sdk/lib/tinyusb/src/portable/raspberrypi/rp2040/dcd_rp2040.c.obj
 .rodata.__func__.5
                0x100090a0        0xf CMakeFiles/pico_education.dir/C_/Users/Suna/Documents/Pico/pico-sdk/lib/tinyusb/src/portable/raspberrypi/rp2040/dcd_rp2040.c.obj
 *fill*         0x100090af        0x1 
 .rodata.__func__.6
                0x100090b0       0x13 CMakeFiles/pico_education.dir/C_/Users/Suna/Documents/Pico/pico-sdk/lib/tinyusb/src/portable/raspberrypi/rp2040/dcd_rp2040.c.obj
 *fill*         0x100090c3        0x1 
 .rodata.__func__.7
                0x100090c4        0x9 CMakeFiles/pico_education.dir/C_/Users/Suna/Documents/Pico/pico-sdk/lib/tinyusb/src/portable/raspberrypi/rp2040/dcd_rp2040.c.obj
 *fill*         0x100090cd        0x3 
 .rodata.sync_ep_buffer.str1.4
                0x100090d0       0x9d CMakeFiles/pico_education.dir/C_/Users/Suna/Documents/Pico/pico-sdk/lib/tinyusb/src/portable/raspberrypi/rp2040/rp2040_usb.c.obj
 *fill*         0x1000916d        0x3 
 .rodata._hw_endpoint_buffer_control_update32.str1.4
                0x10009170       0x1f CMakeFiles/pico_education.dir/C_/Users/Suna/Documents/Pico/pico-sdk/lib/tinyusb/src/portable/raspberrypi/rp2040/rp2040_usb.c.obj
 *fill*         0x1000918f        0x1 
 .rodata.hw_endpoint_xfer_start.str1.4
                0x10009190       0x38 CMakeFiles/pico_education.dir/C_/Users/Suna/Documents/Pico/pico-sdk/lib/tinyusb/src/portable/raspberrypi/rp2040/rp2040_usb.c.obj
 .rodata.hw_endpoint_xfer_continue.str1.4
                0x100091c8       0x29 CMakeFiles/pico_education.dir/C_/Users/Suna/Documents/Pico/pico-sdk/lib/tinyusb/src/portable/raspberrypi/rp2040/rp2040_usb.c.obj
 *fill*         0x100091f1        0x3 
 .rodata.str1.4
                0x100091f4        0x7 CMakeFiles/pico_education.dir/C_/Users/Suna/Documents/Pico/pico-sdk/lib/tinyusb/src/portable/raspberrypi/rp2040/rp2040_usb.c.obj
 *fill*         0x100091fb        0x1 
 .rodata.__func__.0
                0x100091fc        0xf CMakeFiles/pico_education.dir/C_/Users/Suna/Documents/Pico/pico-sdk/lib/tinyusb/src/portable/raspberrypi/rp2040/rp2040_usb.c.obj
 *fill*         0x1000920b        0x1 
 .rodata.process_set_config.str1.4
                0x1000920c       0x17 CMakeFiles/pico_education.dir/C_/Users/Suna/Documents/Pico/pico-sdk/lib/tinyusb/src/device/usbd.c.obj
 *fill*         0x10009223        0x1 
 .rodata.process_get_descriptor
                0x10009224       0x40 CMakeFiles/pico_education.dir/C_/Users/Suna/Documents/Pico/pico-sdk/lib/tinyusb/src/device/usbd.c.obj
 .rodata.process_control_request
                0x10009264       0x28 CMakeFiles/pico_education.dir/C_/Users/Suna/Documents/Pico/pico-sdk/lib/tinyusb/src/device/usbd.c.obj
 .rodata.tud_task
                0x1000928c       0x24 CMakeFiles/pico_education.dir/C_/Users/Suna/Documents/Pico/pico-sdk/lib/tinyusb/src/device/usbd.c.obj
 .rodata.__func__.2
                0x100092b0        0xf CMakeFiles/pico_education.dir/C_/Users/Suna/Documents/Pico/pico-sdk/lib/tinyusb/src/device/usbd.c.obj
 *fill*         0x100092bf        0x1 
 .rodata.__func__.3
                0x100092c0        0xf CMakeFiles/pico_education.dir/C_/Users/Suna/Documents/Pico/pico-sdk/lib/tinyusb/src/device/usbd.c.obj
 *fill*         0x100092cf        0x1 
 .rodata.__func__.4
                0x100092d0       0x14 CMakeFiles/pico_education.dir/C_/Users/Suna/Documents/Pico/pico-sdk/lib/tinyusb/src/device/usbd.c.obj
 .rodata.__func__.5
                0x100092e4       0x10 CMakeFiles/pico_education.dir/C_/Users/Suna/Documents/Pico/pico-sdk/lib/tinyusb/src/device/usbd.c.obj
 .rodata.__func__.6
                0x100092f4       0x17 CMakeFiles/pico_education.dir/C_/Users/Suna/Documents/Pico/pico-sdk/lib/tinyusb/src/device/usbd.c.obj
 *fill*         0x1000930b        0x1 
 .rodata.__func__.7
                0x1000930c       0x13 CMakeFiles/pico_education.dir/C_/Users/Suna/Documents/Pico/pico-sdk/lib/tinyusb/src/device/usbd.c.obj
 *fill*         0x1000931f        0x1 
 .rodata.__func__.8
                0x10009320       0x18 CMakeFiles/pico_education.dir/C_/Users/Suna/Documents/Pico/pico-sdk/lib/tinyusb/src/device/usbd.c.obj
 .rodata.__func__.9
                0x10009338        0x9 CMakeFiles/pico_education.dir/C_/Users/Suna/Documents/Pico/pico-sdk/lib/tinyusb/src/device/usbd.c.obj
 *fill*         0x10009341        0x3 
 .rodata._usbd_driver
                0x10009344       0x18 CMakeFiles/pico_education.dir/C_/Users/Suna/Documents/Pico/pico-sdk/lib/tinyusb/src/device/usbd.c.obj
 .rodata.tud_control_xfer.str1.4
                0x1000935c       0x17 CMakeFiles/pico_education.dir/C_/Users/Suna/Documents/Pico/pico-sdk/lib/tinyusb/src/device/usbd_control.c.obj
 .rodata.__func__.0
                0x1000935c       0x15 CMakeFiles/pico_education.dir/C_/Users/Suna/Documents/Pico/pico-sdk/lib/tinyusb/src/device/usbd_control.c.obj
 *fill*         0x10009371        0x3 
 .rodata.__func__.1
                0x10009374       0x11 CMakeFiles/pico_education.dir/C_/Users/Suna/Documents/Pico/pico-sdk/lib/tinyusb/src/device/usbd_control.c.obj
 .rodata.tud_cdc_n_write_flush.str1.4
                0x10009385       0x17 CMakeFiles/pico_education.dir/C_/Users/Suna/Documents/Pico/pico-sdk/lib/tinyusb/src/class/cdc/cdc_device.c.obj
 *fill*         0x10009385        0x3 
 .rodata.__func__.0
                0x10009388        0xd CMakeFiles/pico_education.dir/C_/Users/Suna/Documents/Pico/pico-sdk/lib/tinyusb/src/class/cdc/cdc_device.c.obj
 *fill*         0x10009395        0x3 
 .rodata.__func__.1
                0x10009398        0xa CMakeFiles/pico_education.dir/C_/Users/Suna/Documents/Pico/pico-sdk/lib/tinyusb/src/class/cdc/cdc_device.c.obj
 *fill*         0x100093a2        0x2 
 .rodata.__func__.2