Archive member included to satisfy reference by file (symbol)

c:/progra~2/gnuarm~1/102021~1.10/bin/../lib/gcc/arm-none-eabi/10.3.1/thumb/v6-m/nofp\libgcc.a(_dvmd_tls.o)
                              CMakeFiles/pico_education.dir/C_/Users/Suna/Documents/Pico/pico-sdk/src/rp2_common/pico_divider/divider.S.obj (__aeabi_idiv0)
c:/progra~2/gnuarm~1/102021~1.10/bin/../lib/gcc/arm-none-eabi/10.3.1/../../../../arm-none-eabi/lib/thumb/v6-m/nofp\libg.a(lib_a-calloc.o)
                              CMakeFiles/pico_education.dir/C_/Users/Suna/Documents/Pico/pico-sdk/src/rp2_common/pico_malloc/pico_malloc.c.obj (calloc)
c:/progra~2/gnuarm~1/102021~1.10/bin/../lib/gcc/arm-none-eabi/10.3.1/../../../../arm-none-eabi/lib/thumb/v6-m/nofp\libg.a(lib_a-callocr.o)
                              c:/progra~2/gnuarm~1/102021~1.10/bin/../lib/gcc/arm-none-eabi/10.3.1/../../../../arm-none-eabi/lib/thumb/v6-m/nofp\libg.a(lib_a-calloc.o) (_calloc_r)
c:/progra~2/gnuarm~1/102021~1.10/bin/../lib/gcc/arm-none-eabi/10.3.1/../../../../arm-none-eabi/lib/thumb/v6-m/nofp\libg.a(lib_a-ctype_.o)
                              CMakeFiles/pico_education.dir/C_/Users/Suna/Documents/Pico/pico-sdk/lib/tinyusb/src/tusb.c.obj (_ctype_)
c:/progra~2/gnuarm~1/102021~1.10/bin/../lib/gcc/arm-none-eabi/10.3.1/../../../../arm-none-eabi/lib/thumb/v6-m/nofp\libg.a(lib_a-errno.o)
                              c:/progra~2/gnuarm~1/102021~1.10/bin/../lib/gcc/arm-none-eabi/10.3.1/../../../../arm-none-eabi/lib/thumb/v6-m/nofp\libg.a(lib_a-callocr.o) (__errno)
c:/progra~2/gnuarm~1/102021~1.10/bin/../lib/gcc/arm-none-eabi/10.3.1/../../../../arm-none-eabi/lib/thumb/v6-m/nofp\libg.a(lib_a-impure.o)
                              c:/progra~2/gnuarm~1/102021~1.10/bin/../lib/gcc/arm-none-eabi/10.3.1/../../../../arm-none-eabi/lib/thumb/v6-m/nofp\libg.a(lib_a-calloc.o) (_impure_ptr)
c:/progra~2/gnuarm~1/102021~1.10/bin/../lib/gcc/arm-none-eabi/10.3.1/../../../../arm-none-eabi/lib/thumb/v6-m/nofp\libg.a(lib_a-init.o)
                              c:/progra~2/gnuarm~1/102021~1.10/bin/../lib/gcc/arm-none-eabi/10.3.1/../../../../arm-none-eabi/lib/thumb/v6-m/nofp/crt0.o (__libc_init_array)
c:/progra~2/gnuarm~1/102021~1.10/bin/../lib/gcc/arm-none-eabi/10.3.1/../../../../arm-none-eabi/lib/thumb/v6-m/nofp\libg.a(lib_a-malloc.o)
                              CMakeFiles/pico_education.dir/C_/Users/Suna/Documents/Pico/pico-sdk/src/rp2_common/pico_malloc/pico_malloc.c.obj (malloc)
c:/progra~2/gnuarm~1/102021~1.10/bin/../lib/gcc/arm-none-eabi/10.3.1/../../../../arm-none-eabi/lib/thumb/v6-m/nofp\libg.a(lib_a-mallocr.o)
                              c:/progra~2/gnuarm~1/102021~1.10/bin/../lib/gcc/arm-none-eabi/10.3.1/../../../../arm-none-eabi/lib/thumb/v6-m/nofp\libg.a(lib_a-callocr.o) (_malloc_r)
c:/progra~2/gnuarm~1/102021~1.10/bin/../lib/gcc/arm-none-eabi/10.3.1/../../../../arm-none-eabi/lib/thumb/v6-m/nofp\libg.a(lib_a-mlock.o)
                              c:/progra~2/gnuarm~1/102021~1.10/bin/../lib/gcc/arm-none-eabi/10.3.1/../../../../arm-none-eabi/lib/thumb/v6-m/nofp\libg.a(lib_a-mallocr.o) (__malloc_lock)
c:/progra~2/gnuarm~1/102021~1.10/bin/../lib/gcc/arm-none-eabi/10.3.1/../../../../arm-none-eabi/lib/thumb/v6-m/nofp\libg.a(lib_a-sbrkr.o)
                              c:/progra~2/gnuarm~1/102021~1.10/bin/../lib/gcc/arm-none-eabi/10.3.1/../../../../arm-none-eabi/lib/thumb/v6-m/nofp\libg.a(lib_a-mallocr.o) (_sbrk_r)
c:/progra~2/gnuarm~1/102021~1.10/bin/../lib/gcc/arm-none-eabi/10.3.1/../../../../arm-none-eabi/lib/thumb/v6-m/nofp\libg.a(lib_a-strlen-stub.o)
                              CMakeFiles/pico_education.dir/C_/Users/Suna/Documents/Pico/pico-sdk/src/rp2_common/pico_stdio/stdio.c.obj (strlen)
c:/progra~2/gnuarm~1/102021~1.10/bin/../lib/gcc/arm-none-eabi/10.3.1/../../../../arm-none-eabi/lib/thumb/v6-m/nofp\libg.a(lib_a-freer.o)
                              c:/progra~2/gnuarm~1/102021~1.10/bin/../lib/gcc/arm-none-eabi/10.3.1/../../../../arm-none-eabi/lib/thumb/v6-m/nofp\libg.a(lib_a-malloc.o) (_free_r)
c:/progra~2/gnuarm~1/102021~1.10/bin/../lib/gcc/arm-none-eabi/10.3.1/../../../../arm-none-eabi/lib/thumb/v6-m/nofp\libg.a(lib_a-lock.o)
                              c:/progra~2/gnuarm~1/102021~1.10/bin/../lib/gcc/arm-none-eabi/10.3.1/../../../../arm-none-eabi/lib/thumb/v6-m/nofp\libg.a(lib_a-mlock.o) (__retarget_lock_acquire_recursive)
c:/progra~2/gnuarm~1/102021~1.10/bin/../lib/gcc/arm-none-eabi/10.3.1/../../../../arm-none-eabi/lib/thumb/v6-m/nofp\libg.a(lib_a-reent.o)
                              c:/progra~2/gnuarm~1/102021~1.10/bin/../lib/gcc/arm-none-eabi/10.3.1/../../../../arm-none-eabi/lib/thumb/v6-m/nofp\libg.a(lib_a-sbrkr.o) (errno)

Discarded input sections

 .text          0x00000000        0x0 c:/progra~2/gnuarm~1/102021~1.10/bin/../lib/gcc/arm-none-eabi/10.3.1/thumb/v6-m/nofp/crti.o
 .data          0x00000000        0x0 c:/progra~2/gnuarm~1/102021~1.10/bin/../lib/gcc/arm-none-eabi/10.3.1/thumb/v6-m/nofp/crti.o
[...]
Memory Configuration

Name             Origin             Length             Attributes
FLASH            0x10000000         0x00200000         xr
RAM              0x20000000         0x00040000         xrw
SCRATCH_X        0x20040000         0x00001000         xrw
SCRATCH_Y        0x20041000         0x00001000         xrw
*default*        0x00000000         0xffffffff

Linker script and memory map

LOAD c:/progra~2/gnuarm~1/102021~1.10/bin/../lib/gcc/arm-none-eabi/10.3.1/thumb/v6-m/nofp/crti.o
LOAD c:/progra~2/gnuarm~1/102021~1.10/bin/../lib/gcc/arm-none-eabi/10.3.1/thumb/v6-m/nofp/crtbegin.o
LOAD c:/progra~2/gnuarm~1/102021~1.10/bin/../lib/gcc/arm-none-eabi/10.3.1/../../../../arm-none-eabi/lib/thumb/v6-m/nofp/crt0.o

.flash_begin    0x10000000        0x0
                0x10000000                __flash_binary_start = .

.boot2          0x10000000      0x100
                0x10000000                __boot2_start__ = .
 *(.boot2)
 .boot2         0x10000000      0x100 C:\Users\Suna\AppData\Local\Temp\cc4HtIzd.o
                0x10000100                __boot2_end__ = .
                0x00000001                ASSERT (((__boot2_end__ - __boot2_start__) == 0x100), ERROR: Pico second stage bootloader must be 256 bytes in size)

.text           0x10000100     0x8238
                0x10000100                __logical_binary_start = .
 *(.vectors)
 .vectors       0x10000100       0xd4 CMakeFiles/pico_education.dir/C_/Users/Suna/Documents/Pico/pico-sdk/src/rp2_common/pico_standard_link/crt0.S.obj
                0x10000100                __VECTOR_TABLE
                0x10000100                __vectors
                0x100001c0                isr_invalid
                0x100001c0                __default_isrs_start
                0x100001c2                isr_nmi
                0x100001c4                isr_hardfault
                0x100001c6                isr_svcall
                0x100001c8                isr_pendsv
                0x100001ca                isr_systick
                0x100001cc                isr_irq23
                0x100001cc                isr_irq18
                0x100001cc                isr_irq11
                0x100001cc                isr_irq28
                0x100001cc                isr_irq19
                0x100001cc                isr_irq0
                0x100001cc                isr_irq6
                0x100001cc                isr_irq5
                0x100001cc                isr_irq12
                0x100001cc                isr_irq22
                0x100001cc                isr_irq31
                0x100001cc                isr_irq17
                0x100001cc                isr_irq27
                0x100001cc                isr_irq30
                0x100001cc                isr_irq2
                0x100001cc                isr_irq10
                0x100001cc                isr_irq8
                0x100001cc                isr_irq24
                0x100001cc                isr_irq1
                0x100001cc                isr_irq7
                0x100001cc                isr_irq21
                0x100001cc                isr_irq20
                0x100001cc                isr_irq15
                0x100001cc                isr_irq25
                0x100001cc                isr_irq13
                0x100001cc                __unhandled_user_irq
                0x100001cc                isr_irq4
                0x100001cc                isr_irq16
                0x100001cc                isr_irq29
                0x100001cc                isr_irq26
                0x100001cc                __default_isrs_end
                0x100001cc                isr_irq3
                0x100001cc                isr_irq14
                0x100001cc                isr_irq9
                0x100001d2                unhandled_user_irq_num_in_r0
 *(.binary_info_header)
 .binary_info_header
                0x100001d4       0x14 CMakeFiles/pico_education.dir/C_/Users/Suna/Documents/Pico/pico-sdk/src/rp2_common/pico_standard_link/crt0.S.obj
                0x100001e8                __binary_info_header_end = .
 *(.reset)
 .reset         0x100001e8       0xa8 CMakeFiles/pico_education.dir/C_/Users/Suna/Documents/Pico/pico-sdk/src/rp2_common/pico_standard_link/crt0.S.obj
                0x100001e8                _entry_point
                0x10000266                __get_current_exception
 .reset         0x10000290       0x30 CMakeFiles/pico_education.dir/C_/Users/Suna/Documents/Pico/pico-sdk/src/rp2_common/pico_standard_link/binary_info.c.obj
 *(.init)
 .init          0x100002c0        0x4 c:/progra~2/gnuarm~1/102021~1.10/bin/../lib/gcc/arm-none-eabi/10.3.1/thumb/v6-m/nofp/crti.o
                0x100002c0                _init
 *(EXCLUDE_FILE(*libm.a: *libc.a:*lib_a-mem*.o *libgcc.a:) .text*)
 .text          0x100002c4       0x48 c:/progra~2/gnuarm~1/102021~1.10/bin/../lib/gcc/arm-none-eabi/10.3.1/thumb/v6-m/nofp/crtbegin.o
 .text.main     0x1000030c       0x2e CMakeFiles/pico_education.dir/main.c.obj
                0x1000030c                main
 *fill*         0x1000033a        0x2 
 .text.lcd_i2c_init
                0x1000033c       0x38 CMakeFiles/pico_education.dir/lcd_1602a.c.obj
 .text.lcd_i2c_write_byte
                0x10000374       0x20 CMakeFiles/pico_education.dir/lcd_1602a.c.obj
 .text.lcd_toggle_enable
                0x10000394       0x38 CMakeFiles/pico_education.dir/lcd_1602a.c.obj
 .text.lcd_send_byte
                0x100003cc       0x38 CMakeFiles/pico_education.dir/lcd_1602a.c.obj
 .text.lcd_char
                0x10000404        0xa CMakeFiles/pico_education.dir/lcd_1602a.c.obj
 .text.lcd_clear
                0x1000040e        0xc CMakeFiles/pico_education.dir/lcd_1602a.c.obj
                0x1000040e                lcd_clear
 .text.lcd_init
                0x1000041a       0x44 CMakeFiles/pico_education.dir/lcd_1602a.c.obj
                0x1000041a                lcd_init
 .text.lcd_setcursor
                0x1000045e       0x1a CMakeFiles/pico_education.dir/lcd_1602a.c.obj
                0x1000045e                lcd_setcursor
 .text.lcd_print
                0x10000478       0x14 CMakeFiles/pico_education.dir/lcd_1602a.c.obj
                0x10000478                lcd_print
 .text.cal_update_time
                0x1000048c       0x4c CMakeFiles/pico_education.dir/calendar.c.obj
 .text.cal_judge_leap_year
                0x100004d8       0x32 CMakeFiles/pico_education.dir/calendar.c.obj
                0x100004d8                cal_judge_leap_year
 .text.cal_weekofdays
                0x1000050a       0x64 CMakeFiles/pico_education.dir/calendar.c.obj
                0x1000050a                cal_weekofdays
 *fill*         0x1000056e        0x2 
 .text.cal_update_date
                0x10000570       0x78 CMakeFiles/pico_education.dir/calendar.c.obj
 .text.repeating_timer1sec_callback
                0x100005e8       0x14 CMakeFiles/pico_education.dir/calendar.c.obj
                0x100005e8                repeating_timer1sec_callback
 .text.cal_getinfo
                0x100005fc        0x8 CMakeFiles/pico_education.dir/calendar.c.obj
                0x100005fc                cal_getinfo
 .text.cal_getweekofdays_str
                0x10000604        0xc CMakeFiles/pico_education.dir/calendar.c.obj
                0x10000604                cal_getweekofdays_str
 .text.cal_startcalendar
                0x10000610       0x2c CMakeFiles/pico_education.dir/calendar.c.obj
                0x10000610                cal_startcalendar
 .text.cal_init
                0x1000063c       0x30 CMakeFiles/pico_education.dir/calendar.c.obj
                0x1000063c                cal_init
 .text.cal_stopcalendar
                0x1000066c       0x18 CMakeFiles/pico_education.dir/calendar.c.obj
                0x1000066c                cal_stopcalendar
 .text.cal_increment_year
                0x10000684       0x34 CMakeFiles/pico_education.dir/calendar.c.obj
                0x10000684                cal_increment_year
 .text.cal_increment_month
                0x100006b8       0x2c CMakeFiles/pico_education.dir/calendar.c.obj
                0x100006b8                cal_increment_month
 .text.cal_increment_day
                0x100006e4       0x60 CMakeFiles/pico_education.dir/calendar.c.obj
                0x100006e4                cal_increment_day
 .text.cal_increment_hour
                0x10000744       0x1c CMakeFiles/pico_education.dir/calendar.c.obj
                0x10000744                cal_increment_hour
 .text.cal_increment_minute
                0x10000760       0x1c CMakeFiles/pico_education.dir/calendar.c.obj
                0x10000760                cal_increment_minute
 .text.tem_measure_temp
                0x1000077c       0xcc CMakeFiles/pico_education.dir/thermometer.c.obj
                0x1000077c                tem_measure_temp
 .text.repeating_timer1min_callback
                0x10000848        0xa CMakeFiles/pico_education.dir/thermometer.c.obj
                0x10000848                repeating_timer1min_callback
 *fill*         0x10000852        0x2 
 .text.tem_gettemp_cel
                0x10000854        0xc CMakeFiles/pico_education.dir/thermometer.c.obj
                0x10000854                tem_gettemp_cel
 .text.tem_start
                0x10000860       0x2c CMakeFiles/pico_education.dir/thermometer.c.obj
                0x10000860                tem_start
 .text.tem_init
                0x1000088c       0x48 CMakeFiles/pico_education.dir/thermometer.c.obj
                0x1000088c                tem_init
 .text.tem_stop
                0x100008d4       0x10 CMakeFiles/pico_education.dir/thermometer.c.obj
                0x100008d4                tem_stop
 .text.repeating_timer_sw_callback
                0x100008e4       0x28 CMakeFiles/pico_education.dir/sw.c.obj
                0x100008e4                repeating_timer_sw_callback
 .text.sw_init  0x1000090c       0x80 CMakeFiles/pico_education.dir/sw.c.obj
                0x1000090c                sw_init
 .text.sw_input
                0x1000098c       0xc4 CMakeFiles/pico_education.dir/sw.c.obj
                0x1000098c                sw_input
 .text.sw_getstate
                0x10000a50        0xc CMakeFiles/pico_education.dir/sw.c.obj
                0x10000a50                sw_getstate
 .text.repeating_timer500ms_mode_callback
                0x10000a5c       0x1c CMakeFiles/pico_education.dir/mode.c.obj
                0x10000a5c                repeating_timer500ms_mode_callback
 .text.mode_starttimer
                0x10000a78       0x2c CMakeFiles/pico_education.dir/mode.c.obj
 .text.mode_stoptimer
                0x10000aa4       0x24 CMakeFiles/pico_education.dir/mode.c.obj
 .text.mode_calendar_setting
                0x10000ac8       0x6c CMakeFiles/pico_education.dir/mode.c.obj
                0x10000ac8                mode_calendar_setting
 .text.mode_proc
                0x10000b34       0x18 CMakeFiles/pico_education.dir/mode.c.obj
 .text.mode_init
                0x10000b4c       0x3c CMakeFiles/pico_education.dir/mode.c.obj
                0x10000b4c                mode_init
 .text.mode_main
                0x10000b88       0x6c CMakeFiles/pico_education.dir/mode.c.obj
                0x10000b88                mode_main
 .text.display_calendar
                0x10000bf4      0x114 CMakeFiles/pico_education.dir/display.c.obj
 .text.display_temperature
                0x10000d08       0x38 CMakeFiles/pico_education.dir/display.c.obj
 .text.display_main
                0x10000d40        0xc CMakeFiles/pico_education.dir/display.c.obj
                0x10000d40                display_main
 .text.gpio_set_function
                0x10000d4c       0x30 CMakeFiles/pico_education.dir/C_/Users/Suna/Documents/Pico/pico-sdk/src/rp2_common/hardware_gpio/gpio.c.obj
                0x10000d4c                gpio_set_function
 .text.gpio_set_pulls
                0x10000d7c       0x34 CMakeFiles/pico_education.dir/C_/Users/Suna/Documents/Pico/pico-sdk/src/rp2_common/hardware_gpio/gpio.c.obj
                0x10000d7c                gpio_set_pulls
 .text.gpio_set_input_enabled
                0x10000db0       0x30 CMakeFiles/pico_education.dir/C_/Users/Suna/Documents/Pico/pico-sdk/src/rp2_common/hardware_gpio/gpio.c.obj
                0x10000db0                gpio_set_input_enabled
 .text.gpio_init
                0x10000de0       0x16 CMakeFiles/pico_education.dir/C_/Users/Suna/Documents/Pico/pico-sdk/src/rp2_common/hardware_gpio/gpio.c.obj
                0x10000de0                gpio_init
 *fill*         0x10000df6        0x2 
 .text.hw_claim_lock
                0x10000df8       0x18 CMakeFiles/pico_education.dir/C_/Users/Suna/Documents/Pico/pico-sdk/src/rp2_common/hardware_claim/claim.c.obj
                0x10000df8                hw_claim_lock
 .text.hw_claim_unlock
                0x10000e10       0x14 CMakeFiles/pico_education.dir/C_/Users/Suna/Documents/Pico/pico-sdk/src/rp2_common/hardware_claim/claim.c.obj
                0x10000e10                hw_claim_unlock
 .text.hw_claim_or_assert
                0x10000e24       0x32 CMakeFiles/pico_education.dir/C_/Users/Suna/Documents/Pico/pico-sdk/src/rp2_common/hardware_claim/claim.c.obj
                0x10000e24                hw_claim_or_assert
 .text.hw_claim_unused_from_range
                0x10000e56       0x50 CMakeFiles/pico_education.dir/C_/Users/Suna/Documents/Pico/pico-sdk/src/rp2_common/hardware_claim/claim.c.obj
                0x10000e56                hw_claim_unused_from_range
 *fill*         0x10000ea6        0x2 
 .text.running_on_fpga
                0x10000ea8       0x14 CMakeFiles/pico_education.dir/C_/Users/Suna/Documents/Pico/pico-sdk/src/rp2_common/pico_platform/platform.c.obj
                0x10000ea8                running_on_fpga
 .text.spin_locks_reset
                0x10000ebc       0x20 CMakeFiles/pico_education.dir/C_/Users/Suna/Documents/Pico/pico-sdk/src/rp2_common/hardware_sync/sync.c.obj
                0x10000ebc                spin_locks_reset
 .text.next_striped_spin_lock_num
                0x10000edc       0x1c CMakeFiles/pico_education.dir/C_/Users/Suna/Documents/Pico/pico-sdk/src/rp2_common/hardware_sync/sync.c.obj
                0x10000edc                next_striped_spin_lock_num
 .text.spin_lock_claim_unused
                0x10000ef8       0x20 CMakeFiles/pico_education.dir/C_/Users/Suna/Documents/Pico/pico-sdk/src/rp2_common/hardware_sync/sync.c.obj
                0x10000ef8                spin_lock_claim_unused
 .text.repeating_timer_callback
                0x10000f18       0x40 CMakeFiles/pico_education.dir/C_/Users/Suna/Documents/Pico/pico-sdk/src/common/pico_time/time.c.obj
 .text.alarm_pool_post_alloc_init
                0x10000f58       0x40 CMakeFiles/pico_education.dir/C_/Users/Suna/Documents/Pico/pico-sdk/src/common/pico_time/time.c.obj
 .text.sleep_until_callback
                0x10000f98       0x30 CMakeFiles/pico_education.dir/C_/Users/Suna/Documents/Pico/pico-sdk/src/common/pico_time/time.c.obj
 .text.timer_pool_entry_comparator
                0x10000fc8       0x7c CMakeFiles/pico_education.dir/C_/Users/Suna/Documents/Pico/pico-sdk/src/common/pico_time/time.c.obj
                0x10000fc8                timer_pool_entry_comparator
 .text.ph_add_child_node
                0x10001044       0xa4 CMakeFiles/pico_education.dir/C_/Users/Suna/Documents/Pico/pico-sdk/src/common/pico_time/time.c.obj
 .text.ph_merge_nodes
                0x100010e8       0x3e CMakeFiles/pico_education.dir/C_/Users/Suna/Documents/Pico/pico-sdk/src/common/pico_time/time.c.obj
 *fill*         0x10001126        0x2 
 .text.add_alarm_under_lock
                0x10001128      0x174 CMakeFiles/pico_education.dir/C_/Users/Suna/Documents/Pico/pico-sdk/src/common/pico_time/time.c.obj
 .text.alarm_pool_alarm_callback
                0x1000129c      0x328 CMakeFiles/pico_education.dir/C_/Users/Suna/Documents/Pico/pico-sdk/src/common/pico_time/time.c.obj
 .text.alarm_pool_init_default
                0x100015c4       0x38 CMakeFiles/pico_education.dir/C_/Users/Suna/Documents/Pico/pico-sdk/src/common/pico_time/time.c.obj
                0x100015c4                alarm_pool_init_default
 .text.alarm_pool_get_default
                0x100015fc       0x2c CMakeFiles/pico_education.dir/C_/Users/Suna/Documents/Pico/pico-sdk/src/common/pico_time/time.c.obj
                0x100015fc                alarm_pool_get_default
 .text.alarm_pool_add_alarm_at
                0x10001628      0x170 CMakeFiles/pico_education.dir/C_/Users/Suna/Documents/Pico/pico-sdk/src/common/pico_time/time.c.obj
                0x10001628                alarm_pool_add_alarm_at
 .text.alarm_pool_cancel_alarm
                0x10001798       0xf0 CMakeFiles/pico_education.dir/C_/Users/Suna/Documents/Pico/pico-sdk/src/common/pico_time/time.c.obj
                0x10001798                alarm_pool_cancel_alarm
 .text.alarm_pool_add_repeating_timer_us
                0x10001888       0x9c CMakeFiles/pico_education.dir/C_/Users/Suna/Documents/Pico/pico-sdk/src/common/pico_time/time.c.obj
                0x10001888                alarm_pool_add_repeating_timer_us
 .text.cancel_repeating_timer
                0x10001924       0x1a CMakeFiles/pico_education.dir/C_/Users/Suna/Documents/Pico/pico-sdk/src/common/pico_time/time.c.obj
                0x10001924                cancel_repeating_timer
 *fill*         0x1000193e        0x2 
 .text.sleep_until
                0x10001940       0xfc CMakeFiles/pico_education.dir/C_/Users/Suna/Documents/Pico/pico-sdk/src/common/pico_time/time.c.obj
                0x10001940                sleep_until
 .text.sleep_us
                0x10001a3c       0x58 CMakeFiles/pico_education.dir/C_/Users/Suna/Documents/Pico/pico-sdk/src/common/pico_time/time.c.obj
                0x10001a3c                sleep_us
 .text.sleep_ms
                0x10001a94       0x14 CMakeFiles/pico_education.dir/C_/Users/Suna/Documents/Pico/pico-sdk/src/common/pico_time/time.c.obj
                0x10001a94                sleep_ms
 .text.best_effort_wfe_or_timeout
                0x10001aa8       0x80 CMakeFiles/pico_education.dir/C_/Users/Suna/Documents/Pico/pico-sdk/src/common/pico_time/time.c.obj
                0x10001aa8                best_effort_wfe_or_timeout
 .text.hardware_alarm_irq_handler
                0x10001b28       0x8c CMakeFiles/pico_education.dir/C_/Users/Suna/Documents/Pico/pico-sdk/src/rp2_common/hardware_timer/timer.c.obj
 .text.hardware_alarm_claim
                0x10001bb4       0x18 CMakeFiles/pico_education.dir/C_/Users/Suna/Documents/Pico/pico-sdk/src/rp2_common/hardware_timer/timer.c.obj
                0x10001bb4                hardware_alarm_claim
 .text.time_us_64
                0x10001bcc       0x18 CMakeFiles/pico_education.dir/C_/Users/Suna/Documents/Pico/pico-sdk/src/rp2_common/hardware_timer/timer.c.obj
                0x10001bcc                time_us_64
 .text.busy_wait_until
                0x10001be4       0x28 CMakeFiles/pico_education.dir/C_/Users/Suna/Documents/Pico/pico-sdk/src/rp2_common/hardware_timer/timer.c.obj
                0x10001be4                busy_wait_until
 .text.hardware_alarm_set_callback
                0x10001c0c       0x90 CMakeFiles/pico_education.dir/C_/Users/Suna/Documents/Pico/pico-sdk/src/rp2_common/hardware_timer/timer.c.obj
                0x10001c0c                hardware_alarm_set_callback
 .text.hardware_alarm_set_target
                0x10001c9c       0xe8 CMakeFiles/pico_education.dir/C_/Users/Suna/Documents/Pico/pico-sdk/src/rp2_common/hardware_timer/timer.c.obj
                0x10001c9c                hardware_alarm_set_target
 .text.hardware_alarm_cancel
                0x10001d84       0x40 CMakeFiles/pico_education.dir/C_/Users/Suna/Documents/Pico/pico-sdk/src/rp2_common/hardware_timer/timer.c.obj
                0x10001d84                hardware_alarm_cancel
 .text.lock_init
                0x10001dc4       0x10 CMakeFiles/pico_education.dir/C_/Users/Suna/Documents/Pico/pico-sdk/src/common/pico_sync/lock_core.c.obj
                0x10001dc4                lock_init
 .text.mutex_init
                0x10001dd4       0x1a CMakeFiles/pico_education.dir/C_/Users/Suna/Documents/Pico/pico-sdk/src/common/pico_sync/mutex.c.obj
                0x10001dd4                mutex_init
 .text.recursive_mutex_init
                0x10001dee       0x1e CMakeFiles/pico_education.dir/C_/Users/Suna/Documents/Pico/pico-sdk/src/common/pico_sync/mutex.c.obj
                0x10001dee                recursive_mutex_init
 .text.critical_section_init_with_lock_num
                0x10001e0c       0x14 CMakeFiles/pico_education.dir/C_/Users/Suna/Documents/Pico/pico-sdk/src/common/pico_sync/critical_section.c.obj
                0x10001e0c                critical_section_init_with_lock_num
 .text.critical_section_init
                0x10001e20       0x14 CMakeFiles/pico_education.dir/C_/Users/Suna/Documents/Pico/pico-sdk/src/common/pico_sync/critical_section.c.obj
                0x10001e20                critical_section_init
 .text.ph_add_child_node
                0x10001e34       0xa4 CMakeFiles/pico_education.dir/C_/Users/Suna/Documents/Pico/pico-sdk/src/common/pico_util/pheap.c.obj
 .text.ph_merge_nodes
                0x10001ed8       0x3e CMakeFiles/pico_education.dir/C_/Users/Suna/Documents/Pico/pico-sdk/src/common/pico_util/pheap.c.obj
 *fill*         0x10001f16        0x2 
 .text.ph_clear
                0x10001f18       0x70 CMakeFiles/pico_education.dir/C_/Users/Suna/Documents/Pico/pico-sdk/src/common/pico_util/pheap.c.obj
                0x10001f18                ph_clear
 .text.ph_post_alloc_init
                0x10001f88        0xe CMakeFiles/pico_education.dir/C_/Users/Suna/Documents/Pico/pico-sdk/src/common/pico_util/pheap.c.obj
                0x10001f88                ph_post_alloc_init
 *fill*         0x10001f96        0x2 
 .text.ph_merge_two_pass
                0x10001f98       0xa8 CMakeFiles/pico_education.dir/C_/Users/Suna/Documents/Pico/pico-sdk/src/common/pico_util/pheap.c.obj
                0x10001f98                ph_merge_two_pass
 .text.ph_remove_any_head
                0x10002040      0x108 CMakeFiles/pico_education.dir/C_/Users/Suna/Documents/Pico/pico-sdk/src/common/pico_util/pheap.c.obj
 .text.ph_remove_head
                0x10002148       0x14 CMakeFiles/pico_education.dir/C_/Users/Suna/Documents/Pico/pico-sdk/src/common/pico_util/pheap.c.obj
                0x10002148                ph_remove_head
 .text.ph_remove_and_free_node
                0x1000215c       0xf8 CMakeFiles/pico_education.dir/C_/Users/Suna/Documents/Pico/pico-sdk/src/common/pico_util/pheap.c.obj
                0x1000215c                ph_remove_and_free_node
 .text._exit    0x10002254        0x4 CMakeFiles/pico_education.dir/C_/Users/Suna/Documents/Pico/pico-sdk/src/rp2_common/pico_runtime/runtime.c.obj
                0x10002254                _exit
 .text.exit     0x10002258        0x6 CMakeFiles/pico_education.dir/C_/Users/Suna/Documents/Pico/pico-sdk/src/rp2_common/pico_runtime/runtime.c.obj
                0x10002258                exit
 *fill*         0x1000225e        0x2 
 .text.__assert_func
                0x10002260       0x3c CMakeFiles/pico_education.dir/C_/Users/Suna/Documents/Pico/pico-sdk/src/rp2_common/pico_runtime/runtime.c.obj
                0x10002260                __assert_func
 .text.runtime_init
                0x1000229c       0xf8 CMakeFiles/pico_education.dir/C_/Users/Suna/Documents/Pico/pico-sdk/src/rp2_common/pico_runtime/runtime.c.obj
                0x1000229c                runtime_init
 .text.panic    0x10002394       0x30 CMakeFiles/pico_education.dir/C_/Users/Suna/Documents/Pico/pico-sdk/src/rp2_common/pico_runtime/runtime.c.obj
                0x10002394                panic
 .text.clock_configure
                0x100023c4      0x104 CMakeFiles/pico_education.dir/C_/Users/Suna/Documents/Pico/pico-sdk/src/rp2_common/hardware_clocks/clocks.c.obj
                0x100023c4                clock_configure
 .text.clocks_init
                0x100024c8      0x100 CMakeFiles/pico_education.dir/C_/Users/Suna/Documents/Pico/pico-sdk/src/rp2_common/hardware_clocks/clocks.c.obj
                0x100024c8                clocks_init
 .text.clock_get_hz
                0x100025c8        0xc CMakeFiles/pico_education.dir/C_/Users/Suna/Documents/Pico/pico-sdk/src/rp2_common/hardware_clocks/clocks.c.obj
                0x100025c8                clock_get_hz
 .text.set_raw_irq_handler_and_unlock
                0x100025d4       0x28 CMakeFiles/pico_education.dir/C_/Users/Suna/Documents/Pico/pico-sdk/src/rp2_common/hardware_irq/irq.c.obj
 .text.make_branch
                0x100025fc       0x34 CMakeFiles/pico_education.dir/C_/Users/Suna/Documents/Pico/pico-sdk/src/rp2_common/hardware_irq/irq.c.obj
 .text.insert_branch_and_link
                0x10002630       0x40 CMakeFiles/pico_education.dir/C_/Users/Suna/Documents/Pico/pico-sdk/src/rp2_common/hardware_irq/irq.c.obj
 .text.irq_is_enabled
                0x10002670       0x18 CMakeFiles/pico_education.dir/C_/Users/Suna/Documents/Pico/pico-sdk/src/rp2_common/hardware_irq/irq.c.obj
                0x10002670                irq_is_enabled
 .text.irq_set_mask_enabled
                0x10002688       0x20 CMakeFiles/pico_education.dir/C_/Users/Suna/Documents/Pico/pico-sdk/src/rp2_common/hardware_irq/irq.c.obj
                0x10002688                irq_set_mask_enabled
 .text.irq_set_enabled
                0x100026a8        0xe CMakeFiles/pico_education.dir/C_/Users/Suna/Documents/Pico/pico-sdk/src/rp2_common/hardware_irq/irq.c.obj
                0x100026a8                irq_set_enabled
 *fill*         0x100026b6        0x2 
 .text.irq_set_pending
                0x100026b8       0x10 CMakeFiles/pico_education.dir/C_/Users/Suna/Documents/Pico/pico-sdk/src/rp2_common/hardware_irq/irq.c.obj
                0x100026b8                irq_set_pending
 .text.irq_get_vtable_handler
                0x100026c8       0x10 CMakeFiles/pico_education.dir/C_/Users/Suna/Documents/Pico/pico-sdk/src/rp2_common/hardware_irq/irq.c.obj
                0x100026c8                irq_get_vtable_handler
 .text.irq_set_exclusive_handler
                0x100026d8       0x54 CMakeFiles/pico_education.dir/C_/Users/Suna/Documents/Pico/pico-sdk/src/rp2_common/hardware_irq/irq.c.obj
                0x100026d8                irq_set_exclusive_handler
 .text.irq_remove_handler
                0x1000272c      0x1ac CMakeFiles/pico_education.dir/C_/Users/Suna/Documents/Pico/pico-sdk/src/rp2_common/hardware_irq/irq.c.obj
                0x1000272c                irq_remove_handler
 .text.irq_add_tail_to_free_list
                0x100028d8       0xf0 CMakeFiles/pico_education.dir/C_/Users/Suna/Documents/Pico/pico-sdk/src/rp2_common/hardware_irq/irq.c.obj
                0x100028d8                irq_add_tail_to_free_list
 .text.irq_init_priorities
                0x100029c8       0x1c CMakeFiles/pico_education.dir/C_/Users/Suna/Documents/Pico/pico-sdk/src/rp2_common/hardware_irq/irq.c.obj
                0x100029c8                irq_init_priorities
 .text.pll_init
                0x100029e4      0x118 CMakeFiles/pico_education.dir/C_/Users/Suna/Documents/Pico/pico-sdk/src/rp2_common/hardware_pll/pll.c.obj
                0x100029e4                pll_init
 .text.watchdog_start_tick
                0x10002afc       0x10 CMakeFiles/pico_education.dir/C_/Users/Suna/Documents/Pico/pico-sdk/src/rp2_common/hardware_watchdog/watchdog.c.obj
                0x10002afc                watchdog_start_tick
 .text.watchdog_update
                0x10002b0c       0x14 CMakeFiles/pico_education.dir/C_/Users/Suna/Documents/Pico/pico-sdk/src/rp2_common/hardware_watchdog/watchdog.c.obj
                0x10002b0c                watchdog_update
 .text._watchdog_enable
                0x10002b20       0x78 CMakeFiles/pico_education.dir/C_/Users/Suna/Documents/Pico/pico-sdk/src/rp2_common/hardware_watchdog/watchdog.c.obj
                0x10002b20                _watchdog_enable
 .text.watchdog_reboot
                0x10002b98       0x48 CMakeFiles/pico_education.dir/C_/Users/Suna/Documents/Pico/pico-sdk/src/rp2_common/hardware_watchdog/watchdog.c.obj
                0x10002b98                watchdog_reboot
 .text.xosc_init
                0x10002be0       0x28 CMakeFiles/pico_education.dir/C_/Users/Suna/Documents/Pico/pico-sdk/src/rp2_common/hardware_xosc/xosc.c.obj
                0x10002be0                xosc_init
 .text._out_buffer
                0x10002c08        0x8 CMakeFiles/pico_education.dir/C_/Users/Suna/Documents/Pico/pico-sdk/src/rp2_common/pico_printf/printf.c.obj
 .text._out_null
                0x10002c10        0x2 CMakeFiles/pico_education.dir/C_/Users/Suna/Documents/Pico/pico-sdk/src/rp2_common/pico_printf/printf.c.obj
 .text._out_fct
                0x10002c12        0xe CMakeFiles/pico_education.dir/C_/Users/Suna/Documents/Pico/pico-sdk/src/rp2_common/pico_printf/printf.c.obj
 .text._atoi    0x10002c20       0x24 CMakeFiles/pico_education.dir/C_/Users/Suna/Documents/Pico/pico-sdk/src/rp2_common/pico_printf/printf.c.obj
 .text._out_rev
                0x10002c44       0xae CMakeFiles/pico_education.dir/C_/Users/Suna/Documents/Pico/pico-sdk/src/rp2_common/pico_printf/printf.c.obj
 .text._ntoa_format
                0x10002cf2      0x112 CMakeFiles/pico_education.dir/C_/Users/Suna/Documents/Pico/pico-sdk/src/rp2_common/pico_printf/printf.c.obj
 .text._ntoa_long
                0x10002e04       0xbc CMakeFiles/pico_education.dir/C_/Users/Suna/Documents/Pico/pico-sdk/src/rp2_common/pico_printf/printf.c.obj
 .text._ntoa_long_long
                0x10002ec0       0xe2 CMakeFiles/pico_education.dir/C_/Users/Suna/Documents/Pico/pico-sdk/src/rp2_common/pico_printf/printf.c.obj
 *fill*         0x10002fa2        0x2 
 .text._etoa    0x10002fa4      0x414 CMakeFiles/pico_education.dir/C_/Users/Suna/Documents/Pico/pico-sdk/src/rp2_common/pico_printf/printf.c.obj
 .text._ftoa    0x100033b8      0x354 CMakeFiles/pico_education.dir/C_/Users/Suna/Documents/Pico/pico-sdk/src/rp2_common/pico_printf/printf.c.obj
 .text._vsnprintf
                0x1000370c      0x624 CMakeFiles/pico_education.dir/C_/Users/Suna/Documents/Pico/pico-sdk/src/rp2_common/pico_printf/printf.c.obj
 .text.__wrap_sprintf
                0x10003d30       0x28 CMakeFiles/pico_education.dir/C_/Users/Suna/Documents/Pico/pico-sdk/src/rp2_common/pico_printf/printf.c.obj
                0x10003d30                __wrap_sprintf
 .text.vfctprintf
                0x10003d58       0x20 CMakeFiles/pico_education.dir/C_/Users/Suna/Documents/Pico/pico-sdk/src/rp2_common/pico_printf/printf.c.obj
                0x10003d58                vfctprintf
 .text          0x10003d78       0x10 CMakeFiles/pico_education.dir/C_/Users/Suna/Documents/Pico/pico-sdk/src/rp2_common/pico_bit_ops/bit_ops_aeabi.S.obj
 .text.rom_func_lookup
                0x10003d88       0x10 CMakeFiles/pico_education.dir/C_/Users/Suna/Documents/Pico/pico-sdk/src/rp2_common/pico_bootrom/bootrom.c.obj
                0x10003d88                rom_func_lookup
 .text.rom_data_lookup
                0x10003d98       0x10 CMakeFiles/pico_education.dir/C_/Users/Suna/Documents/Pico/pico-sdk/src/rp2_common/pico_bootrom/bootrom.c.obj
                0x10003d98                rom_data_lookup
 .text.rom_funcs_lookup
                0x10003da8       0x36 CMakeFiles/pico_education.dir/C_/Users/Suna/Documents/Pico/pico-sdk/src/rp2_common/pico_bootrom/bootrom.c.obj
                0x10003da8                rom_funcs_lookup
 *fill*         0x10003dde        0x2 
 .text.__wrap___aeabi_idiv
                0x10003de0       0x50 CMakeFiles/pico_education.dir/C_/Users/Suna/Documents/Pico/pico-sdk/src/rp2_common/pico_divider/divider.S.obj
                0x10003de0                __wrap___aeabi_idivmod
                0x10003de0                divmod_s32s32
                0x10003de0                div_s32s32
                0x10003de0                __wrap___aeabi_idiv
                0x10003de8                divmod_s32s32_unsafe
                0x10003e14                divmod_s32s32_savestate
 .text.__wrap___aeabi_uidiv
                0x10003e30       0x4c CMakeFiles/pico_education.dir/C_/Users/Suna/Documents/Pico/pico-sdk/src/rp2_common/pico_divider/divider.S.obj
                0x10003e30                __wrap___aeabi_uidiv
                0x10003e30                __wrap___aeabi_uidivmod
                0x10003e30                div_u32u32
                0x10003e30                divmod_u32u32
                0x10003e38                divmod_u32u32_unsafe
                0x10003e60                divmod_u32u32_savestate
 .text.__wrap___aeabi_ldiv
                0x10003e7c      0x434 CMakeFiles/pico_education.dir/C_/Users/Suna/Documents/Pico/pico-sdk/src/rp2_common/pico_divider/divider.S.obj
                0x10003e7c                div_s64s64
                0x10003e7c                divmod_s64s64
                0x10003e7c                __wrap___aeabi_ldivmod
                0x10003eb4                divmod_u64u64
                0x10003eb4                div_u64u64
                0x10003eb4                __wrap___aeabi_uldivmod
                0x10003ec4                divmod_u64u64_savestate
                0x10003eec                divmod_s64s64_unsafe
                0x10003f74                divmod_u64u64_unsafe
 .text.__wrap___aeabi_darithmetic
                0x100042b0       0x80 CMakeFiles/pico_education.dir/C_/Users/Suna/Documents/Pico/pico-sdk/src/rp2_common/pico_double/double_aeabi.S.obj
                0x100042b0                __wrap___aeabi_drsub
                0x100042b6                __wrap___aeabi_dsub
                0x100042c8                __wrap___aeabi_dadd
                0x100042da                __wrap___aeabi_ddiv
                0x10004316                __wrap___aeabi_dmul
 .text.__wrap___aeabi_cdcmple
                0x10004330       0x6c CMakeFiles/pico_education.dir/C_/Users/Suna/Documents/Pico/pico-sdk/src/rp2_common/pico_double/double_aeabi.S.obj
                0x10004330                __wrap___aeabi_cdrcmple
                0x10004340                __wrap___aeabi_cdcmpeq
                0x10004340                __wrap___aeabi_cdcmple
 .text.__wrap___aeabi_dcmplt
                0x1000439c        0xc CMakeFiles/pico_education.dir/C_/Users/Suna/Documents/Pico/pico-sdk/src/rp2_common/pico_double/double_aeabi.S.obj
                0x1000439c                __wrap___aeabi_dcmplt
 .text.__wrap___aeabi_dcmple
                0x100043a8       0x10 CMakeFiles/pico_education.dir/C_/Users/Suna/Documents/Pico/pico-sdk/src/rp2_common/pico_double/double_aeabi.S.obj
                0x100043a8                __wrap___aeabi_dcmple
 .text.__wrap___aeabi_dcmpge
                0x100043b8       0x10 CMakeFiles/pico_education.dir/C_/Users/Suna/Documents/Pico/pico-sdk/src/rp2_common/pico_double/double_aeabi.S.obj
                0x100043b8                __wrap___aeabi_dcmpge
 .text.__wrap___aeabi_dcmpgt
                0x100043c8        0xa CMakeFiles/pico_education.dir/C_/Users/Suna/Documents/Pico/pico-sdk/src/rp2_common/pico_double/double_aeabi.S.obj
                0x100043c8                __wrap___aeabi_dcmpgt
 .text.__wrap___aeabi_dcmpun
                0x100043d2       0x1c CMakeFiles/pico_education.dir/C_/Users/Suna/Documents/Pico/pico-sdk/src/rp2_common/pico_double/double_aeabi.S.obj
                0x100043d2                __wrap___aeabi_dcmpun
 *fill*         0x100043ee        0x2 
 .text.__wrap___aeabi_i2d
                0x100043f0       0x38 CMakeFiles/pico_education.dir/C_/Users/Suna/Documents/Pico/pico-sdk/src/rp2_common/pico_double/double_aeabi.S.obj
                0x100043f0                __wrap___aeabi_ui2d
                0x100043f8                __wrap___aeabi_i2d
 .text.__wrap___aeabi_d2iz
                0x10004428       0x48 CMakeFiles/pico_education.dir/C_/Users/Suna/Documents/Pico/pico-sdk/src/rp2_common/pico_double/double_aeabi.S.obj
                0x10004428                double2int_z
                0x10004428                __wrap___aeabi_d2iz
 .text.__wrap___aeabi_d2uiz
                0x10004470       0x18 CMakeFiles/pico_education.dir/C_/Users/Suna/Documents/Pico/pico-sdk/src/rp2_common/pico_double/double_aeabi.S.obj
                0x10004470                __wrap___aeabi_d2uiz
                0x10004470                double2uint
 .text.__wrap___aeabi_d2f
                0x10004488       0x18 CMakeFiles/pico_education.dir/C_/Users/Suna/Documents/Pico/pico-sdk/src/rp2_common/pico_double/double_aeabi.S.obj
                0x10004488                __wrap___aeabi_d2f
 .text.__wrap_log
                0x100044a0       0x18 CMakeFiles/pico_education.dir/C_/Users/Suna/Documents/Pico/pico-sdk/src/rp2_common/pico_double/double_aeabi.S.obj
                0x100044a0                __wrap_log
 .text.__aeabi_double_init
                0x100044b8       0xc8 CMakeFiles/pico_education.dir/C_/Users/Suna/Documents/Pico/pico-sdk/src/rp2_common/pico_double/double_init_rom.c.obj
                0x100044b8                __aeabi_double_init
 .text.double_table_shim_on_use_helper
                0x10004580       0x34 CMakeFiles/pico_education.dir/C_/Users/Suna/Documents/Pico/pico-sdk/src/rp2_common/pico_double/double_v1_rom_shim.S.obj
                0x10004580                double_table_shim_on_use_helper
 .text.__wrap___aeabi_dsub
                0x100045b4       0x10 CMakeFiles/pico_education.dir/C_/Users/Suna/Documents/Pico/pico-sdk/src/rp2_common/pico_double/double_v1_rom_shim.S.obj
                0x100045b4                drsub_shim
                0x100045ba                dsub_shim
 .text.dadd_shim
                0x100045c4      0x15c CMakeFiles/pico_education.dir/C_/Users/Suna/Documents/Pico/pico-sdk/src/rp2_common/pico_double/double_v1_rom_shim.S.obj
                0x100045c4                dadd_shim
 .text.dmul_shim
                0x10004720      0x15c CMakeFiles/pico_education.dir/C_/Users/Suna/Documents/Pico/pico-sdk/src/rp2_common/pico_double/double_v1_rom_shim.S.obj
                0x10004720                dmul_shim
 .text.ddiv_shim
                0x1000487c      0x1b0 CMakeFiles/pico_education.dir/C_/Users/Suna/Documents/Pico/pico-sdk/src/rp2_common/pico_double/double_v1_rom_shim.S.obj
                0x1000487c                ddiv_shim
 .text.double2uint_shim
                0x10004a2c        0xe CMakeFiles/pico_education.dir/C_/Users/Suna/Documents/Pico/pico-sdk/src/rp2_common/pico_double/double_v1_rom_shim.S.obj
                0x10004a2c                double2uint_shim
                0x10004a2e                double2ufix_shim
 *fill*         0x10004a3a        0x2 
 .text.double2uint64_shim
                0x10004a3c       0x70 CMakeFiles/pico_education.dir/C_/Users/Suna/Documents/Pico/pico-sdk/src/rp2_common/pico_double/double_v1_rom_shim.S.obj
                0x10004a3c                double2uint64_shim
                0x10004a3e                double2ufix64_shim
                0x10004a5e                d2fix_a
 .text.double2float_shim
                0x10004aac       0x5c CMakeFiles/pico_education.dir/C_/Users/Suna/Documents/Pico/pico-sdk/src/rp2_common/pico_double/double_v1_rom_shim.S.obj
                0x10004aac                double2float_shim
 .text.x2double_shims
                0x10004b08       0x90 CMakeFiles/pico_education.dir/C_/Users/Suna/Documents/Pico/pico-sdk/src/rp2_common/pico_double/double_v1_rom_shim.S.obj
                0x10004b08                uint2double_shim
                0x10004b0a                ufix2double_shim
                0x10004b10                int2double_shim
                0x10004b12                fix2double_shim
                0x10004b18                uint642double_shim
                0x10004b1a                ufix642double_shim
                0x10004b20                int642double_shim
                0x10004b22                fix642double_shim
 .text.dunpacks
                0x10004b98       0x3c CMakeFiles/pico_education.dir/C_/Users/Suna/Documents/Pico/pico-sdk/src/rp2_common/pico_double/double_v1_rom_shim.S.obj
                0x10004b98                dunpacks
 .text.dreduce  0x10004bd4       0x82 CMakeFiles/pico_education.dir/C_/Users/Suna/Documents/Pico/pico-sdk/src/rp2_common/pico_double/double_v1_rom_shim.S.obj
                0x10004bd4                dreduce
 *fill*         0x10004c56        0x2 
 .text.dexp_guts
                0x10004c58      0x268 CMakeFiles/pico_education.dir/C_/Users/Suna/Documents/Pico/pico-sdk/src/rp2_common/pico_double/double_v1_rom_shim.S.obj
                0x10004c58                dexp_shim
                0x10004cf4                dln_shim
 .text.__aeabi_lmul
                0x10004ec0       0x32 CMakeFiles/pico_education.dir/C_/Users/Suna/Documents/Pico/pico-sdk/src/rp2_common/pico_int64_ops/pico_int64_ops_aeabi.S.obj
                0x10004ec0                __wrap___aeabi_lmul
 *fill*         0x10004ef2        0x2 
 .text.__wrap___aeabi_farithmetic
                0x10004ef4       0x58 CMakeFiles/pico_education.dir/C_/Users/Suna/Documents/Pico/pico-sdk/src/rp2_common/pico_float/float_aeabi.S.obj
                0x10004ef4                __wrap___aeabi_frsub
                0x10004efa                __wrap___aeabi_fsub
                0x10004f04                __wrap___aeabi_fadd
                0x10004f0e                __wrap___aeabi_fdiv
                0x10004f3a                __wrap___aeabi_fmul
 .text.__wrap___aeabi_ui2f
                0x10004f4c        0xa CMakeFiles/pico_education.dir/C_/Users/Suna/Documents/Pico/pico-sdk/src/rp2_common/pico_float/float_aeabi.S.obj
                0x10004f4c                __wrap___aeabi_ui2f
 *fill*         0x10004f56        0x2 
 .text.__wrap___aeabi_i2f
                0x10004f58       0x44 CMakeFiles/pico_education.dir/C_/Users/Suna/Documents/Pico/pico-sdk/src/rp2_common/pico_float/float_aeabi.S.obj
                0x10004f58                __wrap___aeabi_i2f
 .text.__wrap___aeabi_f2d
                0x10004f9c       0x14 CMakeFiles/pico_education.dir/C_/Users/Suna/Documents/Pico/pico-sdk/src/rp2_common/pico_float/float_aeabi.S.obj
                0x10004f9c                __wrap___aeabi_f2d
 .text.__aeabi_float_init
                0x10004fb0       0xfc CMakeFiles/pico_education.dir/C_/Users/Suna/Documents/Pico/pico-sdk/src/rp2_common/pico_float/float_init_rom.c.obj
                0x10004fb0                __aeabi_float_init
 .text.float_table_shim_on_use_helper
                0x100050ac       0x34 CMakeFiles/pico_education.dir/C_/Users/Suna/Documents/Pico/pico-sdk/src/rp2_common/pico_float/float_v1_rom_shim.S.obj
                0x100050ac                float_table_shim_on_use_helper
 .text.float2double_shim
                0x100050e0       0x30 CMakeFiles/pico_education.dir/C_/Users/Suna/Documents/Pico/pico-sdk/src/rp2_common/pico_float/float_v1_rom_shim.S.obj
                0x100050e0                float2double_shim
 .text          0x10005110       0x10 CMakeFiles/pico_education.dir/C_/Users/Suna/Documents/Pico/pico-sdk/src/rp2_common/pico_mem_ops/mem_ops_aeabi.S.obj
                0x10005110                __aeabi_mem_init
 .text.memset   0x10005120        0xc CMakeFiles/pico_education.dir/C_/Users/Suna/Documents/Pico/pico-sdk/src/rp2_common/pico_mem_ops/mem_ops_aeabi.S.obj
                0x10005120                __wrap_memset
 .text.memcpy   0x1000512c        0xc CMakeFiles/pico_education.dir/C_/Users/Suna/Documents/Pico/pico-sdk/src/rp2_common/pico_mem_ops/mem_ops_aeabi.S.obj
                0x1000512c                __wrap_memcpy
                0x1000512c                __wrap___aeabi_memcpy
 .text.stdio_out_chars_no_crlf
                0x10005138        0xe CMakeFiles/pico_education.dir/C_/Users/Suna/Documents/Pico/pico-sdk/src/rp2_common/pico_stdio/stdio.c.obj
 *fill*         0x10005146        0x2 
 .text.stdio_out_chars_crlf
                0x10005148       0x80 CMakeFiles/pico_education.dir/C_/Users/Suna/Documents/Pico/pico-sdk/src/rp2_common/pico_stdio/stdio.c.obj
 .text.stdio_stack_buffer_flush
                0x100051c8       0x44 CMakeFiles/pico_education.dir/C_/Users/Suna/Documents/Pico/pico-sdk/src/rp2_common/pico_stdio/stdio.c.obj
 .text.stdio_buffered_printer
                0x1000520c       0x20 CMakeFiles/pico_education.dir/C_/Users/Suna/Documents/Pico/pico-sdk/src/rp2_common/pico_stdio/stdio.c.obj
 .text.stdout_serialize_begin
                0x1000522c       0x30 CMakeFiles/pico_education.dir/C_/Users/Suna/Documents/Pico/pico-sdk/src/rp2_common/pico_stdio/stdio.c.obj
                0x1000522c                stdout_serialize_begin
 .text.stdout_serialize_end
                0x1000525c       0x10 CMakeFiles/pico_education.dir/C_/Users/Suna/Documents/Pico/pico-sdk/src/rp2_common/pico_stdio/stdio.c.obj
                0x1000525c                stdout_serialize_end
 .text.stdio_put_string
                0x1000526c       0x98 CMakeFiles/pico_education.dir/C_/Users/Suna/Documents/Pico/pico-sdk/src/rp2_common/pico_stdio/stdio.c.obj
 .text.stdio_set_driver_enabled
                0x10005304       0x38 CMakeFiles/pico_education.dir/C_/Users/Suna/Documents/Pico/pico-sdk/src/rp2_common/pico_stdio/stdio.c.obj
                0x10005304                stdio_set_driver_enabled
 .text.stdio_flush
                0x1000533c       0x20 CMakeFiles/pico_education.dir/C_/Users/Suna/Documents/Pico/pico-sdk/src/rp2_common/pico_stdio/stdio.c.obj
                0x1000533c                stdio_flush
 .text.__wrap_puts
                0x1000535c       0x1e CMakeFiles/pico_education.dir/C_/Users/Suna/Documents/Pico/pico-sdk/src/rp2_common/pico_stdio/stdio.c.obj
                0x1000535c                __wrap_puts
 *fill*         0x1000537a        0x2 
 .text.__wrap_vprintf
                0x1000537c       0x44 CMakeFiles/pico_education.dir/C_/Users/Suna/Documents/Pico/pico-sdk/src/rp2_common/pico_stdio/stdio.c.obj
                0x1000537c                __wrap_vprintf
 .text.__wrap_printf
                0x100053c0       0x18 CMakeFiles/pico_education.dir/C_/Users/Suna/Documents/Pico/pico-sdk/src/rp2_common/pico_stdio/stdio.c.obj
                0x100053c0                __wrap_printf
 .text.stdio_init_all
                0x100053d8        0x8 CMakeFiles/pico_education.dir/C_/Users/Suna/Documents/Pico/pico-sdk/src/rp2_common/pico_stdio/stdio.c.obj
                0x100053d8                stdio_init_all
 .text.resetd_init
                0x100053e0        0x2 CMakeFiles/pico_education.dir/C_/Users/Suna/Documents/Pico/pico-sdk/src/rp2_common/pico_stdio_usb/reset_interface.c.obj
 *fill*         0x100053e2        0x2 
 .text.resetd_reset
                0x100053e4        0xc CMakeFiles/pico_education.dir/C_/Users/Suna/Documents/Pico/pico-sdk/src/rp2_common/pico_stdio_usb/reset_interface.c.obj
 .text.resetd_open
                0x100053f0       0x34 CMakeFiles/pico_education.dir/C_/Users/Suna/Documents/Pico/pico-sdk/src/rp2_common/pico_stdio_usb/reset_interface.c.obj
 .text.resetd_xfer_cb
                0x10005424        0x4 CMakeFiles/pico_education.dir/C_/Users/Suna/Documents/Pico/pico-sdk/src/rp2_common/pico_stdio_usb/reset_interface.c.obj
 .text.reset_usb_boot
                0x10005428       0x18 CMakeFiles/pico_education.dir/C_/Users/Suna/Documents/Pico/pico-sdk/src/rp2_common/pico_stdio_usb/reset_interface.c.obj
 .text.resetd_control_xfer_cb
                0x10005440       0x5c CMakeFiles/pico_education.dir/C_/Users/Suna/Documents/Pico/pico-sdk/src/rp2_common/pico_stdio_usb/reset_interface.c.obj
 .text.usbd_app_driver_get_cb
                0x1000549c        0xc CMakeFiles/pico_education.dir/C_/Users/Suna/Documents/Pico/pico-sdk/src/rp2_common/pico_stdio_usb/reset_interface.c.obj
                0x1000549c                usbd_app_driver_get_cb
 .text.tud_cdc_line_coding_cb
                0x100054a8       0x28 CMakeFiles/pico_education.dir/C_/Users/Suna/Documents/Pico/pico-sdk/src/rp2_common/pico_stdio_usb/reset_interface.c.obj
                0x100054a8                tud_cdc_line_coding_cb
 .text.stdio_usb_in_chars
                0x100054d0       0x70 CMakeFiles/pico_education.dir/C_/Users/Suna/Documents/Pico/pico-sdk/src/rp2_common/pico_stdio_usb/stdio_usb.c.obj
                0x100054d0                stdio_usb_in_chars
 .text.low_priority_worker_irq
                0x10005540       0x20 CMakeFiles/pico_education.dir/C_/Users/Suna/Documents/Pico/pico-sdk/src/rp2_common/pico_stdio_usb/stdio_usb.c.obj
 .text.stdio_usb_out_chars
                0x10005560       0xd4 CMakeFiles/pico_education.dir/C_/Users/Suna/Documents/Pico/pico-sdk/src/rp2_common/pico_stdio_usb/stdio_usb.c.obj
 .text.timer_task
                0x10005634       0x10 CMakeFiles/pico_education.dir/C_/Users/Suna/Documents/Pico/pico-sdk/src/rp2_common/pico_stdio_usb/stdio_usb.c.obj
 .text.stdio_usb_init
                0x10005644       0xb8 CMakeFiles/pico_education.dir/C_/Users/Suna/Documents/Pico/pico-sdk/src/rp2_common/pico_stdio_usb/stdio_usb.c.obj
                0x10005644                stdio_usb_init
 .text.tud_descriptor_device_cb
                0x100056fc        0x8 CMakeFiles/pico_education.dir/C_/Users/Suna/Documents/Pico/pico-sdk/src/rp2_common/pico_stdio_usb/stdio_usb_descriptors.c.obj
                0x100056fc                tud_descriptor_device_cb
 .text.tud_descriptor_configuration_cb
                0x10005704        0x8 CMakeFiles/pico_education.dir/C_/Users/Suna/Documents/Pico/pico-sdk/src/rp2_common/pico_stdio_usb/stdio_usb_descriptors.c.obj
                0x10005704                tud_descriptor_configuration_cb
 .text.tud_descriptor_string_cb
                0x1000570c       0x6c CMakeFiles/pico_education.dir/C_/Users/Suna/Documents/Pico/pico-sdk/src/rp2_common/pico_stdio_usb/stdio_usb_descriptors.c.obj
                0x1000570c                tud_descriptor_string_cb
 .text.hw_endpoint_get_by_addr
                0x10005778       0x18 CMakeFiles/pico_education.dir/C_/Users/Suna/Documents/Pico/pico-sdk/lib/tinyusb/src/portable/raspberrypi/rp2040/dcd_rp2040.c.obj
 .text.reset_ep0_pid
                0x10005790       0x28 CMakeFiles/pico_education.dir/C_/Users/Suna/Documents/Pico/pico-sdk/lib/tinyusb/src/portable/raspberrypi/rp2040/dcd_rp2040.c.obj
 .text._hw_endpoint_alloc
                0x100057b8       0x70 CMakeFiles/pico_education.dir/C_/Users/Suna/Documents/Pico/pico-sdk/lib/tinyusb/src/portable/raspberrypi/rp2040/dcd_rp2040.c.obj
 .text.hw_endpoint_init
                0x10005828       0x88 CMakeFiles/pico_education.dir/C_/Users/Suna/Documents/Pico/pico-sdk/lib/tinyusb/src/portable/raspberrypi/rp2040/dcd_rp2040.c.obj
 .text.reset_non_control_endpoints
                0x100058b0       0x40 CMakeFiles/pico_education.dir/C_/Users/Suna/Documents/Pico/pico-sdk/lib/tinyusb/src/portable/raspberrypi/rp2040/dcd_rp2040.c.obj
 .text.hw_handle_buff_status
                0x100058f0       0x8c CMakeFiles/pico_education.dir/C_/Users/Suna/Documents/Pico/pico-sdk/lib/tinyusb/src/portable/raspberrypi/rp2040/dcd_rp2040.c.obj
 .text.dcd_rp2040_irq
                0x1000597c       0xc0 CMakeFiles/pico_education.dir/C_/Users/Suna/Documents/Pico/pico-sdk/lib/tinyusb/src/portable/raspberrypi/rp2040/dcd_rp2040.c.obj
 .text.hw_endpoint_xfer
                0x10005a3c       0x14 CMakeFiles/pico_education.dir/C_/Users/Suna/Documents/Pico/pico-sdk/lib/tinyusb/src/portable/raspberrypi/rp2040/dcd_rp2040.c.obj
 .text.dcd_int_enable
                0x10005a50       0x2c CMakeFiles/pico_education.dir/C_/Users/Suna/Documents/Pico/pico-sdk/lib/tinyusb/src/portable/raspberrypi/rp2040/dcd_rp2040.c.obj
                0x10005a50                dcd_int_enable
 .text.dcd_set_address
                0x10005a7c       0x2c CMakeFiles/pico_education.dir/C_/Users/Suna/Documents/Pico/pico-sdk/lib/tinyusb/src/portable/raspberrypi/rp2040/dcd_rp2040.c.obj
                0x10005a7c                dcd_set_address
 .text.dcd_connect
                0x10005aa8       0x10 CMakeFiles/pico_education.dir/C_/Users/Suna/Documents/Pico/pico-sdk/lib/tinyusb/src/portable/raspberrypi/rp2040/dcd_rp2040.c.obj
                0x10005aa8                dcd_connect
 .text.dcd_init
                0x10005ab8       0x7c CMakeFiles/pico_education.dir/C_/Users/Suna/Documents/Pico/pico-sdk/lib/tinyusb/src/portable/raspberrypi/rp2040/dcd_rp2040.c.obj
                0x10005ab8                dcd_init
 .text.dcd_edpt0_status_complete
                0x10005b34       0x1c CMakeFiles/pico_education.dir/C_/Users/Suna/Documents/Pico/pico-sdk/lib/tinyusb/src/portable/raspberrypi/rp2040/dcd_rp2040.c.obj
                0x10005b34                dcd_edpt0_status_complete
 .text.dcd_edpt_open
                0x10005b50       0x40 CMakeFiles/pico_education.dir/C_/Users/Suna/Documents/Pico/pico-sdk/lib/tinyusb/src/portable/raspberrypi/rp2040/dcd_rp2040.c.obj
                0x10005b50                dcd_edpt_open
 .text.dcd_edpt_close_all
                0x10005b90        0x8 CMakeFiles/pico_education.dir/C_/Users/Suna/Documents/Pico/pico-sdk/lib/tinyusb/src/portable/raspberrypi/rp2040/dcd_rp2040.c.obj
                0x10005b90                dcd_edpt_close_all
 .text.dcd_edpt_xfer
                0x10005b98       0x30 CMakeFiles/pico_education.dir/C_/Users/Suna/Documents/Pico/pico-sdk/lib/tinyusb/src/portable/raspberrypi/rp2040/dcd_rp2040.c.obj
                0x10005b98                dcd_edpt_xfer
 .text.dcd_edpt_stall
                0x10005bc8       0x2c CMakeFiles/pico_education.dir/C_/Users/Suna/Documents/Pico/pico-sdk/lib/tinyusb/src/portable/raspberrypi/rp2040/dcd_rp2040.c.obj
                0x10005bc8                dcd_edpt_stall
 .text.dcd_edpt_clear_stall
                0x10005bf4       0x20 CMakeFiles/pico_education.dir/C_/Users/Suna/Documents/Pico/pico-sdk/lib/tinyusb/src/portable/raspberrypi/rp2040/dcd_rp2040.c.obj
                0x10005bf4                dcd_edpt_clear_stall
 .text.prepare_ep_buffer
                0x10005c14       0x70 CMakeFiles/pico_education.dir/C_/Users/Suna/Documents/Pico/pico-sdk/lib/tinyusb/src/portable/raspberrypi/rp2040/rp2040_usb.c.obj
 .text.sync_ep_buffer
                0x10005c84       0x7c CMakeFiles/pico_education.dir/C_/Users/Suna/Documents/Pico/pico-sdk/lib/tinyusb/src/portable/raspberrypi/rp2040/rp2040_usb.c.obj
 .text._hw_endpoint_xfer_sync
                0x10005d00       0x28 CMakeFiles/pico_education.dir/C_/Users/Suna/Documents/Pico/pico-sdk/lib/tinyusb/src/portable/raspberrypi/rp2040/rp2040_usb.c.obj
 .text.rp2040_usb_init
                0x10005d28       0x4c CMakeFiles/pico_education.dir/C_/Users/Suna/Documents/Pico/pico-sdk/lib/tinyusb/src/portable/raspberrypi/rp2040/rp2040_usb.c.obj
                0x10005d28                rp2040_usb_init
 .text.hw_endpoint_reset_transfer
                0x10005d74        0xc CMakeFiles/pico_education.dir/C_/Users/Suna/Documents/Pico/pico-sdk/lib/tinyusb/src/portable/raspberrypi/rp2040/rp2040_usb.c.obj
                0x10005d74                hw_endpoint_reset_transfer
 .text._hw_endpoint_buffer_control_update32
                0x10005d80       0x58 CMakeFiles/pico_education.dir/C_/Users/Suna/Documents/Pico/pico-sdk/lib/tinyusb/src/portable/raspberrypi/rp2040/rp2040_usb.c.obj
                0x10005d80                _hw_endpoint_buffer_control_update32
 .text._hw_endpoint_start_next_buffer
                0x10005dd8       0x74 CMakeFiles/pico_education.dir/C_/Users/Suna/Documents/Pico/pico-sdk/lib/tinyusb/src/portable/raspberrypi/rp2040/rp2040_usb.c.obj
 .text.hw_endpoint_xfer_start
                0x10005e4c       0x48 CMakeFiles/pico_education.dir/C_/Users/Suna/Documents/Pico/pico-sdk/lib/tinyusb/src/portable/raspberrypi/rp2040/rp2040_usb.c.obj
                0x10005e4c                hw_endpoint_xfer_start
 .text.hw_endpoint_xfer_continue
                0x10005e94       0x38 CMakeFiles/pico_education.dir/C_/Users/Suna/Documents/Pico/pico-sdk/lib/tinyusb/src/portable/raspberrypi/rp2040/rp2040_usb.c.obj
                0x10005e94                hw_endpoint_xfer_continue
 .text.configuration_reset
                0x10005ecc       0x84 CMakeFiles/pico_education.dir/C_/Users/Suna/Documents/Pico/pico-sdk/lib/tinyusb/src/device/usbd.c.obj
 .text.usbd_reset
                0x10005f50        0xc CMakeFiles/pico_education.dir/C_/Users/Suna/Documents/Pico/pico-sdk/lib/tinyusb/src/device/usbd.c.obj
 .text.invoke_class_control
                0x10005f5c       0x1a CMakeFiles/pico_education.dir/C_/Users/Suna/Documents/Pico/pico-sdk/lib/tinyusb/src/device/usbd.c.obj
 *fill*         0x10005f76        0x2 
 .text.process_set_config
                0x10005f78      0x1b0 CMakeFiles/pico_education.dir/C_/Users/Suna/Documents/Pico/pico-sdk/lib/tinyusb/src/device/usbd.c.obj
 .text.process_get_descriptor
                0x10006128       0xec CMakeFiles/pico_education.dir/C_/Users/Suna/Documents/Pico/pico-sdk/lib/tinyusb/src/device/usbd.c.obj
 .text.tud_mounted
                0x10006214       0x10 CMakeFiles/pico_education.dir/C_/Users/Suna/Documents/Pico/pico-sdk/lib/tinyusb/src/device/usbd.c.obj
                0x10006214                tud_mounted
 .text.tud_suspended
                0x10006224       0x10 CMakeFiles/pico_education.dir/C_/Users/Suna/Documents/Pico/pico-sdk/lib/tinyusb/src/device/usbd.c.obj
                0x10006224                tud_suspended
 .text.tud_inited
                0x10006234        0xc CMakeFiles/pico_education.dir/C_/Users/Suna/Documents/Pico/pico-sdk/lib/tinyusb/src/device/usbd.c.obj
                0x10006234                tud_inited
 .text.tud_init
                0x10006240       0xcc CMakeFiles/pico_education.dir/C_/Users/Suna/Documents/Pico/pico-sdk/lib/tinyusb/src/device/usbd.c.obj
                0x10006240                tud_init
 .text.dcd_event_handler
                0x1000630c      0x1e0 CMakeFiles/pico_education.dir/C_/Users/Suna/Documents/Pico/pico-sdk/lib/tinyusb/src/device/usbd.c.obj
                0x1000630c                dcd_event_handler
 .text.dcd_event_bus_signal
                0x100064ec       0x26 CMakeFiles/pico_education.dir/C_/Users/Suna/Documents/Pico/pico-sdk/lib/tinyusb/src/device/usbd.c.obj
                0x100064ec                dcd_event_bus_signal
 .text.dcd_event_bus_reset
                0x10006512       0x2a CMakeFiles/pico_education.dir/C_/Users/Suna/Documents/Pico/pico-sdk/lib/tinyusb/src/device/usbd.c.obj
                0x10006512                dcd_event_bus_reset
 .text.dcd_event_setup_received
                0x1000653c       0x34 CMakeFiles/pico_education.dir/C_/Users/Suna/Documents/Pico/pico-sdk/lib/tinyusb/src/device/usbd.c.obj
                0x1000653c                dcd_event_setup_received
 .text.dcd_event_xfer_complete
                0x10006570       0x44 CMakeFiles/pico_education.dir/C_/Users/Suna/Documents/Pico/pico-sdk/lib/tinyusb/src/device/usbd.c.obj
                0x10006570                dcd_event_xfer_complete
 .text.usbd_edpt_open
                0x100065b4       0x58 CMakeFiles/pico_education.dir/C_/Users/Suna/Documents/Pico/pico-sdk/lib/tinyusb/src/device/usbd.c.obj
                0x100065b4                usbd_edpt_open
 .text.usbd_open_edpt_pair
                0x1000660c       0x8c CMakeFiles/pico_education.dir/C_/Users/Suna/Documents/Pico/pico-sdk/lib/tinyusb/src/device/usbd.c.obj
                0x1000660c                usbd_open_edpt_pair
 .text.usbd_edpt_claim
                0x10006698       0x8c CMakeFiles/pico_education.dir/C_/Users/Suna/Documents/Pico/pico-sdk/lib/tinyusb/src/device/usbd.c.obj
                0x10006698                usbd_edpt_claim
 .text.usbd_edpt_release
                0x10006724       0x68 CMakeFiles/pico_education.dir/C_/Users/Suna/Documents/Pico/pico-sdk/lib/tinyusb/src/device/usbd.c.obj
                0x10006724                usbd_edpt_release
 .text.usbd_edpt_xfer
                0x1000678c       0x80 CMakeFiles/pico_education.dir/C_/Users/Suna/Documents/Pico/pico-sdk/lib/tinyusb/src/device/usbd.c.obj
                0x1000678c                usbd_edpt_xfer
 .text.usbd_edpt_stall
                0x1000680c       0x40 CMakeFiles/pico_education.dir/C_/Users/Suna/Documents/Pico/pico-sdk/lib/tinyusb/src/device/usbd.c.obj
                0x1000680c                usbd_edpt_stall
 .text.usbd_edpt_clear_stall
                0x1000684c       0x40 CMakeFiles/pico_education.dir/C_/Users/Suna/Documents/Pico/pico-sdk/lib/tinyusb/src/device/usbd.c.obj
                0x1000684c                usbd_edpt_clear_stall
 .text.usbd_edpt_stalled
                0x1000688c       0x1c CMakeFiles/pico_education.dir/C_/Users/Suna/Documents/Pico/pico-sdk/lib/tinyusb/src/device/usbd.c.obj
                0x1000688c                usbd_edpt_stalled
 .text.process_control_request
                0x100068a8      0x3b8 CMakeFiles/pico_education.dir/C_/Users/Suna/Documents/Pico/pico-sdk/lib/tinyusb/src/device/usbd.c.obj
 .text.tud_task
                0x10006c60      0x218 CMakeFiles/pico_education.dir/C_/Users/Suna/Documents/Pico/pico-sdk/lib/tinyusb/src/device/usbd.c.obj
                0x10006c60                tud_task
 .text._data_stage_xact
                0x10006e78       0x58 CMakeFiles/pico_education.dir/C_/Users/Suna/Documents/Pico/pico-sdk/lib/tinyusb/src/device/usbd_control.c.obj
 .text.tud_control_status
                0x10006ed0       0x38 CMakeFiles/pico_education.dir/C_/Users/Suna/Documents/Pico/pico-sdk/lib/tinyusb/src/device/usbd_control.c.obj
                0x10006ed0                tud_control_status
 .text.tud_control_xfer
                0x10006f08       0xa8 CMakeFiles/pico_education.dir/C_/Users/Suna/Documents/Pico/pico-sdk/lib/tinyusb/src/device/usbd_control.c.obj
                0x10006f08                tud_control_xfer
 .text.usbd_control_reset
                0x10006fb0       0x14 CMakeFiles/pico_education.dir/C_/Users/Suna/Documents/Pico/pico-sdk/lib/tinyusb/src/device/usbd_control.c.obj
                0x10006fb0                usbd_control_reset
 .text.usbd_control_set_complete_callback
                0x10006fc4        0xc CMakeFiles/pico_education.dir/C_/Users/Suna/Documents/Pico/pico-sdk/lib/tinyusb/src/device/usbd_control.c.obj
                0x10006fc4                usbd_control_set_complete_callback
 .text.usbd_control_set_request
                0x10006fd0       0x1c CMakeFiles/pico_education.dir/C_/Users/Suna/Documents/Pico/pico-sdk/lib/tinyusb/src/device/usbd_control.c.obj
                0x10006fd0                usbd_control_set_request
 .text.usbd_control_xfer_cb
                0x10006fec       0xfc CMakeFiles/pico_education.dir/C_/Users/Suna/Documents/Pico/pico-sdk/lib/tinyusb/src/device/usbd_control.c.obj
                0x10006fec                usbd_control_xfer_cb
 .text._prep_out_transaction
                0x100070e8       0x46 CMakeFiles/pico_education.dir/C_/Users/Suna/Documents/Pico/pico-sdk/lib/tinyusb/src/class/cdc/cdc_device.c.obj
 *fill*         0x1000712e        0x2 
 .text.tud_cdc_n_connected
                0x10007130       0x44 CMakeFiles/pico_education.dir/C_/Users/Suna/Documents/Pico/pico-sdk/lib/tinyusb/src/class/cdc/cdc_device.c.obj
                0x10007130                tud_cdc_n_connected
 .text.tud_cdc_n_available
                0x10007174       0x18 CMakeFiles/pico_education.dir/C_/Users/Suna/Documents/Pico/pico-sdk/lib/tinyusb/src/class/cdc/cdc_device.c.obj
                0x10007174                tud_cdc_n_available
 .text.tud_cdc_n_read
                0x1000718c       0x28 CMakeFiles/pico_education.dir/C_/Users/Suna/Documents/Pico/pico-sdk/lib/tinyusb/src/class/cdc/cdc_device.c.obj
                0x1000718c                tud_cdc_n_read
 .text.tud_cdc_n_write_flush
                0x100071b4       0xcc CMakeFiles/pico_education.dir/C_/Users/Suna/Documents/Pico/pico-sdk/lib/tinyusb/src/class/cdc/cdc_device.c.obj
                0x100071b4                tud_cdc_n_write_flush
 .text.tud_cdc_n_write
                0x10007280       0x38 CMakeFiles/pico_education.dir/C_/Users/Suna/Documents/Pico/pico-sdk/lib/tinyusb/src/class/cdc/cdc_device.c.obj
                0x10007280                tud_cdc_n_write
 .text.tud_cdc_n_write_available
                0x100072b8       0x1c CMakeFiles/pico_education.dir/C_/Users/Suna/Documents/Pico/pico-sdk/lib/tinyusb/src/class/cdc/cdc_device.c.obj
                0x100072b8                tud_cdc_n_write_available
 .text.cdcd_init
                0x100072d4       0xbc CMakeFiles/pico_education.dir/C_/Users/Suna/Documents/Pico/pico-sdk/lib/tinyusb/src/class/cdc/cdc_device.c.obj
                0x100072d4                cdcd_init
 .text.cdcd_reset
                0x10007390       0x44 CMakeFiles/pico_education.dir/C_/Users/Suna/Documents/Pico/pico-sdk/lib/tinyusb/src/class/cdc/cdc_device.c.obj
                0x10007390                cdcd_reset
 .text.cdcd_open
                0x100073d4       0xf8 CMakeFiles/pico_education.dir/C_/Users/Suna/Documents/Pico/pico-sdk/lib/tinyusb/src/class/cdc/cdc_device.c.obj
                0x100073d4                cdcd_open
 .text.cdcd_control_xfer_cb
                0x100074cc      0x134 CMakeFiles/pico_education.dir/C_/Users/Suna/Documents/Pico/pico-sdk/lib/tinyusb/src/class/cdc/cdc_device.c.obj
                0x100074cc                cdcd_control_xfer_cb
 .text.cdcd_xfer_cb
                0x10007600      0x144 CMakeFiles/pico_education.dir/C_/Users/Suna/Documents/Pico/pico-sdk/lib/tinyusb/src/class/cdc/cdc_device.c.obj
                0x10007600                cdcd_xfer_cb
 .text.tusb_init
                0x10007744       0x24 CMakeFiles/pico_education.dir/C_/Users/Suna/Documents/Pico/pico-sdk/lib/tinyusb/src/tusb.c.obj
                0x10007744                tusb_init
 .text.tusb_inited
                0x10007768        0xe CMakeFiles/pico_education.dir/C_/Users/Suna/Documents/Pico/pico-sdk/lib/tinyusb/src/tusb.c.obj
                0x10007768                tusb_inited
 *fill*         0x10007776        0x2 
 .text.tu_edpt_validate
                0x10007778       0xa8 CMakeFiles/pico_education.dir/C_/Users/Suna/Documents/Pico/pico-sdk/lib/tinyusb/src/tusb.c.obj
                0x10007778                tu_edpt_validate
 .text.tu_edpt_bind_driver
                0x10007820       0x2a CMakeFiles/pico_education.dir/C_/Users/Suna/Documents/Pico/pico-sdk/lib/tinyusb/src/tusb.c.obj
                0x10007820                tu_edpt_bind_driver
 .text.advance_pointer
                0x1000784a       0x18 CMakeFiles/pico_education.dir/C_/Users/Suna/Documents/Pico/pico-sdk/lib/tinyusb/src/common/tusb_fifo.c.obj
 .text.backward_pointer
                0x10007862       0x1e CMakeFiles/pico_education.dir/C_/Users/Suna/Documents/Pico/pico-sdk/lib/tinyusb/src/common/tusb_fifo.c.obj
 .text.get_relative_pointer
                0x10007880       0x10 CMakeFiles/pico_education.dir/C_/Users/Suna/Documents/Pico/pico-sdk/lib/tinyusb/src/common/tusb_fifo.c.obj
 .text._tu_fifo_peek
                0x10007890       0x50 CMakeFiles/pico_education.dir/C_/Users/Suna/Documents/Pico/pico-sdk/lib/tinyusb/src/common/tusb_fifo.c.obj
 .text._ff_pull_const_addr
                0x100078e0       0x4c CMakeFiles/pico_education.dir/C_/Users/Suna/Documents/Pico/pico-sdk/lib/tinyusb/src/common/tusb_fifo.c.obj
 .text._ff_pull_n
                0x1000792c      0x10c CMakeFiles/pico_education.dir/C_/Users/Suna/Documents/Pico/pico-sdk/lib/tinyusb/src/common/tusb_fifo.c.obj
 .text._tu_fifo_peek_n
                0x10007a38       0x5e CMakeFiles/pico_education.dir/C_/Users/Suna/Documents/Pico/pico-sdk/lib/tinyusb/src/common/tusb_fifo.c.obj
 .text._tu_fifo_read_n
                0x10007a96       0x4e CMakeFiles/pico_education.dir/C_/Users/Suna/Documents/Pico/pico-sdk/lib/tinyusb/src/common/tusb_fifo.c.obj
 .text._ff_push_const_addr
                0x10007ae4       0x40 CMakeFiles/pico_education.dir/C_/Users/Suna/Documents/Pico/pico-sdk/lib/tinyusb/src/common/tusb_fifo.c.obj
 .text._ff_push_n
                0x10007b24      0x108 CMakeFiles/pico_education.dir/C_/Users/Suna/Documents/Pico/pico-sdk/lib/tinyusb/src/common/tusb_fifo.c.obj
 .text._tu_fifo_write_n
                0x10007c2c       0x9e CMakeFiles/pico_education.dir/C_/Users/Suna/Documents/Pico/pico-sdk/lib/tinyusb/src/common/tusb_fifo.c.obj
 .text.tu_fifo_config
                0x10007cca       0x72 CMakeFiles/pico_education.dir/C_/Users/Suna/Documents/Pico/pico-sdk/lib/tinyusb/src/common/tusb_fifo.c.obj
                0x10007cca                tu_fifo_config
 .text.tu_fifo_count
                0x10007d3c       0x26 CMakeFiles/pico_education.dir/C_/Users/Suna/Documents/Pico/pico-sdk/lib/tinyusb/src/common/tusb_fifo.c.obj
                0x10007d3c                tu_fifo_count
 .text.tu_fifo_empty
                0x10007d62       0x10 CMakeFiles/pico_education.dir/C_/Users/Suna/Documents/Pico/pico-sdk/lib/tinyusb/src/common/tusb_fifo.c.obj
                0x10007d62                tu_fifo_empty
 .text.tu_fifo_remaining
                0x10007d72       0x20 CMakeFiles/pico_education.dir/C_/Users/Suna/Documents/Pico/pico-sdk/lib/tinyusb/src/common/tusb_fifo.c.obj
                0x10007d72                tu_fifo_remaining
 .text.tu_fifo_read
                0x10007d92       0x42 CMakeFiles/pico_education.dir/C_/Users/Suna/Documents/Pico/pico-sdk/lib/tinyusb/src/common/tusb_fifo.c.obj
                0x10007d92                tu_fifo_read
 .text.tu_fifo_read_n
                0x10007dd4        0xa CMakeFiles/pico_education.dir/C_/Users/Suna/Documents/Pico/pico-sdk/lib/tinyusb/src/common/tusb_fifo.c.obj
                0x10007dd4                tu_fifo_read_n
 .text.tu_fifo_write
                0x10007dde       0x6c CMakeFiles/pico_education.dir/C_/Users/Suna/Documents/Pico/pico-sdk/lib/tinyusb/src/common/tusb_fifo.c.obj
                0x10007dde                tu_fifo_write
 .text.tu_fifo_write_n
                0x10007e4a        0xa CMakeFiles/pico_education.dir/C_/Users/Suna/Documents/Pico/pico-sdk/lib/tinyusb/src/common/tusb_fifo.c.obj
                0x10007e4a                tu_fifo_write_n
 .text.tu_fifo_clear
                0x10007e54       0x4c CMakeFiles/pico_education.dir/C_/Users/Suna/Documents/Pico/pico-sdk/lib/tinyusb/src/common/tusb_fifo.c.obj
                0x10007e54                tu_fifo_clear
 .text.tu_fifo_set_overwritable
                0x10007ea0       0x3c CMakeFiles/pico_education.dir/C_/Users/Suna/Documents/Pico/pico-sdk/lib/tinyusb/src/common/tusb_fifo.c.obj
                0x10007ea0                tu_fifo_set_overwritable
 .text._retrieve_unique_id_on_boot
                0x10007edc       0x10 CMakeFiles/pico_education.dir/C_/Users/Suna/Documents/Pico/pico-sdk/src/rp2_common/pico_unique_id/unique_id.c.obj
 .text.pico_get_unique_board_id_string
                0x10007eec       0x60 CMakeFiles/pico_education.dir/C_/Users/Suna/Documents/Pico/pico-sdk/src/rp2_common/pico_unique_id/unique_id.c.obj
                0x10007eec                pico_get_unique_board_id_string
 .text.flash_get_unique_id
                0x10007f4c       0x46 CMakeFiles/pico_education.dir/C_/Users/Suna/Documents/Pico/pico-sdk/src/rp2_common/hardware_flash/flash.c.obj
                0x10007f4c                flash_get_unique_id
 .text.i2c_write_blocking_internal
                0x10007f92      0x140 CMakeFiles/pico_education.dir/C_/Users/Suna/Documents/Pico/pico-sdk/src/rp2_common/hardware_i2c/i2c.c.obj
 *fill*         0x100080d2        0x2 
 .text.i2c_set_baudrate
                0x100080d4       0xf0 CMakeFiles/pico_education.dir/C_/Users/Suna/Documents/Pico/pico-sdk/src/rp2_common/hardware_i2c/i2c.c.obj
                0x100080d4                i2c_set_baudrate
 .text.i2c_init
                0x100081c4       0x58 CMakeFiles/pico_education.dir/C_/Users/Suna/Documents/Pico/pico-sdk/src/rp2_common/hardware_i2c/i2c.c.obj
                0x100081c4                i2c_init
 .text.i2c_write_blocking
                0x1000821c       0x18 CMakeFiles/pico_education.dir/C_/Users/Suna/Documents/Pico/pico-sdk/src/rp2_common/hardware_i2c/i2c.c.obj
                0x1000821c                i2c_write_blocking
 .text.adc_init
                0x10008234       0x34 CMakeFiles/pico_education.dir/C_/Users/Suna/Documents/Pico/pico-sdk/src/rp2_common/hardware_adc/adc.c.obj
                0x10008234                adc_init
 .text.strlen   0x10008268       0x5c c:/progra~2/gnuarm~1/102021~1.10/bin/../lib/gcc/arm-none-eabi/10.3.1/../../../../arm-none-eabi/lib/thumb/v6-m/nofp\libg.a(lib_a-strlen-stub.o)
                0x10008268                strlen
 *(.fini)
 .fini          0x100082c4        0x4 c:/progra~2/gnuarm~1/102021~1.10/bin/../lib/gcc/arm-none-eabi/10.3.1/thumb/v6-m/nofp/crti.o
                0x100082c4                _fini
 .fini.__stub   0x100082c8       0x70 linker stubs
 *crtbegin.o(.ctors)
 *crtbegin?.o(.ctors)
 *(EXCLUDE_FILE(*crtend.o *crtend?.o) .ctors)
 *(SORT_BY_NAME(.ctors.*))
 *(.ctors)
 *crtbegin.o(.dtors)
 *crtbegin?.o(.dtors)
 *(EXCLUDE_FILE(*crtend.o *crtend?.o) .dtors)
 *(SORT_BY_NAME(.dtors.*))
 *(.dtors)
 *(.eh_frame*)
 .eh_frame      0x10008338        0x0 c:/progra~2/gnuarm~1/102021~1.10/bin/../lib/gcc/arm-none-eabi/10.3.1/thumb/v6-m/nofp/crtbegin.o
                0x10008338                . = ALIGN (0x4)

.glue_7         0x10008338        0x0
 .glue_7        0x10008338        0x0 linker stubs

.glue_7t        0x10008338        0x0
 .glue_7t       0x10008338        0x0 linker stubs

.vfp11_veneer   0x10008338        0x0
 .vfp11_veneer  0x10008338        0x0 linker stubs

.v4_bx          0x10008338        0x0
 .v4_bx         0x10008338        0x0 linker stubs

.iplt           0x10008338        0x0
 .iplt          0x10008338        0x0 c:/progra~2/gnuarm~1/102021~1.10/bin/../lib/gcc/arm-none-eabi/10.3.1/thumb/v6-m/nofp/crtbegin.o

.rodata         0x10008338     0x1794
 *(EXCLUDE_FILE(*libm.a: *libc.a:*lib_a-mem*.o *libgcc.a:) .rodata*)
 .rodata.__bi_71.0
                0x10008338        0x8 CMakeFiles/pico_education.dir/lcd_1602a.c.obj
 .rodata.str1.4
                0x10008340       0x36 CMakeFiles/pico_education.dir/calendar.c.obj
 *fill*         0x10008376        0x2 
 .rodata.days_of_week_str
                0x10008378       0x1c CMakeFiles/pico_education.dir/calendar.c.obj
 .rodata.days_per_month
                0x10008394        0xc CMakeFiles/pico_education.dir/calendar.c.obj
 .rodata.days_per_month_leap_year
                0x100083a0        0xc CMakeFiles/pico_education.dir/calendar.c.obj
 .rodata.sw_gpio
                0x100083ac        0x8 CMakeFiles/pico_education.dir/sw.c.obj
 .rodata.mode_calendar_setting
                0x100083b4       0x14 CMakeFiles/pico_education.dir/mode.c.obj
 .rodata.display_calendar.str1.4
                0x100083c8       0x22 CMakeFiles/pico_education.dir/display.c.obj
 *fill*         0x100083ea        0x2 
 .rodata.display_temperature.str1.4
                0x100083ec        0x5 CMakeFiles/pico_education.dir/display.c.obj
                                  0xa (size before relaxing)
 *fill*         0x100083f1        0x3 
 .rodata.spin_lock_claim_unused.str1.4
                0x100083f4       0x1b CMakeFiles/pico_education.dir/C_/Users/Suna/Documents/Pico/pico-sdk/src/rp2_common/hardware_sync/sync.c.obj
 *fill*         0x1000840f        0x1 
 .rodata.repeating_timer_callback.str1.4
                0x10008410       0x56 CMakeFiles/pico_education.dir/C_/Users/Suna/Documents/Pico/pico-sdk/src/common/pico_time/time.c.obj
 *fill*         0x10008466        0x2 
 .rodata.alarm_pool_dump_key.str1.4
                0x10008468       0x33 CMakeFiles/pico_education.dir/C_/Users/Suna/Documents/Pico/pico-sdk/src/common/pico_time/time.c.obj
 *fill*         0x1000849b        0x1 
 .rodata.ph_add_child_node.str1.4
                0x1000849c       0xa2 CMakeFiles/pico_education.dir/C_/Users/Suna/Documents/Pico/pico-sdk/src/common/pico_time/time.c.obj
 *fill*         0x1000853e        0x2 
 .rodata.add_alarm_under_lock.str1.4
                0x10008540       0x28 CMakeFiles/pico_education.dir/C_/Users/Suna/Documents/Pico/pico-sdk/src/common/pico_time/time.c.obj
                                 0x2b (size before relaxing)
 .rodata.alarm_pool_alarm_callback.str1.4
                0x10008568       0xee CMakeFiles/pico_education.dir/C_/Users/Suna/Documents/Pico/pico-sdk/src/common/pico_time/time.c.obj
 *fill*         0x10008656        0x2 
 .rodata.alarm_pool_get_default.str1.4
                0x10008658       0x21 CMakeFiles/pico_education.dir/C_/Users/Suna/Documents/Pico/pico-sdk/src/common/pico_time/time.c.obj
 *fill*         0x10008679        0x3 
 .rodata.alarm_pool_cancel_alarm.str1.4
                0x1000867c       0x27 CMakeFiles/pico_education.dir/C_/Users/Suna/Documents/Pico/pico-sdk/src/common/pico_time/time.c.obj
 *fill*         0x100086a3        0x1 
 .rodata.sleep_until.str1.4
                0x100086a4       0x4d CMakeFiles/pico_education.dir/C_/Users/Suna/Documents/Pico/pico-sdk/src/common/pico_time/time.c.obj
 *fill*         0x100086f1        0x3 
 .rodata.__func__.0
                0x100086f4       0x19 CMakeFiles/pico_education.dir/C_/Users/Suna/Documents/Pico/pico-sdk/src/common/pico_time/time.c.obj
 *fill*         0x1000870d        0x3 
 .rodata.__func__.1
                0x10008710       0x18 CMakeFiles/pico_education.dir/C_/Users/Suna/Documents/Pico/pico-sdk/src/common/pico_time/time.c.obj
 .rodata.__func__.10
                0x10008728       0x15 CMakeFiles/pico_education.dir/C_/Users/Suna/Documents/Pico/pico-sdk/src/common/pico_time/time.c.obj
 *fill*         0x1000873d        0x3 
 .rodata.__func__.11
                0x10008740       0x1a CMakeFiles/pico_education.dir/C_/Users/Suna/Documents/Pico/pico-sdk/src/common/pico_time/time.c.obj
 *fill*         0x1000875a        0x2 
 .rodata.__func__.12
                0x1000875c        0xa CMakeFiles/pico_education.dir/C_/Users/Suna/Documents/Pico/pico-sdk/src/common/pico_time/time.c.obj
 *fill*         0x10008766        0x2 
 .rodata.__func__.3
                0x10008768       0x17 CMakeFiles/pico_education.dir/C_/Users/Suna/Documents/Pico/pico-sdk/src/common/pico_time/time.c.obj
 *fill*         0x1000877f        0x1 
 .rodata.__func__.4
                0x10008780       0x12 CMakeFiles/pico_education.dir/C_/Users/Suna/Documents/Pico/pico-sdk/src/common/pico_time/time.c.obj
 *fill*         0x10008792        0x2 
 .rodata.__func__.5
                0x10008794        0xd CMakeFiles/pico_education.dir/C_/Users/Suna/Documents/Pico/pico-sdk/src/common/pico_time/time.c.obj
 *fill*         0x100087a1        0x3 
 .rodata.__func__.6
                0x100087a4       0x12 CMakeFiles/pico_education.dir/C_/Users/Suna/Documents/Pico/pico-sdk/src/common/pico_time/time.c.obj
 *fill*         0x100087b6        0x2 
 .rodata.__func__.7
                0x100087b8        0xf CMakeFiles/pico_education.dir/C_/Users/Suna/Documents/Pico/pico-sdk/src/common/pico_time/time.c.obj
 *fill*         0x100087c7        0x1 
 .rodata.__func__.8
                0x100087c8        0xc CMakeFiles/pico_education.dir/C_/Users/Suna/Documents/Pico/pico-sdk/src/common/pico_time/time.c.obj
 .rodata.__func__.9
                0x100087d4       0x15 CMakeFiles/pico_education.dir/C_/Users/Suna/Documents/Pico/pico-sdk/src/common/pico_time/time.c.obj
 *fill*         0x100087e9        0x3 
 .rodata.hardware_alarm_claim.str1.4
                0x100087ec       0x22 CMakeFiles/pico_education.dir/C_/Users/Suna/Documents/Pico/pico-sdk/src/rp2_common/hardware_timer/timer.c.obj
 *fill*         0x1000880e        0x2 
 .rodata.hardware_alarm_set_target.str1.4
                0x10008810       0x70 CMakeFiles/pico_education.dir/C_/Users/Suna/Documents/Pico/pico-sdk/src/rp2_common/hardware_timer/timer.c.obj
 .rodata.__func__.0
                0x10008880       0x1a CMakeFiles/pico_education.dir/C_/Users/Suna/Documents/Pico/pico-sdk/src/rp2_common/hardware_timer/timer.c.obj
 *fill*         0x1000889a        0x2 
 .rodata.str1.4
                0x1000889c       0x95 CMakeFiles/pico_education.dir/C_/Users/Suna/Documents/Pico/pico-sdk/src/common/pico_sync/mutex.c.obj
                                0x101 (size before relaxing)
 *fill*         0x10008931        0x3 
 .rodata.__func__.1
                0x10008934        0xb CMakeFiles/pico_education.dir/C_/Users/Suna/Documents/Pico/pico-sdk/src/common/pico_sync/mutex.c.obj
 *fill*         0x1000893f        0x1 
 .rodata.__func__.3
                0x10008940       0x18 CMakeFiles/pico_education.dir/C_/Users/Suna/Documents/Pico/pico-sdk/src/common/pico_sync/mutex.c.obj
 .rodata.__func__.4
                0x10008958       0x15 CMakeFiles/pico_education.dir/C_/Users/Suna/Documents/Pico/pico-sdk/src/common/pico_sync/mutex.c.obj
 .rodata.ph_add_child_node.str1.4
                0x1000896d       0xa2 CMakeFiles/pico_education.dir/C_/Users/Suna/Documents/Pico/pico-sdk/src/common/pico_util/pheap.c.obj
 *fill*         0x1000896d        0x3 
 .rodata.ph_remove_any_head.str1.4
                0x10008970       0x98 CMakeFiles/pico_education.dir/C_/Users/Suna/Documents/Pico/pico-sdk/src/common/pico_util/pheap.c.obj
 .rodata.ph_remove_and_free_node.str1.4
                0x10008a08       0x26 CMakeFiles/pico_education.dir/C_/Users/Suna/Documents/Pico/pico-sdk/src/common/pico_util/pheap.c.obj
 *fill*         0x10008a2e        0x2 
 .rodata.__func__.0
                0x10008a30       0x18 CMakeFiles/pico_education.dir/C_/Users/Suna/Documents/Pico/pico-sdk/src/common/pico_util/pheap.c.obj
 .rodata.__func__.1
                0x10008a48       0x13 CMakeFiles/pico_education.dir/C_/Users/Suna/Documents/Pico/pico-sdk/src/common/pico_util/pheap.c.obj
 *fill*         0x10008a5b        0x1 
 .rodata.__func__.2
                0x10008a5c       0x12 CMakeFiles/pico_education.dir/C_/Users/Suna/Documents/Pico/pico-sdk/src/common/pico_util/pheap.c.obj
 *fill*         0x10008a6e        0x2 
 .rodata.__func__.3
                0x10008a70        0xc CMakeFiles/pico_education.dir/C_/Users/Suna/Documents/Pico/pico-sdk/src/common/pico_util/pheap.c.obj
 .rodata.__assert_func.str1.4
                0x10008a7c       0x3f CMakeFiles/pico_education.dir/C_/Users/Suna/Documents/Pico/pico-sdk/src/rp2_common/pico_runtime/runtime.c.obj
                                 0x43 (size before relaxing)
 *fill*         0x10008abb        0x1 
 .rodata.runtime_init.str1.4
                0x10008abc       0x6c CMakeFiles/pico_education.dir/C_/Users/Suna/Documents/Pico/pico-sdk/src/rp2_common/pico_runtime/runtime.c.obj
 .rodata.panic.str1.4
                0x10008b28       0x12 CMakeFiles/pico_education.dir/C_/Users/Suna/Documents/Pico/pico-sdk/src/rp2_common/pico_runtime/runtime.c.obj
 *fill*         0x10008b3a        0x2 
 .rodata.__func__.1
                0x10008b3c        0xd CMakeFiles/pico_education.dir/C_/Users/Suna/Documents/Pico/pico-sdk/src/rp2_common/pico_runtime/runtime.c.obj
 *fill*         0x10008b49        0x3 
 .rodata.clock_configure.str1.4
                0x10008b4c       0x62 CMakeFiles/pico_education.dir/C_/Users/Suna/Documents/Pico/pico-sdk/src/rp2_common/hardware_clocks/clocks.c.obj
 *fill*         0x10008bae        0x2 
 .rodata.__func__.1
                0x10008bb0       0x10 CMakeFiles/pico_education.dir/C_/Users/Suna/Documents/Pico/pico-sdk/src/rp2_common/hardware_clocks/clocks.c.obj
 .rodata.make_branch.str1.4
                0x10008bc0       0x58 CMakeFiles/pico_education.dir/C_/Users/Suna/Documents/Pico/pico-sdk/src/rp2_common/hardware_irq/irq.c.obj
 .rodata.irq_set_exclusive_handler.str1.4
                0x10008c18       0x36 CMakeFiles/pico_education.dir/C_/Users/Suna/Documents/Pico/pico-sdk/src/rp2_common/hardware_irq/irq.c.obj
 *fill*         0x10008c4e        0x2 
 .rodata.irq_add_shared_handler.str1.4
                0x10008c50       0xd9 CMakeFiles/pico_education.dir/C_/Users/Suna/Documents/Pico/pico-sdk/src/rp2_common/hardware_irq/irq.c.obj
 *fill*         0x10008d29        0x3 
 .rodata.irq_remove_handler.str1.4
                0x10008d2c       0x2a CMakeFiles/pico_education.dir/C_/Users/Suna/Documents/Pico/pico-sdk/src/rp2_common/hardware_irq/irq.c.obj
 *fill*         0x10008d56        0x2 
 .rodata.irq_add_tail_to_free_list.str1.4
                0x10008d58       0x32 CMakeFiles/pico_education.dir/C_/Users/Suna/Documents/Pico/pico-sdk/src/rp2_common/hardware_irq/irq.c.obj
                                 0x3a (size before relaxing)
 *fill*         0x10008d8a        0x2 
 .rodata.__func__.0
                0x10008d8c       0x1a CMakeFiles/pico_education.dir/C_/Users/Suna/Documents/Pico/pico-sdk/src/rp2_common/hardware_irq/irq.c.obj
 *fill*         0x10008da6        0x2 
 .rodata.__func__.1
                0x10008da8       0x17 CMakeFiles/pico_education.dir/C_/Users/Suna/Documents/Pico/pico-sdk/src/rp2_common/hardware_irq/irq.c.obj
 *fill*         0x10008dbf        0x1 
 .rodata.__func__.2
                0x10008dc0       0x13 CMakeFiles/pico_education.dir/C_/Users/Suna/Documents/Pico/pico-sdk/src/rp2_common/hardware_irq/irq.c.obj
 *fill*         0x10008dd3        0x1 
 .rodata.__func__.3
                0x10008dd4        0xc CMakeFiles/pico_education.dir/C_/Users/Suna/Documents/Pico/pico-sdk/src/rp2_common/hardware_irq/irq.c.obj
 .rodata.__func__.4
                0x10008de0        0xf CMakeFiles/pico_education.dir/C_/Users/Suna/Documents/Pico/pico-sdk/src/rp2_common/hardware_irq/irq.c.obj
 *fill*         0x10008def        0x1 
 .rodata.__func__.6
                0x10008df0       0x1a CMakeFiles/pico_education.dir/C_/Users/Suna/Documents/Pico/pico-sdk/src/rp2_common/hardware_irq/irq.c.obj
 *fill*         0x10008e0a        0x2 
 .rodata.pll_init.str1.4
                0x10008e0c       0xe3 CMakeFiles/pico_education.dir/C_/Users/Suna/Documents/Pico/pico-sdk/src/rp2_common/hardware_pll/pll.c.obj
 *fill*         0x10008eef        0x1 
 .rodata.__func__.0
                0x10008ef0        0x9 CMakeFiles/pico_education.dir/C_/Users/Suna/Documents/Pico/pico-sdk/src/rp2_common/hardware_pll/pll.c.obj
 *fill*         0x10008ef9        0x3 
 .rodata._ftoa.str1.4
                0x10008efc       0x15 CMakeFiles/pico_education.dir/C_/Users/Suna/Documents/Pico/pico-sdk/src/rp2_common/pico_printf/printf.c.obj
 *fill*         0x10008f11        0x3 
 .rodata._vsnprintf
                0x10008f14      0x1e0 CMakeFiles/pico_education.dir/C_/Users/Suna/Documents/Pico/pico-sdk/src/rp2_common/pico_printf/printf.c.obj
 *fill*         0x100090f4        0x4 
 .rodata.pow10.0
                0x100090f8       0x50 CMakeFiles/pico_education.dir/C_/Users/Suna/Documents/Pico/pico-sdk/src/rp2_common/pico_printf/printf.c.obj
 .rodata.__aeabi_double_init.str1.4
                0x10009148       0xb3 CMakeFiles/pico_education.dir/C_/Users/Suna/Documents/Pico/pico-sdk/src/rp2_common/pico_double/double_init_rom.c.obj
 *fill*         0x100091fb        0x1 
 .rodata.__func__.0
                0x100091fc       0x14 CMakeFiles/pico_education.dir/C_/Users/Suna/Documents/Pico/pico-sdk/src/rp2_common/pico_double/double_init_rom.c.obj
 .rodata.__aeabi_float_init.str1.4
                0x10009210       0x85 CMakeFiles/pico_education.dir/C_/Users/Suna/Documents/Pico/pico-sdk/src/rp2_common/pico_float/float_init_rom.c.obj
                                 0x89 (size before relaxing)
 *fill*         0x10009295        0x3 
 .rodata.__func__.0
                0x10009298       0x13 CMakeFiles/pico_education.dir/C_/Users/Suna/Documents/Pico/pico-sdk/src/rp2_common/pico_float/float_init_rom.c.obj
 *fill*         0x100092ab        0x1 
 .rodata.str1.4
                0x100092ac       0x44 CMakeFiles/pico_education.dir/C_/Users/Suna/Documents/Pico/pico-sdk/src/rp2_common/pico_standard_link/binary_info.c.obj
 .rodata.__bi_44
                0x100092f0        0xc CMakeFiles/pico_education.dir/C_/Users/Suna/Documents/Pico/pico-sdk/src/rp2_common/pico_standard_link/binary_info.c.obj
 .rodata.__bi_75
                0x100092fc        0xc CMakeFiles/pico_education.dir/C_/Users/Suna/Documents/Pico/pico-sdk/src/rp2_common/pico_standard_link/binary_info.c.obj
 .rodata.__bi_81
                0x10009308        0xc CMakeFiles/pico_education.dir/C_/Users/Suna/Documents/Pico/pico-sdk/src/rp2_common/pico_standard_link/binary_info.c.obj
 .rodata.crlf_str.3
                0x10009314        0x2 CMakeFiles/pico_education.dir/C_/Users/Suna/Documents/Pico/pico-sdk/src/rp2_common/pico_stdio/stdio.c.obj
 *fill*         0x10009316        0x2 
 .rodata._resetd_driver
                0x10009318       0x18 CMakeFiles/pico_education.dir/C_/Users/Suna/Documents/Pico/pico-sdk/src/rp2_common/pico_stdio_usb/reset_interface.c.obj
 .rodata.stdio_usb_init.str1.4
                0x10009330       0x6c CMakeFiles/pico_education.dir/C_/Users/Suna/Documents/Pico/pico-sdk/src/rp2_common/pico_stdio_usb/stdio_usb.c.obj
 .rodata.str1.4
                0x10009330       0x13 CMakeFiles/pico_education.dir/C_/Users/Suna/Documents/Pico/pico-sdk/src/rp2_common/pico_stdio_usb/stdio_usb.c.obj
 *fill*         0x10009343        0x1 
 .rodata.__bi_93.1
                0x10009344        0xc CMakeFiles/pico_education.dir/C_/Users/Suna/Documents/Pico/pico-sdk/src/rp2_common/pico_stdio_usb/stdio_usb.c.obj
 .rodata.__func__.0
                0x10009350       0x15 CMakeFiles/pico_education.dir/C_/Users/Suna/Documents/Pico/pico-sdk/src/rp2_common/pico_stdio_usb/stdio_usb.c.obj
 *fill*         0x10009365        0x3 
 .rodata.str1.4
                0x10009368       0x2a CMakeFiles/pico_education.dir/C_/Users/Suna/Documents/Pico/pico-sdk/src/rp2_common/pico_stdio_usb/stdio_usb_descriptors.c.obj
 *fill*         0x10009392        0x2 
 .rodata.usbd_desc_cfg
                0x10009394       0x54 CMakeFiles/pico_education.dir/C_/Users/Suna/Documents/Pico/pico-sdk/src/rp2_common/pico_stdio_usb/stdio_usb_descriptors.c.obj
 .rodata.usbd_desc_device
                0x100093e8       0x12 CMakeFiles/pico_education.dir/C_/Users/Suna/Documents/Pico/pico-sdk/src/rp2_common/pico_stdio_usb/stdio_usb_descriptors.c.obj
 *fill*         0x100093fa        0x2 
 .rodata.usbd_desc_str
                0x100093fc       0x18 CMakeFiles/pico_education.dir/C_/Users/Suna/Documents/Pico/pico-sdk/src/rp2_common/pico_stdio_usb/stdio_usb_descriptors.c.obj
 .rodata._hw_endpoint_alloc.str1.4
                0x10009414       0xc1 CMakeFiles/pico_education.dir/C_/Users/Suna/Documents/Pico/pico-sdk/lib/tinyusb/src/portable/raspberrypi/rp2040/dcd_rp2040.c.obj
 *fill*         0x100094d5        0x3 
 .rodata.dcd_rp2040_irq.str1.4
                0x100094d8       0x14 CMakeFiles/pico_education.dir/C_/Users/Suna/Documents/Pico/pico-sdk/lib/tinyusb/src/portable/raspberrypi/rp2040/dcd_rp2040.c.obj
 .rodata.dcd_int_enable.str1.4
                0x100094ec        0xc CMakeFiles/pico_education.dir/C_/Users/Suna/Documents/Pico/pico-sdk/lib/tinyusb/src/portable/raspberrypi/rp2040/dcd_rp2040.c.obj
 .rodata.__func__.0
                0x100094f8        0xe CMakeFiles/pico_education.dir/C_/Users/Suna/Documents/Pico/pico-sdk/lib/tinyusb/src/portable/raspberrypi/rp2040/dcd_rp2040.c.obj
 *fill*         0x10009506        0x2 
 .rodata.__func__.1
                0x10009508        0xe CMakeFiles/pico_education.dir/C_/Users/Suna/Documents/Pico/pico-sdk/lib/tinyusb/src/portable/raspberrypi/rp2040/dcd_rp2040.c.obj
 *fill*         0x10009516        0x2 
 .rodata.__func__.3
                0x10009518       0x10 CMakeFiles/pico_education.dir/C_/Users/Suna/Documents/Pico/pico-sdk/lib/tinyusb/src/portable/raspberrypi/rp2040/dcd_rp2040.c.obj
 .rodata.__func__.5
                0x10009528        0xf CMakeFiles/pico_education.dir/C_/Users/Suna/Documents/Pico/pico-sdk/lib/tinyusb/src/portable/raspberrypi/rp2040/dcd_rp2040.c.obj
 *fill*         0x10009537        0x1 
 .rodata.__func__.6
                0x10009538       0x13 CMakeFiles/pico_education.dir/C_/Users/Suna/Documents/Pico/pico-sdk/lib/tinyusb/src/portable/raspberrypi/rp2040/dcd_rp2040.c.obj
 *fill*         0x1000954b        0x1 
 .rodata.__func__.7
                0x1000954c        0x9 CMakeFiles/pico_education.dir/C_/Users/Suna/Documents/Pico/pico-sdk/lib/tinyusb/src/portable/raspberrypi/rp2040/dcd_rp2040.c.obj
 *fill*         0x10009555        0x3 
 .rodata.sync_ep_buffer.str1.4
                0x10009558       0x9d CMakeFiles/pico_education.dir/C_/Users/Suna/Documents/Pico/pico-sdk/lib/tinyusb/src/portable/raspberrypi/rp2040/rp2040_usb.c.obj
 *fill*         0x100095f5        0x3 
 .rodata._hw_endpoint_buffer_control_update32.str1.4
                0x100095f8       0x1f CMakeFiles/pico_education.dir/C_/Users/Suna/Documents/Pico/pico-sdk/lib/tinyusb/src/portable/raspberrypi/rp2040/rp2040_usb.c.obj
 *fill*         0x10009617        0x1 
 .rodata.hw_endpoint_xfer_start.str1.4
                0x10009618       0x38 CMakeFiles/pico_education.dir/C_/Users/Suna/Documents/Pico/pico-sdk/lib/tinyusb/src/portable/raspberrypi/rp2040/rp2040_usb.c.obj
 .rodata.hw_endpoint_xfer_continue.str1.4
                0x10009650       0x29 CMakeFiles/pico_education.dir/C_/Users/Suna/Documents/Pico/pico-sdk/lib/tinyusb/src/portable/raspberrypi/rp2040/rp2040_usb.c.obj
 *fill*         0x10009679        0x3 
 .rodata.str1.4
                0x1000967c        0x7 CMakeFiles/pico_education.dir/C_/Users/Suna/Documents/Pico/pico-sdk/lib/tinyusb/src/portable/raspberrypi/rp2040/rp2040_usb.c.obj
 *fill*         0x10009683        0x1 
 .rodata.__func__.0
                0x10009684        0xf CMakeFiles/pico_education.dir/C_/Users/Suna/Documents/Pico/pico-sdk/lib/tinyusb/src/portable/raspberrypi/rp2040/rp2040_usb.c.obj
 *fill*         0x10009693        0x1 
 .rodata.process_set_config.str1.4
                0x10009694       0x17 CMakeFiles/pico_education.dir/C_/Users/Suna/Documents/Pico/pico-sdk/lib/tinyusb/src/device/usbd.c.obj